Archive member included to satisfy reference by file (symbol)

C:/ST/STM32CubeIDE_1.19.0/STM32CubeIDE/plugins/com.st.stm32cube.ide.mcu.externaltools.gnu-tools-for-stm32.13.3.rel1.win32_1.0.0.202411081344/tools/bin/../lib/gcc/arm-none-eabi/13.3.1/../../../../arm-none-eabi/lib/thumb/v7e-m+fp/hard\libc_nano.a(libc_a-exit.o)
                              C:/ST/STM32CubeIDE_1.19.0/STM32CubeIDE/plugins/com.st.stm32cube.ide.mcu.externaltools.gnu-tools-for-stm32.13.3.rel1.win32_1.0.0.202411081344/tools/bin/../lib/gcc/arm-none-eabi/13.3.1/../../../../arm-none-eabi/lib/thumb/v7e-m+fp/hard/crt0.o (exit)
C:/ST/STM32CubeIDE_1.19.0/STM32CubeIDE/plugins/com.st.stm32cube.ide.mcu.externaltools.gnu-tools-for-stm32.13.3.rel1.win32_1.0.0.202411081344/tools/bin/../lib/gcc/arm-none-eabi/13.3.1/../../../../arm-none-eabi/lib/thumb/v7e-m+fp/hard\libc_nano.a(libc_a-rand.o)
                              ./BlueNRG_2/App/app_bluenrg_2.o (srand)
C:/ST/STM32CubeIDE_1.19.0/STM32CubeIDE/plugins/com.st.stm32cube.ide.mcu.externaltools.gnu-tools-for-stm32.13.3.rel1.win32_1.0.0.202411081344/tools/bin/../lib/gcc/arm-none-eabi/13.3.1/../../../../arm-none-eabi/lib/thumb/v7e-m+fp/hard\libc_nano.a(libc_a-findfp.o)
                              C:/ST/STM32CubeIDE_1.19.0/STM32CubeIDE/plugins/com.st.stm32cube.ide.mcu.externaltools.gnu-tools-for-stm32.13.3.rel1.win32_1.0.0.202411081344/tools/bin/../lib/gcc/arm-none-eabi/13.3.1/../../../../arm-none-eabi/lib/thumb/v7e-m+fp/hard\libc_nano.a(libc_a-exit.o) (__stdio_exit_handler)
C:/ST/STM32CubeIDE_1.19.0/STM32CubeIDE/plugins/com.st.stm32cube.ide.mcu.externaltools.gnu-tools-for-stm32.13.3.rel1.win32_1.0.0.202411081344/tools/bin/../lib/gcc/arm-none-eabi/13.3.1/../../../../arm-none-eabi/lib/thumb/v7e-m+fp/hard\libc_nano.a(libc_a-fwalk.o)
                              C:/ST/STM32CubeIDE_1.19.0/STM32CubeIDE/plugins/com.st.stm32cube.ide.mcu.externaltools.gnu-tools-for-stm32.13.3.rel1.win32_1.0.0.202411081344/tools/bin/../lib/gcc/arm-none-eabi/13.3.1/../../../../arm-none-eabi/lib/thumb/v7e-m+fp/hard\libc_nano.a(libc_a-findfp.o) (_fwalk_sglue)
C:/ST/STM32CubeIDE_1.19.0/STM32CubeIDE/plugins/com.st.stm32cube.ide.mcu.externaltools.gnu-tools-for-stm32.13.3.rel1.win32_1.0.0.202411081344/tools/bin/../lib/gcc/arm-none-eabi/13.3.1/../../../../arm-none-eabi/lib/thumb/v7e-m+fp/hard\libc_nano.a(libc_a-stdio.o)
                              C:/ST/STM32CubeIDE_1.19.0/STM32CubeIDE/plugins/com.st.stm32cube.ide.mcu.externaltools.gnu-tools-for-stm32.13.3.rel1.win32_1.0.0.202411081344/tools/bin/../lib/gcc/arm-none-eabi/13.3.1/../../../../arm-none-eabi/lib/thumb/v7e-m+fp/hard\libc_nano.a(libc_a-findfp.o) (__sread)
C:/ST/STM32CubeIDE_1.19.0/STM32CubeIDE/plugins/com.st.stm32cube.ide.mcu.externaltools.gnu-tools-for-stm32.13.3.rel1.win32_1.0.0.202411081344/tools/bin/../lib/gcc/arm-none-eabi/13.3.1/../../../../arm-none-eabi/lib/thumb/v7e-m+fp/hard\libc_nano.a(libc_a-memset.o)
                              C:/ST/STM32CubeIDE_1.19.0/STM32CubeIDE/plugins/com.st.stm32cube.ide.mcu.externaltools.gnu-tools-for-stm32.13.3.rel1.win32_1.0.0.202411081344/tools/bin/../lib/gcc/arm-none-eabi/13.3.1/../../../../arm-none-eabi/lib/thumb/v7e-m+fp/hard/crt0.o (memset)
C:/ST/STM32CubeIDE_1.19.0/STM32CubeIDE/plugins/com.st.stm32cube.ide.mcu.externaltools.gnu-tools-for-stm32.13.3.rel1.win32_1.0.0.202411081344/tools/bin/../lib/gcc/arm-none-eabi/13.3.1/../../../../arm-none-eabi/lib/thumb/v7e-m+fp/hard\libc_nano.a(libc_a-closer.o)
                              C:/ST/STM32CubeIDE_1.19.0/STM32CubeIDE/plugins/com.st.stm32cube.ide.mcu.externaltools.gnu-tools-for-stm32.13.3.rel1.win32_1.0.0.202411081344/tools/bin/../lib/gcc/arm-none-eabi/13.3.1/../../../../arm-none-eabi/lib/thumb/v7e-m+fp/hard\libc_nano.a(libc_a-stdio.o) (_close_r)
C:/ST/STM32CubeIDE_1.19.0/STM32CubeIDE/plugins/com.st.stm32cube.ide.mcu.externaltools.gnu-tools-for-stm32.13.3.rel1.win32_1.0.0.202411081344/tools/bin/../lib/gcc/arm-none-eabi/13.3.1/../../../../arm-none-eabi/lib/thumb/v7e-m+fp/hard\libc_nano.a(libc_a-reent.o)
                              C:/ST/STM32CubeIDE_1.19.0/STM32CubeIDE/plugins/com.st.stm32cube.ide.mcu.externaltools.gnu-tools-for-stm32.13.3.rel1.win32_1.0.0.202411081344/tools/bin/../lib/gcc/arm-none-eabi/13.3.1/../../../../arm-none-eabi/lib/thumb/v7e-m+fp/hard\libc_nano.a(libc_a-closer.o) (errno)
C:/ST/STM32CubeIDE_1.19.0/STM32CubeIDE/plugins/com.st.stm32cube.ide.mcu.externaltools.gnu-tools-for-stm32.13.3.rel1.win32_1.0.0.202411081344/tools/bin/../lib/gcc/arm-none-eabi/13.3.1/../../../../arm-none-eabi/lib/thumb/v7e-m+fp/hard\libc_nano.a(libc_a-impure.o)
                              C:/ST/STM32CubeIDE_1.19.0/STM32CubeIDE/plugins/com.st.stm32cube.ide.mcu.externaltools.gnu-tools-for-stm32.13.3.rel1.win32_1.0.0.202411081344/tools/bin/../lib/gcc/arm-none-eabi/13.3.1/../../../../arm-none-eabi/lib/thumb/v7e-m+fp/hard\libc_nano.a(libc_a-rand.o) (_impure_ptr)
[...]
Memory Configuration

Name             Origin             Length             Attributes
RAM              0x20000000         0x00008000         xrw
FLASH            0x08000000         0x00020000         xr
*default*        0x00000000         0xffffffff

Linker script and memory map

LOAD C:/ST/STM32CubeIDE_1.19.0/STM32CubeIDE/plugins/com.st.stm32cube.ide.mcu.externaltools.gnu-tools-for-stm32.13.3.rel1.win32_1.0.0.202411081344/tools/bin/../lib/gcc/arm-none-eabi/13.3.1/thumb/v7e-m+fp/hard/crti.o
LOAD C:/ST/STM32CubeIDE_1.19.0/STM32CubeIDE/plugins/com.st.stm32cube.ide.mcu.externaltools.gnu-tools-for-stm32.13.3.rel1.win32_1.0.0.202411081344/tools/bin/../lib/gcc/arm-none-eabi/13.3.1/thumb/v7e-m+fp/hard/crtbegin.o
LOAD C:/ST/STM32CubeIDE_1.19.0/STM32CubeIDE/plugins/com.st.stm32cube.ide.mcu.externaltools.gnu-tools-for-stm32.13.3.rel1.win32_1.0.0.202411081344/tools/bin/../lib/gcc/arm-none-eabi/13.3.1/../../../../arm-none-eabi/lib/thumb/v7e-m+fp/hard/crt0.o
LOAD ./BlueNRG_2/App/OTA.o
LOAD ./BlueNRG_2/App/app_bluenrg_2.o
LOAD ./BlueNRG_2/App/gatt_db.o
LOAD ./BlueNRG_2/App/sensor.o
LOAD ./BlueNRG_2/App/target_platform.o
LOAD ./BlueNRG_2/Target/hci_tl_interface.o
LOAD ./Core/Src/custom_bus.o
LOAD ./Core/Src/main.o
LOAD ./Core/Src/stm32g4xx_hal_msp.o
LOAD ./Core/Src/stm32g4xx_it.o
LOAD ./Core/Src/syscalls.o
LOAD ./Core/Src/sysmem.o
LOAD ./Core/Src/system_stm32g4xx.o
LOAD ./Core/Startup/startup_stm32g431rbtx.o
LOAD ./Drivers/BSP/custom/custom.o
LOAD ./Drivers/STM32G4xx_HAL_Driver/Src/stm32g4xx_hal.o
LOAD ./Drivers/STM32G4xx_HAL_Driver/Src/stm32g4xx_hal_cortex.o
LOAD ./Drivers/STM32G4xx_HAL_Driver/Src/stm32g4xx_hal_dma.o
LOAD ./Drivers/STM32G4xx_HAL_Driver/Src/stm32g4xx_hal_dma_ex.o
LOAD ./Drivers/STM32G4xx_HAL_Driver/Src/stm32g4xx_hal_exti.o
LOAD ./Drivers/STM32G4xx_HAL_Driver/Src/stm32g4xx_hal_flash.o
LOAD ./Drivers/STM32G4xx_HAL_Driver/Src/stm32g4xx_hal_flash_ex.o
LOAD ./Drivers/STM32G4xx_HAL_Driver/Src/stm32g4xx_hal_flash_ramfunc.o
LOAD ./Drivers/STM32G4xx_HAL_Driver/Src/stm32g4xx_hal_gpio.o
LOAD ./Drivers/STM32G4xx_HAL_Driver/Src/stm32g4xx_hal_pwr.o
LOAD ./Drivers/STM32G4xx_HAL_Driver/Src/stm32g4xx_hal_pwr_ex.o
LOAD ./Drivers/STM32G4xx_HAL_Driver/Src/stm32g4xx_hal_rcc.o
LOAD ./Drivers/STM32G4xx_HAL_Driver/Src/stm32g4xx_hal_rcc_ex.o
LOAD ./Drivers/STM32G4xx_HAL_Driver/Src/stm32g4xx_hal_spi.o
LOAD ./Drivers/STM32G4xx_HAL_Driver/Src/stm32g4xx_hal_spi_ex.o
LOAD ./Drivers/STM32G4xx_HAL_Driver/Src/stm32g4xx_hal_uart.o
LOAD ./Drivers/STM32G4xx_HAL_Driver/Src/stm32g4xx_hal_uart_ex.o
LOAD ./Middlewares/ST/BlueNRG-2/hci/bluenrg1_devConfig.o
LOAD ./Middlewares/ST/BlueNRG-2/hci/bluenrg1_events.o
LOAD ./Middlewares/ST/BlueNRG-2/hci/bluenrg1_events_cb.o
LOAD ./Middlewares/ST/BlueNRG-2/hci/bluenrg1_hci_le.o
LOAD ./Middlewares/ST/BlueNRG-2/hci/controller/bluenrg1_gap_aci.o
LOAD ./Middlewares/ST/BlueNRG-2/hci/controller/bluenrg1_gatt_aci.o
LOAD ./Middlewares/ST/BlueNRG-2/hci/controller/bluenrg1_hal_aci.o
LOAD ./Middlewares/ST/BlueNRG-2/hci/controller/bluenrg1_l2cap_aci.o
LOAD ./Middlewares/ST/BlueNRG-2/hci/hci_tl_patterns/Basic/hci_tl.o
LOAD ./Middlewares/ST/BlueNRG-2/utils/ble_list.o
START GROUP
LOAD C:/ST/STM32CubeIDE_1.19.0/STM32CubeIDE/plugins/com.st.stm32cube.ide.mcu.externaltools.gnu-tools-for-stm32.13.3.rel1.win32_1.0.0.202411081344/tools/bin/../lib/gcc/arm-none-eabi/13.3.1/../../../../arm-none-eabi/lib/thumb/v7e-m+fp/hard\libc_nano.a
LOAD C:/ST/STM32CubeIDE_1.19.0/STM32CubeIDE/plugins/com.st.stm32cube.ide.mcu.externaltools.gnu-tools-for-stm32.13.3.rel1.win32_1.0.0.202411081344/tools/bin/../lib/gcc/arm-none-eabi/13.3.1/../../../../arm-none-eabi/lib/thumb/v7e-m+fp/hard\libm.a
END GROUP
START GROUP
LOAD C:/ST/STM32CubeIDE_1.19.0/STM32CubeIDE/plugins/com.st.stm32cube.ide.mcu.externaltools.gnu-tools-for-stm32.13.3.rel1.win32_1.0.0.202411081344/tools/bin/../lib/gcc/arm-none-eabi/13.3.1/thumb/v7e-m+fp/hard\libgcc.a
LOAD C:/ST/STM32CubeIDE_1.19.0/STM32CubeIDE/plugins/com.st.stm32cube.ide.mcu.externaltools.gnu-tools-for-stm32.13.3.rel1.win32_1.0.0.202411081344/tools/bin/../lib/gcc/arm-none-eabi/13.3.1/../../../../arm-none-eabi/lib/thumb/v7e-m+fp/hard\libc_nano.a
END GROUP
START GROUP
LOAD C:/ST/STM32CubeIDE_1.19.0/STM32CubeIDE/plugins/com.st.stm32cube.ide.mcu.externaltools.gnu-tools-for-stm32.13.3.rel1.win32_1.0.0.202411081344/tools/bin/../lib/gcc/arm-none-eabi/13.3.1/thumb/v7e-m+fp/hard\libgcc.a
LOAD C:/ST/STM32CubeIDE_1.19.0/STM32CubeIDE/plugins/com.st.stm32cube.ide.mcu.externaltools.gnu-tools-for-stm32.13.3.rel1.win32_1.0.0.202411081344/tools/bin/../lib/gcc/arm-none-eabi/13.3.1/../../../../arm-none-eabi/lib/thumb/v7e-m+fp/hard\libc_nano.a
LOAD C:/ST/STM32CubeIDE_1.19.0/STM32CubeIDE/plugins/com.st.stm32cube.ide.mcu.externaltools.gnu-tools-for-stm32.13.3.rel1.win32_1.0.0.202411081344/tools/bin/../lib/gcc/arm-none-eabi/13.3.1/../../../../arm-none-eabi/lib/thumb/v7e-m+fp/hard\libnosys.a
END GROUP
START GROUP
LOAD C:/ST/STM32CubeIDE_1.19.0/STM32CubeIDE/plugins/com.st.stm32cube.ide.mcu.externaltools.gnu-tools-for-stm32.13.3.rel1.win32_1.0.0.202411081344/tools/bin/../lib/gcc/arm-none-eabi/13.3.1/thumb/v7e-m+fp/hard\libgcc.a
LOAD C:/ST/STM32CubeIDE_1.19.0/STM32CubeIDE/plugins/com.st.stm32cube.ide.mcu.externaltools.gnu-tools-for-stm32.13.3.rel1.win32_1.0.0.202411081344/tools/bin/../lib/gcc/arm-none-eabi/13.3.1/../../../../arm-none-eabi/lib/thumb/v7e-m+fp/hard\libc_nano.a
LOAD C:/ST/STM32CubeIDE_1.19.0/STM32CubeIDE/plugins/com.st.stm32cube.ide.mcu.externaltools.gnu-tools-for-stm32.13.3.rel1.win32_1.0.0.202411081344/tools/bin/../lib/gcc/arm-none-eabi/13.3.1/../../../../arm-none-eabi/lib/thumb/v7e-m+fp/hard\libnosys.a
END GROUP
LOAD C:/ST/STM32CubeIDE_1.19.0/STM32CubeIDE/plugins/com.st.stm32cube.ide.mcu.externaltools.gnu-tools-for-stm32.13.3.rel1.win32_1.0.0.202411081344/tools/bin/../lib/gcc/arm-none-eabi/13.3.1/thumb/v7e-m+fp/hard/crtend.o
LOAD C:/ST/STM32CubeIDE_1.19.0/STM32CubeIDE/plugins/com.st.stm32cube.ide.mcu.externaltools.gnu-tools-for-stm32.13.3.rel1.win32_1.0.0.202411081344/tools/bin/../lib/gcc/arm-none-eabi/13.3.1/thumb/v7e-m+fp/hard/crtn.o
                0x20008000                        _estack = (ORIGIN (RAM) + LENGTH (RAM))
                0x00000200                        _Min_Heap_Size = 0x200
                0x00000d00                        _Min_Stack_Size = 0xd00

.isr_vector     0x08000000      0x1d8
                0x08000000                        . = ALIGN (0x4)
 *(.isr_vector)
 .isr_vector    0x08000000      0x1d8 ./Core/Startup/startup_stm32g431rbtx.o
                0x08000000                g_pfnVectors
                0x080001d8                        . = ALIGN (0x4)

.text           0x080001e0     0xa96c
                0x080001e0                        . = ALIGN (0x4)
 *(.text)
 .text          0x080001e0       0x40 C:/ST/STM32CubeIDE_1.19.0/STM32CubeIDE/plugins/com.st.stm32cube.ide.mcu.externaltools.gnu-tools-for-stm32.13.3.rel1.win32_1.0.0.202411081344/tools/bin/../lib/gcc/arm-none-eabi/13.3.1/thumb/v7e-m+fp/hard/crtbegin.o
 .text          0x08000220       0xa0 C:/ST/STM32CubeIDE_1.19.0/STM32CubeIDE/plugins/com.st.stm32cube.ide.mcu.externaltools.gnu-tools-for-stm32.13.3.rel1.win32_1.0.0.202411081344/tools/bin/../lib/gcc/arm-none-eabi/13.3.1/../../../../arm-none-eabi/lib/thumb/v7e-m+fp/hard\libc_nano.a(libc_a-memchr.o)
                0x08000220                memchr
 .text          0x080002c0      0x378 C:/ST/STM32CubeIDE_1.19.0/STM32CubeIDE/plugins/com.st.stm32cube.ide.mcu.externaltools.gnu-tools-for-stm32.13.3.rel1.win32_1.0.0.202411081344/tools/bin/../lib/gcc/arm-none-eabi/13.3.1/thumb/v7e-m+fp/hard\libgcc.a(_arm_addsubdf3.o)
                0x080002c0                __aeabi_drsub
                0x080002c8                __aeabi_dsub
                0x080002c8                __subdf3
                0x080002cc                __aeabi_dadd
                0x080002cc                __adddf3
                0x08000544                __floatunsidf
                0x08000544                __aeabi_ui2d
                0x08000564                __floatsidf
                0x08000564                __aeabi_i2d
                0x08000588                __aeabi_f2d
                0x08000588                __extendsfdf2
                0x080005cc                __floatundidf
                0x080005cc                __aeabi_ul2d
                0x080005dc                __floatdidf
                0x080005dc                __aeabi_l2d
 .text          0x08000638       0xa0 C:/ST/STM32CubeIDE_1.19.0/STM32CubeIDE/plugins/com.st.stm32cube.ide.mcu.externaltools.gnu-tools-for-stm32.13.3.rel1.win32_1.0.0.202411081344/tools/bin/../lib/gcc/arm-none-eabi/13.3.1/thumb/v7e-m+fp/hard\libgcc.a(_arm_truncdfsf2.o)
                0x08000638                __truncdfsf2
                0x08000638                __aeabi_d2f
 .text          0x080006d8       0x30 C:/ST/STM32CubeIDE_1.19.0/STM32CubeIDE/plugins/com.st.stm32cube.ide.mcu.externaltools.gnu-tools-for-stm32.13.3.rel1.win32_1.0.0.202411081344/tools/bin/../lib/gcc/arm-none-eabi/13.3.1/thumb/v7e-m+fp/hard\libgcc.a(_aeabi_uldivmod.o)
                0x080006d8                __aeabi_uldivmod
 .text          0x08000708      0x2f8 C:/ST/STM32CubeIDE_1.19.0/STM32CubeIDE/plugins/com.st.stm32cube.ide.mcu.externaltools.gnu-tools-for-stm32.13.3.rel1.win32_1.0.0.202411081344/tools/bin/../lib/gcc/arm-none-eabi/13.3.1/thumb/v7e-m+fp/hard\libgcc.a(_udivmoddi4.o)
                0x08000708                __udivmoddi4
 .text          0x08000a00        0x4 C:/ST/STM32CubeIDE_1.19.0/STM32CubeIDE/plugins/com.st.stm32cube.ide.mcu.externaltools.gnu-tools-for-stm32.13.3.rel1.win32_1.0.0.202411081344/tools/bin/../lib/gcc/arm-none-eabi/13.3.1/thumb/v7e-m+fp/hard\libgcc.a(_dvmd_tls.o)
                0x08000a00                __aeabi_idiv0
                0x08000a00                __aeabi_ldiv0
 *(.text*)
 .text.MX_BlueNRG_2_Init
                0x08000a04       0x48 ./BlueNRG_2/App/app_bluenrg_2.o
                0x08000a04                MX_BlueNRG_2_Init
 .text.MX_BlueNRG_2_Process
                0x08000a4c       0x10 ./BlueNRG_2/App/app_bluenrg_2.o
                0x08000a4c                MX_BlueNRG_2_Process
 .text.User_Init
                0x08000a5c       0x1c ./BlueNRG_2/App/app_bluenrg_2.o
 .text.Sensor_DeviceInit
                0x08000a78      0x144 ./BlueNRG_2/App/app_bluenrg_2.o
 .text.User_Process
                0x08000bbc      0x15c ./BlueNRG_2/App/app_bluenrg_2.o
 .text.Set_Random_Environmental_Values
                0x08000d18      0x100 ./BlueNRG_2/App/app_bluenrg_2.o
 .text.Set_Random_Motion_Values
                0x08000e18     0x10dc ./BlueNRG_2/App/app_bluenrg_2.o
 .text.Reset_Motion_Values
                0x08001ef4      0x1d4 ./BlueNRG_2/App/app_bluenrg_2.o
 .text.getBlueNRGVersion
                0x080020c8       0x84 ./BlueNRG_2/App/app_bluenrg_2.o
                0x080020c8                getBlueNRGVersion
 .text.BSP_PB_Callback
                0x0800214c       0x20 ./BlueNRG_2/App/app_bluenrg_2.o
                0x0800214c                BSP_PB_Callback
 .text.hci_le_connection_complete_event
                0x0800216c       0x54 ./BlueNRG_2/App/app_bluenrg_2.o
                0x0800216c                hci_le_connection_complete_event
 .text.hci_disconnection_complete_event
                0x080021c0       0x54 ./BlueNRG_2/App/app_bluenrg_2.o
                0x080021c0                hci_disconnection_complete_event
 .text.aci_gatt_read_permit_req_event
                0x08002214       0x22 ./BlueNRG_2/App/app_bluenrg_2.o
                0x08002214                aci_gatt_read_permit_req_event
 .text.aci_gatt_attribute_modified_event
                0x08002236       0x3a ./BlueNRG_2/App/app_bluenrg_2.o
                0x08002236                aci_gatt_attribute_modified_event
 .text.aci_gap_pass_key_req_event
                0x08002270       0x2c ./BlueNRG_2/App/app_bluenrg_2.o
                0x08002270                aci_gap_pass_key_req_event
 .text.aci_gap_pairing_complete_event
                0x0800229c       0x30 ./BlueNRG_2/App/app_bluenrg_2.o
                0x0800229c                aci_gap_pairing_complete_event
 .text.Add_HWServW2ST_Service
                0x080022cc      0x1b4 ./BlueNRG_2/App/gatt_db.o
                0x080022cc                Add_HWServW2ST_Service
 .text.Add_SWServW2ST_Service
                0x08002480      0x120 ./BlueNRG_2/App/gatt_db.o
                0x08002480                Add_SWServW2ST_Service
 .text.Environmental_Update
                0x080025a0       0x8c ./BlueNRG_2/App/gatt_db.o
                0x080025a0                Environmental_Update
 .text.Acc_Update
                0x0800262c      0x114 ./BlueNRG_2/App/gatt_db.o
                0x0800262c                Acc_Update
 .text.Quat_Update
                0x08002740       0x8c ./BlueNRG_2/App/gatt_db.o
                0x08002740                Quat_Update
 .text.Read_Request_CB
                0x080027cc      0x194 ./BlueNRG_2/App/gatt_db.o
                0x080027cc                Read_Request_CB
 .text.Attribute_Modified_Request_CB
                0x08002960       0xc4 ./BlueNRG_2/App/gatt_db.o
                0x08002960                Attribute_Modified_Request_CB
 .text.Set_DeviceConnectable
                0x08002a24       0xe8 ./BlueNRG_2/App/sensor.o
                0x08002a24                Set_DeviceConnectable
 .text.APP_UserEvtRx
                0x08002b0c       0xf0 ./BlueNRG_2/App/sensor.o
                0x08002b0c                APP_UserEvtRx
 .text.HCI_TL_SPI_Enable_IRQ
                0x08002bfc        0xe ./BlueNRG_2/Target/hci_tl_interface.o
 .text.HCI_TL_SPI_Disable_IRQ
                0x08002c0a        0xe ./BlueNRG_2/Target/hci_tl_interface.o
 .text.HCI_TL_SPI_Init
                0x08002c18       0x98 ./BlueNRG_2/Target/hci_tl_interface.o
                0x08002c18                HCI_TL_SPI_Init
 .text.HCI_TL_SPI_DeInit
                0x08002cb0       0x2a ./BlueNRG_2/Target/hci_tl_interface.o
                0x08002cb0                HCI_TL_SPI_DeInit
 .text.HCI_TL_SPI_Reset
                0x08002cda       0x3e ./BlueNRG_2/Target/hci_tl_interface.o
                0x08002cda                HCI_TL_SPI_Reset
 .text.HCI_TL_SPI_Receive
                0x08002d18       0xd8 ./BlueNRG_2/Target/hci_tl_interface.o
                0x08002d18                HCI_TL_SPI_Receive
 .text.HCI_TL_SPI_Send
                0x08002df0      0x110 ./BlueNRG_2/Target/hci_tl_interface.o
                0x08002df0                HCI_TL_SPI_Send
 .text.IsDataAvailable
                0x08002f00       0x1e ./BlueNRG_2/Target/hci_tl_interface.o
 *fill*         0x08002f1e        0x2 
 .text.hci_tl_lowlevel_init
                0x08002f20       0x74 ./BlueNRG_2/Target/hci_tl_interface.o
                0x08002f20                hci_tl_lowlevel_init
 .text.hci_tl_lowlevel_isr
                0x08002f94       0x22 ./BlueNRG_2/Target/hci_tl_interface.o
                0x08002f94                hci_tl_lowlevel_isr
 *fill*         0x08002fb6        0x2 
 .text.BSP_SPI1_Init
                0x08002fb8       0x60 ./Core/Src/custom_bus.o
                0x08002fb8                BSP_SPI1_Init
 .text.BSP_SPI1_SendRecv
                0x08003018       0x40 ./Core/Src/custom_bus.o
                0x08003018                BSP_SPI1_SendRecv
 .text.BSP_GetTick
                0x08003058        0xe ./Core/Src/custom_bus.o
                0x08003058                BSP_GetTick
 *fill*         0x08003066        0x2 
 .text.MX_SPI1_Init
                0x08003068       0x84 ./Core/Src/custom_bus.o
                0x08003068                MX_SPI1_Init
 .text.SPI1_MspInit
                0x080030ec       0xc4 ./Core/Src/custom_bus.o
 .text.main     0x080031b0       0x1a ./Core/Src/main.o
                0x080031b0                main
 .text.SystemClock_Config
                0x080031ca       0x80 ./Core/Src/main.o
                0x080031ca                SystemClock_Config
 *fill*         0x0800324a        0x2 
 .text.MX_GPIO_Init
                0x0800324c       0xd4 ./Core/Src/main.o
 .text.Error_Handler
                0x08003320        0xc ./Core/Src/main.o
                0x08003320                Error_Handler
 .text.HAL_MspInit
                0x0800332c       0x48 ./Core/Src/stm32g4xx_hal_msp.o
                0x0800332c                HAL_MspInit
 .text.NMI_Handler
                0x08003374        0x8 ./Core/Src/stm32g4xx_it.o
                0x08003374                NMI_Handler
 .text.HardFault_Handler
                0x0800337c        0x8 ./Core/Src/stm32g4xx_it.o
                0x0800337c                HardFault_Handler
 .text.MemManage_Handler
                0x08003384        0x8 ./Core/Src/stm32g4xx_it.o
                0x08003384                MemManage_Handler
 .text.BusFault_Handler
                0x0800338c        0x8 ./Core/Src/stm32g4xx_it.o
                0x0800338c                BusFault_Handler
 .text.UsageFault_Handler
                0x08003394        0x8 ./Core/Src/stm32g4xx_it.o
                0x08003394                UsageFault_Handler
 .text.SVC_Handler
                0x0800339c        0xe ./Core/Src/stm32g4xx_it.o
                0x0800339c                SVC_Handler
 .text.DebugMon_Handler
                0x080033aa        0xe ./Core/Src/stm32g4xx_it.o
                0x080033aa                DebugMon_Handler
 .text.PendSV_Handler
                0x080033b8        0xe ./Core/Src/stm32g4xx_it.o
                0x080033b8                PendSV_Handler
 .text.SysTick_Handler
                0x080033c6        0xc ./Core/Src/stm32g4xx_it.o
                0x080033c6                SysTick_Handler
 *fill*         0x080033d2        0x2 
 .text.EXTI0_IRQHandler
                0x080033d4       0x14 ./Core/Src/stm32g4xx_it.o
                0x080033d4                EXTI0_IRQHandler
 .text.EXTI15_10_IRQHandler
                0x080033e8       0x14 ./Core/Src/stm32g4xx_it.o
                0x080033e8                EXTI15_10_IRQHandler
 .text._getpid  0x080033fc       0x10 ./Core/Src/syscalls.o
                0x080033fc                _getpid
 .text._kill    0x0800340c       0x20 ./Core/Src/syscalls.o
                0x0800340c                _kill
 .text._exit    0x0800342c       0x16 ./Core/Src/syscalls.o
                0x0800342c                _exit
 .text._read    0x08003442       0x3a ./Core/Src/syscalls.o
                0x08003442                _read
 .text._write   0x0800347c       0x38 ./Core/Src/syscalls.o
                0x0800347c                _write
 .text._close   0x080034b4       0x18 ./Core/Src/syscalls.o
                0x080034b4                _close
 .text._fstat   0x080034cc       0x20 ./Core/Src/syscalls.o
                0x080034cc                _fstat
 .text._isatty  0x080034ec       0x16 ./Core/Src/syscalls.o
                0x080034ec                _isatty
 .text._lseek   0x08003502       0x1a ./Core/Src/syscalls.o
                0x08003502                _lseek
 .text._sbrk    0x0800351c       0x6c ./Core/Src/sysmem.o
                0x0800351c                _sbrk
 .text.SystemInit
                0x08003588       0x24 ./Core/Src/system_stm32g4xx.o
                0x08003588                SystemInit
 .text.Reset_Handler
                0x080035ac       0x50 ./Core/Startup/startup_stm32g431rbtx.o
                0x080035ac                Reset_Handler
 .text.Default_Handler
                0x080035fc        0x2 ./Core/Startup/startup_stm32g431rbtx.o
                0x080035fc                RTC_Alarm_IRQHandler
                0x080035fc                EXTI2_IRQHandler
                0x080035fc                TIM8_TRG_COM_IRQHandler
                0x080035fc                TIM8_CC_IRQHandler
                0x080035fc                TIM1_CC_IRQHandler
                0x080035fc                USB_HP_IRQHandler
                0x080035fc                CORDIC_IRQHandler
                0x080035fc                EXTI3_IRQHandler
                0x080035fc                I2C3_ER_IRQHandler
                0x080035fc                I2C2_EV_IRQHandler
                0x080035fc                FPU_IRQHandler
                0x080035fc                FDCAN1_IT1_IRQHandler
                0x080035fc                TIM1_UP_TIM16_IRQHandler
                0x080035fc                ADC1_2_IRQHandler
                0x080035fc                SPI1_IRQHandler
                0x080035fc                TIM6_DAC_IRQHandler
                0x080035fc                TIM8_UP_IRQHandler
                0x080035fc                DMA2_Channel2_IRQHandler
                0x080035fc                DMA1_Channel4_IRQHandler
                0x080035fc                USART3_IRQHandler
                0x080035fc                TIM4_IRQHandler
                0x080035fc                DMA2_Channel1_IRQHandler
                0x080035fc                I2C1_EV_IRQHandler
                0x080035fc                DMA1_Channel6_IRQHandler
                0x080035fc                UART4_IRQHandler
                0x080035fc                DMA2_Channel4_IRQHandler
                0x080035fc                TIM3_IRQHandler
                0x080035fc                RCC_IRQHandler
                0x080035fc                DMA1_Channel1_IRQHandler
                0x080035fc                Default_Handler
                0x080035fc                RTC_TAMP_LSECSS_IRQHandler
                0x080035fc                FMAC_IRQHandler
                0x080035fc                TIM7_IRQHandler
                0x080035fc                UCPD1_IRQHandler
                0x080035fc                I2C3_EV_IRQHandler
                0x080035fc                EXTI9_5_IRQHandler
                0x080035fc                RTC_WKUP_IRQHandler
                0x080035fc                PVD_PVM_IRQHandler
                0x080035fc                SPI2_IRQHandler
                0x080035fc                DMA2_Channel5_IRQHandler
                0x080035fc                CRS_IRQHandler
                0x080035fc                DMA1_Channel5_IRQHandler
                0x080035fc                USB_LP_IRQHandler
                0x080035fc                EXTI4_IRQHandler
                0x080035fc                RNG_IRQHandler
                0x080035fc                TIM1_TRG_COM_TIM17_IRQHandler
                0x080035fc                DMA1_Channel3_IRQHandler
                0x080035fc                WWDG_IRQHandler
                0x080035fc                LPUART1_IRQHandler
                0x080035fc                DMA2_Channel6_IRQHandler
                0x080035fc                FDCAN1_IT0_IRQHandler
                0x080035fc                TIM2_IRQHandler
                0x080035fc                COMP1_2_3_IRQHandler
                0x080035fc                EXTI1_IRQHandler
                0x080035fc                USART2_IRQHandler
                0x080035fc                I2C2_ER_IRQHandler
                0x080035fc                DMA1_Channel2_IRQHandler
                0x080035fc                TIM8_BRK_IRQHandler
                0x080035fc                FLASH_IRQHandler
                0x080035fc                USART1_IRQHandler
                0x080035fc                SPI3_IRQHandler
                0x080035fc                I2C1_ER_IRQHandler
                0x080035fc                LPTIM1_IRQHandler
                0x080035fc                DMAMUX_OVR_IRQHandler
                0x080035fc                USBWakeUp_IRQHandler
                0x080035fc                SAI1_IRQHandler
                0x080035fc                DMA2_Channel3_IRQHandler
                0x080035fc                COMP4_IRQHandler
                0x080035fc                TIM1_BRK_TIM15_IRQHandler
 *fill*         0x080035fe        0x2 
 .text.BSP_LED_Init
                0x08003600       0x24 ./Drivers/BSP/custom/custom.o
                0x08003600                BSP_LED_Init
 .text.BSP_LED_On
                0x08003624       0x2c ./Drivers/BSP/custom/custom.o
                0x08003624                BSP_LED_On
 .text.BSP_LED_Off
                0x08003650       0x2c ./Drivers/BSP/custom/custom.o
                0x08003650                BSP_LED_Off
 .text.BSP_LED_Toggle
                0x0800367c       0x2c ./Drivers/BSP/custom/custom.o
                0x0800367c                BSP_LED_Toggle
 .text.LED_USER_GPIO_Init
                0x080036a8       0x7c ./Drivers/BSP/custom/custom.o
 .text.BSP_PB_Init
                0x08003724       0xa8 ./Drivers/BSP/custom/custom.o
                0x08003724                BSP_PB_Init
 .text.BSP_PB_GetState
                0x080037cc       0x38 ./Drivers/BSP/custom/custom.o
                0x080037cc                BSP_PB_GetState
 .text.BUTTON_USER_EXTI_Callback
                0x08003804        0xe ./Drivers/BSP/custom/custom.o
 *fill*         0x08003812        0x2 
 .text.BUTTON_USER_GPIO_Init
                0x08003814       0x74 ./Drivers/BSP/custom/custom.o
 .text.BSP_COM_Init
                0x08003888       0x74 ./Drivers/BSP/custom/custom.o
                0x08003888                BSP_COM_Init
 .text.MX_USART2_UART_Init
                0x080038fc       0xa4 ./Drivers/BSP/custom/custom.o
                0x080038fc                MX_USART2_UART_Init
 .text.__io_putchar
                0x080039a0       0x38 ./Drivers/BSP/custom/custom.o
                0x080039a0                __io_putchar
 .text.USART2_MspInit
                0x080039d8       0xb8 ./Drivers/BSP/custom/custom.o
 .text.HAL_Init
                0x08003a90       0x30 ./Drivers/STM32G4xx_HAL_Driver/Src/stm32g4xx_hal.o
                0x08003a90                HAL_Init
 .text.HAL_InitTick
                0x08003ac0       0x74 ./Drivers/STM32G4xx_HAL_Driver/Src/stm32g4xx_hal.o
                0x08003ac0                HAL_InitTick
 .text.HAL_IncTick
                0x08003b34       0x24 ./Drivers/STM32G4xx_HAL_Driver/Src/stm32g4xx_hal.o
                0x08003b34                HAL_IncTick
 .text.HAL_GetTick
                0x08003b58       0x18 ./Drivers/STM32G4xx_HAL_Driver/Src/stm32g4xx_hal.o
                0x08003b58                HAL_GetTick
 .text.HAL_Delay
                0x08003b70       0x44 ./Drivers/STM32G4xx_HAL_Driver/Src/stm32g4xx_hal.o
                0x08003b70                HAL_Delay
 .text.__NVIC_SetPriorityGrouping
                0x08003bb4       0x48 ./Drivers/STM32G4xx_HAL_Driver/Src/stm32g4xx_hal_cortex.o
 .text.__NVIC_GetPriorityGrouping
                0x08003bfc       0x1c ./Drivers/STM32G4xx_HAL_Driver/Src/stm32g4xx_hal_cortex.o
 .text.__NVIC_EnableIRQ
                0x08003c18       0x3c ./Drivers/STM32G4xx_HAL_Driver/Src/stm32g4xx_hal_cortex.o
 .text.__NVIC_DisableIRQ
                0x08003c54       0x48 ./Drivers/STM32G4xx_HAL_Driver/Src/stm32g4xx_hal_cortex.o
 .text.__NVIC_SetPriority
                0x08003c9c       0x54 ./Drivers/STM32G4xx_HAL_Driver/Src/stm32g4xx_hal_cortex.o
 .text.NVIC_EncodePriority
                0x08003cf0       0x66 ./Drivers/STM32G4xx_HAL_Driver/Src/stm32g4xx_hal_cortex.o
 *fill*         0x08003d56        0x2 
 .text.SysTick_Config
                0x08003d58       0x44 ./Drivers/STM32G4xx_HAL_Driver/Src/stm32g4xx_hal_cortex.o
 .text.HAL_NVIC_SetPriorityGrouping
                0x08003d9c       0x16 ./Drivers/STM32G4xx_HAL_Driver/Src/stm32g4xx_hal_cortex.o
                0x08003d9c                HAL_NVIC_SetPriorityGrouping
 .text.HAL_NVIC_SetPriority
                0x08003db2       0x34 ./Drivers/STM32G4xx_HAL_Driver/Src/stm32g4xx_hal_cortex.o
                0x08003db2                HAL_NVIC_SetPriority
 .text.HAL_NVIC_EnableIRQ
                0x08003de6       0x1c ./Drivers/STM32G4xx_HAL_Driver/Src/stm32g4xx_hal_cortex.o
                0x08003de6                HAL_NVIC_EnableIRQ
 .text.HAL_NVIC_DisableIRQ
                0x08003e02       0x1c ./Drivers/STM32G4xx_HAL_Driver/Src/stm32g4xx_hal_cortex.o
                0x08003e02                HAL_NVIC_DisableIRQ
 .text.HAL_SYSTICK_Config
                0x08003e1e       0x18 ./Drivers/STM32G4xx_HAL_Driver/Src/stm32g4xx_hal_cortex.o
                0x08003e1e                HAL_SYSTICK_Config
 .text.HAL_EXTI_RegisterCallback
                0x08003e36       0x3a ./Drivers/STM32G4xx_HAL_Driver/Src/stm32g4xx_hal_exti.o
                0x08003e36                HAL_EXTI_RegisterCallback
 .text.HAL_EXTI_GetHandle
                0x08003e70       0x28 ./Drivers/STM32G4xx_HAL_Driver/Src/stm32g4xx_hal_exti.o
                0x08003e70                HAL_EXTI_GetHandle
 .text.HAL_EXTI_IRQHandler
                0x08003e98       0x60 ./Drivers/STM32G4xx_HAL_Driver/Src/stm32g4xx_hal_exti.o
                0x08003e98                HAL_EXTI_IRQHandler
 .text.HAL_GPIO_Init
                0x08003ef8      0x304 ./Drivers/STM32G4xx_HAL_Driver/Src/stm32g4xx_hal_gpio.o
                0x08003ef8                HAL_GPIO_Init
 .text.HAL_GPIO_DeInit
                0x080041fc      0x1c4 ./Drivers/STM32G4xx_HAL_Driver/Src/stm32g4xx_hal_gpio.o
                0x080041fc                HAL_GPIO_DeInit
 .text.HAL_GPIO_ReadPin
                0x080043c0       0x30 ./Drivers/STM32G4xx_HAL_Driver/Src/stm32g4xx_hal_gpio.o
                0x080043c0                HAL_GPIO_ReadPin
 .text.HAL_GPIO_WritePin
                0x080043f0       0x30 ./Drivers/STM32G4xx_HAL_Driver/Src/stm32g4xx_hal_gpio.o
                0x080043f0                HAL_GPIO_WritePin
 .text.HAL_GPIO_TogglePin
                0x08004420       0x34 ./Drivers/STM32G4xx_HAL_Driver/Src/stm32g4xx_hal_gpio.o
                0x08004420                HAL_GPIO_TogglePin
 .text.HAL_PWREx_ControlVoltageScaling
                0x08004454      0x148 ./Drivers/STM32G4xx_HAL_Driver/Src/stm32g4xx_hal_pwr_ex.o
                0x08004454                HAL_PWREx_ControlVoltageScaling
 .text.HAL_PWREx_DisableUCPDDeadBattery
                0x0800459c       0x20 ./Drivers/STM32G4xx_HAL_Driver/Src/stm32g4xx_hal_pwr_ex.o
                0x0800459c                HAL_PWREx_DisableUCPDDeadBattery
 .text.HAL_RCC_OscConfig
                0x080045bc      0x624 ./Drivers/STM32G4xx_HAL_Driver/Src/stm32g4xx_hal_rcc.o
                0x080045bc                HAL_RCC_OscConfig
 .text.HAL_RCC_ClockConfig
                0x08004be0      0x278 ./Drivers/STM32G4xx_HAL_Driver/Src/stm32g4xx_hal_rcc.o
                0x08004be0                HAL_RCC_ClockConfig
 .text.HAL_RCC_GetSysClockFreq
                0x08004e58       0xc4 ./Drivers/STM32G4xx_HAL_Driver/Src/stm32g4xx_hal_rcc.o
                0x08004e58                HAL_RCC_GetSysClockFreq
 .text.HAL_RCC_GetHCLKFreq
                0x08004f1c       0x18 ./Drivers/STM32G4xx_HAL_Driver/Src/stm32g4xx_hal_rcc.o
                0x08004f1c                HAL_RCC_GetHCLKFreq
 .text.HAL_RCC_GetPCLK1Freq
                0x08004f34       0x2c ./Drivers/STM32G4xx_HAL_Driver/Src/stm32g4xx_hal_rcc.o
                0x08004f34                HAL_RCC_GetPCLK1Freq
 .text.HAL_RCC_GetPCLK2Freq
                0x08004f60       0x2c ./Drivers/STM32G4xx_HAL_Driver/Src/stm32g4xx_hal_rcc.o
                0x08004f60                HAL_RCC_GetPCLK2Freq
 .text.RCC_GetSysClockFreqFromPLLSource
                0x08004f8c       0x8c ./Drivers/STM32G4xx_HAL_Driver/Src/stm32g4xx_hal_rcc.o
 .text.HAL_RCCEx_PeriphCLKConfig
                0x08005018      0x3e0 ./Drivers/STM32G4xx_HAL_Driver/Src/stm32g4xx_hal_rcc_ex.o
                0x08005018                HAL_RCCEx_PeriphCLKConfig
 .text.HAL_SPI_Init
                0x080053f8      0x156 ./Drivers/STM32G4xx_HAL_Driver/Src/stm32g4xx_hal_spi.o
                0x080053f8                HAL_SPI_Init
 .text.HAL_SPI_MspInit
                0x0800554e       0x14 ./Drivers/STM32G4xx_HAL_Driver/Src/stm32g4xx_hal_spi.o
                0x0800554e                HAL_SPI_MspInit
 .text.HAL_SPI_TransmitReceive
                0x08005562      0x43e ./Drivers/STM32G4xx_HAL_Driver/Src/stm32g4xx_hal_spi.o
                0x08005562                HAL_SPI_TransmitReceive
 .text.HAL_SPI_GetState
                0x080059a0       0x1c ./Drivers/STM32G4xx_HAL_Driver/Src/stm32g4xx_hal_spi.o
                0x080059a0                HAL_SPI_GetState
 .text.SPI_WaitFlagStateUntilTimeout
                0x080059bc      0x110 ./Drivers/STM32G4xx_HAL_Driver/Src/stm32g4xx_hal_spi.o
 .text.SPI_WaitFifoStateUntilTimeout
                0x08005acc      0x12c ./Drivers/STM32G4xx_HAL_Driver/Src/stm32g4xx_hal_spi.o
 .text.SPI_EndRxTxTransaction
                0x08005bf8       0x8c ./Drivers/STM32G4xx_HAL_Driver/Src/stm32g4xx_hal_spi.o
 .text.HAL_UART_Init
                0x08005c84       0xa0 ./Drivers/STM32G4xx_HAL_Driver/Src/stm32g4xx_hal_uart.o
                0x08005c84                HAL_UART_Init
 .text.HAL_UART_MspInit
                0x08005d24       0x14 ./Drivers/STM32G4xx_HAL_Driver/Src/stm32g4xx_hal_uart.o
                0x08005d24                HAL_UART_MspInit
 .text.HAL_UART_Transmit
                0x08005d38      0x11c ./Drivers/STM32G4xx_HAL_Driver/Src/stm32g4xx_hal_uart.o
                0x08005d38                HAL_UART_Transmit
 .text.UART_SetConfig
                0x08005e54      0x598 ./Drivers/STM32G4xx_HAL_Driver/Src/stm32g4xx_hal_uart.o
                0x08005e54                UART_SetConfig
 .text.UART_AdvFeatureConfig
                0x080063ec      0x144 ./Drivers/STM32G4xx_HAL_Driver/Src/stm32g4xx_hal_uart.o
                0x080063ec                UART_AdvFeatureConfig
 .text.UART_CheckIdleState
                0x08006530      0x154 ./Drivers/STM32G4xx_HAL_Driver/Src/stm32g4xx_hal_uart.o
                0x08006530                UART_CheckIdleState
 .text.UART_WaitOnFlagUntilTimeout
                0x08006684       0xda ./Drivers/STM32G4xx_HAL_Driver/Src/stm32g4xx_hal_uart.o
                0x08006684                UART_WaitOnFlagUntilTimeout
 .text.UART_EndRxTransfer
                0x0800675e       0xcc ./Drivers/STM32G4xx_HAL_Driver/Src/stm32g4xx_hal_uart.o
 .text.HAL_UARTEx_DisableFifoMode
                0x0800682a       0x72 ./Drivers/STM32G4xx_HAL_Driver/Src/stm32g4xx_hal_uart_ex.o
                0x0800682a                HAL_UARTEx_DisableFifoMode
 .text.HAL_UARTEx_SetTxFifoThreshold
                0x0800689c       0x7c ./Drivers/STM32G4xx_HAL_Driver/Src/stm32g4xx_hal_uart_ex.o
                0x0800689c                HAL_UARTEx_SetTxFifoThreshold
 .text.HAL_UARTEx_SetRxFifoThreshold
                0x08006918       0x7c ./Drivers/STM32G4xx_HAL_Driver/Src/stm32g4xx_hal_uart_ex.o
                0x08006918                HAL_UARTEx_SetRxFifoThreshold
 .text.UARTEx_SetNbDataToProcess
                0x08006994       0x9c ./Drivers/STM32G4xx_HAL_Driver/Src/stm32g4xx_hal_uart_ex.o
 .text.hci_disconnection_complete_event_process
                0x08006a30       0x30 ./Middlewares/ST/BlueNRG-2/hci/bluenrg1_events.o
                0x08006a30                hci_disconnection_complete_event_process
 .text.hci_encryption_change_event_process
                0x08006a60       0x30 ./Middlewares/ST/BlueNRG-2/hci/bluenrg1_events.o
                0x08006a60                hci_encryption_change_event_process
 .text.hci_read_remote_version_information_complete_event_process
                0x08006a90       0x3e ./Middlewares/ST/BlueNRG-2/hci/bluenrg1_events.o
                0x08006a90                hci_read_remote_version_information_complete_event_process
 .text.hci_hardware_error_event_process
                0x08006ace       0x24 ./Middlewares/ST/BlueNRG-2/hci/bluenrg1_events.o
                0x08006ace                hci_hardware_error_event_process
 .text.hci_number_of_completed_packets_event_process
                0x08006af2       0xae ./Middlewares/ST/BlueNRG-2/hci/bluenrg1_events.o
                0x08006af2                hci_number_of_completed_packets_event_process
 .text.hci_data_buffer_overflow_event_process
                0x08006ba0       0x24 ./Middlewares/ST/BlueNRG-2/hci/bluenrg1_events.o
                0x08006ba0                hci_data_buffer_overflow_event_process
 .text.hci_encryption_key_refresh_complete_event_process
                0x08006bc4       0x2e ./Middlewares/ST/BlueNRG-2/hci/bluenrg1_events.o
                0x08006bc4                hci_encryption_key_refresh_complete_event_process
 .text.aci_blue_initialized_event_process
                0x08006bf2       0x24 ./Middlewares/ST/BlueNRG-2/hci/bluenrg1_events.o
                0x08006bf2                aci_blue_initialized_event_process
 .text.aci_blue_events_lost_event_process
                0x08006c16       0x22 ./Middlewares/ST/BlueNRG-2/hci/bluenrg1_events.o
                0x08006c16                aci_blue_events_lost_event_process
 .text.aci_blue_crash_info_event_process
                0x08006c38       0x84 ./Middlewares/ST/BlueNRG-2/hci/bluenrg1_events.o
                0x08006c38                aci_blue_crash_info_event_process
 .text.aci_hal_end_of_radio_activity_event_process
                0x08006cbc       0x2e ./Middlewares/ST/BlueNRG-2/hci/bluenrg1_events.o
                0x08006cbc                aci_hal_end_of_radio_activity_event_process
 .text.aci_hal_scan_req_report_event_process
                0x08006cea       0x2e ./Middlewares/ST/BlueNRG-2/hci/bluenrg1_events.o
                0x08006cea                aci_hal_scan_req_report_event_process
 .text.aci_hal_fw_error_event_process
                0x08006d18       0x2c ./Middlewares/ST/BlueNRG-2/hci/bluenrg1_events.o
                0x08006d18                aci_hal_fw_error_event_process
 .text.aci_gap_limited_discoverable_event_process
                0x08006d44       0x1a ./Middlewares/ST/BlueNRG-2/hci/bluenrg1_events.o
                0x08006d44                aci_gap_limited_discoverable_event_process
 .text.aci_gap_pairing_complete_event_process
                0x08006d5e       0x2e ./Middlewares/ST/BlueNRG-2/hci/bluenrg1_events.o
                0x08006d5e                aci_gap_pairing_complete_event_process
 .text.aci_gap_pass_key_req_event_process
                0x08006d8c       0x26 ./Middlewares/ST/BlueNRG-2/hci/bluenrg1_events.o
                0x08006d8c                aci_gap_pass_key_req_event_process
 .text.aci_gap_authorization_req_event_process
                0x08006db2       0x26 ./Middlewares/ST/BlueNRG-2/hci/bluenrg1_events.o
                0x08006db2                aci_gap_authorization_req_event_process
 .text.aci_gap_slave_security_initiated_event_process
                0x08006dd8       0x1a ./Middlewares/ST/BlueNRG-2/hci/bluenrg1_events.o
                0x08006dd8                aci_gap_slave_security_initiated_event_process
 .text.aci_gap_bond_lost_event_process
                0x08006df2       0x1a ./Middlewares/ST/BlueNRG-2/hci/bluenrg1_events.o
                0x08006df2                aci_gap_bond_lost_event_process
 .text.aci_gap_proc_complete_event_process
                0x08006e0c       0x2e ./Middlewares/ST/BlueNRG-2/hci/bluenrg1_events.o
                0x08006e0c                aci_gap_proc_complete_event_process
 .text.aci_gap_addr_not_resolved_event_process
                0x08006e3a       0x26 ./Middlewares/ST/BlueNRG-2/hci/bluenrg1_events.o
                0x08006e3a                aci_gap_addr_not_resolved_event_process
 .text.aci_gap_numeric_comparison_value_event_process
                0x08006e60       0x2e ./Middlewares/ST/BlueNRG-2/hci/bluenrg1_events.o
                0x08006e60                aci_gap_numeric_comparison_value_event_process
 .text.aci_gap_keypress_notification_event_process
                0x08006e8e       0x2c ./Middlewares/ST/BlueNRG-2/hci/bluenrg1_events.o
                0x08006e8e                aci_gap_keypress_notification_event_process
 .text.aci_l2cap_connection_update_resp_event_process
                0x08006eba       0x2e ./Middlewares/ST/BlueNRG-2/hci/bluenrg1_events.o
                0x08006eba                aci_l2cap_connection_update_resp_event_process
 .text.aci_l2cap_proc_timeout_event_process
                0x08006ee8       0x2e ./Middlewares/ST/BlueNRG-2/hci/bluenrg1_events.o
                0x08006ee8                aci_l2cap_proc_timeout_event_process
 .text.aci_l2cap_connection_update_req_event_process
                0x08006f16       0x5c ./Middlewares/ST/BlueNRG-2/hci/bluenrg1_events.o
                0x08006f16                aci_l2cap_connection_update_req_event_process
 .text.aci_l2cap_command_reject_event_process
                0x08006f72       0x3c ./Middlewares/ST/BlueNRG-2/hci/bluenrg1_events.o
                0x08006f72                aci_l2cap_command_reject_event_process
 .text.aci_gatt_attribute_modified_event_process
                0x08006fae       0x3e ./Middlewares/ST/BlueNRG-2/hci/bluenrg1_events.o
                0x08006fae                aci_gatt_attribute_modified_event_process
 .text.aci_gatt_proc_timeout_event_process
                0x08006fec       0x26 ./Middlewares/ST/BlueNRG-2/hci/bluenrg1_events.o
                0x08006fec                aci_gatt_proc_timeout_event_process
 .text.aci_att_exchange_mtu_resp_event_process
                0x08007012       0x2e ./Middlewares/ST/BlueNRG-2/hci/bluenrg1_events.o
                0x08007012                aci_att_exchange_mtu_resp_event_process
 .text.aci_att_find_info_resp_event_process
                0x08007040       0x30 ./Middlewares/ST/BlueNRG-2/hci/bluenrg1_events.o
                0x08007040                aci_att_find_info_resp_event_process
 .text.aci_att_find_by_type_value_resp_event_process
                0x08007070       0xb4 ./Middlewares/ST/BlueNRG-2/hci/bluenrg1_events.o
                0x08007070                aci_att_find_by_type_value_resp_event_process
 .text.aci_att_read_by_type_resp_event_process
                0x08007124       0x30 ./Middlewares/ST/BlueNRG-2/hci/bluenrg1_events.o
                0x08007124                aci_att_read_by_type_resp_event_process
 .text.aci_att_read_resp_event_process
                0x08007154       0x2e ./Middlewares/ST/BlueNRG-2/hci/bluenrg1_events.o
                0x08007154                aci_att_read_resp_event_process
 .text.aci_att_read_blob_resp_event_process
                0x08007182       0x2e ./Middlewares/ST/BlueNRG-2/hci/bluenrg1_events.o
                0x08007182                aci_att_read_blob_resp_event_process
 .text.aci_att_read_multiple_resp_event_process
                0x080071b0       0x2e ./Middlewares/ST/BlueNRG-2/hci/bluenrg1_events.o
                0x080071b0                aci_att_read_multiple_resp_event_process
 .text.aci_att_read_by_group_type_resp_event_process
                0x080071de       0x30 ./Middlewares/ST/BlueNRG-2/hci/bluenrg1_events.o
                0x080071de                aci_att_read_by_group_type_resp_event_process
 .text.aci_att_prepare_write_resp_event_process
                0x0800720e       0x3c ./Middlewares/ST/BlueNRG-2/hci/bluenrg1_events.o
                0x0800720e                aci_att_prepare_write_resp_event_process
 .text.aci_att_exec_write_resp_event_process
                0x0800724a       0x26 ./Middlewares/ST/BlueNRG-2/hci/bluenrg1_events.o
                0x0800724a                aci_att_exec_write_resp_event_process
 .text.aci_gatt_indication_event_process
                0x08007270       0x32 ./Middlewares/ST/BlueNRG-2/hci/bluenrg1_events.o
                0x08007270                aci_gatt_indication_event_process
 .text.aci_gatt_notification_event_process
                0x080072a2       0x32 ./Middlewares/ST/BlueNRG-2/hci/bluenrg1_events.o
                0x080072a2                aci_gatt_notification_event_process
 .text.aci_gatt_proc_complete_event_process
                0x080072d4       0x2c ./Middlewares/ST/BlueNRG-2/hci/bluenrg1_events.o
                0x080072d4                aci_gatt_proc_complete_event_process
 .text.aci_gatt_error_resp_event_process
                0x08007300       0x34 ./Middlewares/ST/BlueNRG-2/hci/bluenrg1_events.o
                0x08007300                aci_gatt_error_resp_event_process
 .text.aci_gatt_disc_read_char_by_uuid_resp_event_process
                0x08007334       0x32 ./Middlewares/ST/BlueNRG-2/hci/bluenrg1_events.o
                0x08007334                aci_gatt_disc_read_char_by_uuid_resp_event_process
 .text.aci_gatt_write_permit_req_event_process
                0x08007366       0x32 ./Middlewares/ST/BlueNRG-2/hci/bluenrg1_events.o
                0x08007366                aci_gatt_write_permit_req_event_process
 .text.aci_gatt_read_permit_req_event_process
                0x08007398       0x32 ./Middlewares/ST/BlueNRG-2/hci/bluenrg1_events.o
                0x08007398                aci_gatt_read_permit_req_event_process
 .text.aci_gatt_read_multi_permit_req_event_process
                0x080073ca       0x8a ./Middlewares/ST/BlueNRG-2/hci/bluenrg1_events.o
                0x080073ca                aci_gatt_read_multi_permit_req_event_process
 .text.aci_gatt_tx_pool_available_event_process
                0x08007454       0x2e ./Middlewares/ST/BlueNRG-2/hci/bluenrg1_events.o
                0x08007454                aci_gatt_tx_pool_available_event_process
 .text.aci_gatt_server_confirmation_event_process
                0x08007482       0x26 ./Middlewares/ST/BlueNRG-2/hci/bluenrg1_events.o
                0x08007482                aci_gatt_server_confirmation_event_process
 .text.aci_gatt_prepare_write_permit_req_event_process
                0x080074a8       0x3c ./Middlewares/ST/BlueNRG-2/hci/bluenrg1_events.o
                0x080074a8                aci_gatt_prepare_write_permit_req_event_process
 .text.hci_le_connection_complete_event_process
                0x080074e4       0x68 ./Middlewares/ST/BlueNRG-2/hci/bluenrg1_events.o
                0x080074e4                hci_le_connection_complete_event_process
 .text.hci_le_advertising_report_event_process
                0x0800754c      0x1ba ./Middlewares/ST/BlueNRG-2/hci/bluenrg1_events.o
                0x0800754c                hci_le_advertising_report_event_process
 .text.hci_le_connection_update_complete_event_process
                0x08007706       0x46 ./Middlewares/ST/BlueNRG-2/hci/bluenrg1_events.o
                0x08007706                hci_le_connection_update_complete_event_process
 .text.hci_le_read_remote_used_features_complete_event_process
                0x0800774c       0x30 ./Middlewares/ST/BlueNRG-2/hci/bluenrg1_events.o
                0x0800774c                hci_le_read_remote_used_features_complete_event_process
 .text.hci_le_long_term_key_request_event_process
                0x0800777c       0x30 ./Middlewares/ST/BlueNRG-2/hci/bluenrg1_events.o
                0x0800777c                hci_le_long_term_key_request_event_process
 .text.hci_le_data_length_change_event_process
                0x080077ac       0x40 ./Middlewares/ST/BlueNRG-2/hci/bluenrg1_events.o
                0x080077ac                hci_le_data_length_change_event_process
 .text.hci_le_read_local_p256_public_key_complete_event_process
                0x080077ec       0x2a ./Middlewares/ST/BlueNRG-2/hci/bluenrg1_events.o
                0x080077ec                hci_le_read_local_p256_public_key_complete_event_process
 .text.hci_le_generate_dhkey_complete_event_process
                0x08007816       0x2a ./Middlewares/ST/BlueNRG-2/hci/bluenrg1_events.o
                0x08007816                hci_le_generate_dhkey_complete_event_process
 .text.hci_le_enhanced_connection_complete_event_process
                0x08007840       0x7c ./Middlewares/ST/BlueNRG-2/hci/bluenrg1_events.o
                0x08007840                hci_le_enhanced_connection_complete_event_process
 .text.hci_le_direct_advertising_report_event_process
                0x080078bc      0x15e ./Middlewares/ST/BlueNRG-2/hci/bluenrg1_events.o
                0x080078bc                hci_le_direct_advertising_report_event_process
 .text.hci_encryption_change_event
                0x08007a1a       0x1e ./Middlewares/ST/BlueNRG-2/hci/bluenrg1_events_cb.o
                0x08007a1a                hci_encryption_change_event
 .text.hci_read_remote_version_information_complete_event
                0x08007a38       0x28 ./Middlewares/ST/BlueNRG-2/hci/bluenrg1_events_cb.o
                0x08007a38                hci_read_remote_version_information_complete_event
 .text.hci_hardware_error_event
                0x08007a60       0x16 ./Middlewares/ST/BlueNRG-2/hci/bluenrg1_events_cb.o
                0x08007a60                hci_hardware_error_event
 .text.hci_number_of_completed_packets_event
                0x08007a76       0x18 ./Middlewares/ST/BlueNRG-2/hci/bluenrg1_events_cb.o
                0x08007a76                hci_number_of_completed_packets_event
 .text.hci_data_buffer_overflow_event
                0x08007a8e       0x16 ./Middlewares/ST/BlueNRG-2/hci/bluenrg1_events_cb.o
                0x08007a8e                hci_data_buffer_overflow_event
 .text.hci_encryption_key_refresh_complete_event
                0x08007aa4       0x1c ./Middlewares/ST/BlueNRG-2/hci/bluenrg1_events_cb.o
                0x08007aa4                hci_encryption_key_refresh_complete_event
 .text.hci_le_advertising_report_event
                0x08007ac0       0x18 ./Middlewares/ST/BlueNRG-2/hci/bluenrg1_events_cb.o
                0x08007ac0                hci_le_advertising_report_event
 .text.hci_le_connection_update_complete_event
                0x08007ad8       0x28 ./Middlewares/ST/BlueNRG-2/hci/bluenrg1_events_cb.o
                0x08007ad8                hci_le_connection_update_complete_event
 .text.hci_le_read_remote_used_features_complete_event
                0x08007b00       0x1c ./Middlewares/ST/BlueNRG-2/hci/bluenrg1_events_cb.o
                0x08007b00                hci_le_read_remote_used_features_complete_event
 .text.hci_le_long_term_key_request_event
                0x08007b1c       0x1c ./Middlewares/ST/BlueNRG-2/hci/bluenrg1_events_cb.o
                0x08007b1c                hci_le_long_term_key_request_event
 .text.hci_le_data_length_change_event
                0x08007b38       0x28 ./Middlewares/ST/BlueNRG-2/hci/bluenrg1_events_cb.o
                0x08007b38                hci_le_data_length_change_event
 .text.hci_le_read_local_p256_public_key_complete_event
                0x08007b60       0x18 ./Middlewares/ST/BlueNRG-2/hci/bluenrg1_events_cb.o
                0x08007b60                hci_le_read_local_p256_public_key_complete_event
 .text.hci_le_generate_dhkey_complete_event
                0x08007b78       0x18 ./Middlewares/ST/BlueNRG-2/hci/bluenrg1_events_cb.o
                0x08007b78                hci_le_generate_dhkey_complete_event
 .text.hci_le_enhanced_connection_complete_event
                0x08007b90       0x28 ./Middlewares/ST/BlueNRG-2/hci/bluenrg1_events_cb.o
                0x08007b90                hci_le_enhanced_connection_complete_event
 .text.hci_le_direct_advertising_report_event
                0x08007bb8       0x18 ./Middlewares/ST/BlueNRG-2/hci/bluenrg1_events_cb.o
                0x08007bb8                hci_le_direct_advertising_report_event
 .text.aci_gap_limited_discoverable_event
                0x08007bd0        0xe ./Middlewares/ST/BlueNRG-2/hci/bluenrg1_events_cb.o
                0x08007bd0                aci_gap_limited_discoverable_event
 .text.aci_gap_authorization_req_event
                0x08007bde       0x16 ./Middlewares/ST/BlueNRG-2/hci/bluenrg1_events_cb.o
                0x08007bde                aci_gap_authorization_req_event
 .text.aci_gap_slave_security_initiated_event
                0x08007bf4        0xe ./Middlewares/ST/BlueNRG-2/hci/bluenrg1_events_cb.o
                0x08007bf4                aci_gap_slave_security_initiated_event
 .text.aci_gap_bond_lost_event
                0x08007c02        0xe ./Middlewares/ST/BlueNRG-2/hci/bluenrg1_events_cb.o
                0x08007c02                aci_gap_bond_lost_event
 .text.aci_gap_proc_complete_event
                0x08007c10       0x20 ./Middlewares/ST/BlueNRG-2/hci/bluenrg1_events_cb.o
                0x08007c10                aci_gap_proc_complete_event
 .text.aci_gap_addr_not_resolved_event
                0x08007c30       0x16 ./Middlewares/ST/BlueNRG-2/hci/bluenrg1_events_cb.o
                0x08007c30                aci_gap_addr_not_resolved_event
 .text.aci_gap_numeric_comparison_value_event
                0x08007c46       0x18 ./Middlewares/ST/BlueNRG-2/hci/bluenrg1_events_cb.o
                0x08007c46                aci_gap_numeric_comparison_value_event
 .text.aci_gap_keypress_notification_event
                0x08007c5e       0x1c ./Middlewares/ST/BlueNRG-2/hci/bluenrg1_events_cb.o
                0x08007c5e                aci_gap_keypress_notification_event
 .text.aci_gatt_proc_timeout_event
                0x08007c7a       0x16 ./Middlewares/ST/BlueNRG-2/hci/bluenrg1_events_cb.o
                0x08007c7a                aci_gatt_proc_timeout_event
 .text.aci_att_exchange_mtu_resp_event
                0x08007c90       0x1c ./Middlewares/ST/BlueNRG-2/hci/bluenrg1_events_cb.o
                0x08007c90                aci_att_exchange_mtu_resp_event
 .text.aci_att_find_info_resp_event
                0x08007cac       0x20 ./Middlewares/ST/BlueNRG-2/hci/bluenrg1_events_cb.o
                0x08007cac                aci_att_find_info_resp_event
 .text.aci_att_find_by_type_value_resp_event
                0x08007ccc       0x1c ./Middlewares/ST/BlueNRG-2/hci/bluenrg1_events_cb.o
                0x08007ccc                aci_att_find_by_type_value_resp_event
 .text.aci_att_read_by_type_resp_event
                0x08007ce8       0x20 ./Middlewares/ST/BlueNRG-2/hci/bluenrg1_events_cb.o
                0x08007ce8                aci_att_read_by_type_resp_event
 .text.aci_att_read_resp_event
                0x08007d08       0x1c ./Middlewares/ST/BlueNRG-2/hci/bluenrg1_events_cb.o
                0x08007d08                aci_att_read_resp_event
 .text.aci_att_read_blob_resp_event
                0x08007d24       0x1c ./Middlewares/ST/BlueNRG-2/hci/bluenrg1_events_cb.o
                0x08007d24                aci_att_read_blob_resp_event
 .text.aci_att_read_multiple_resp_event
                0x08007d40       0x1c ./Middlewares/ST/BlueNRG-2/hci/bluenrg1_events_cb.o
                0x08007d40                aci_att_read_multiple_resp_event
 .text.aci_att_read_by_group_type_resp_event
                0x08007d5c       0x20 ./Middlewares/ST/BlueNRG-2/hci/bluenrg1_events_cb.o
                0x08007d5c                aci_att_read_by_group_type_resp_event
 .text.aci_att_prepare_write_resp_event
                0x08007d7c       0x28 ./Middlewares/ST/BlueNRG-2/hci/bluenrg1_events_cb.o
                0x08007d7c                aci_att_prepare_write_resp_event
 .text.aci_att_exec_write_resp_event
                0x08007da4       0x16 ./Middlewares/ST/BlueNRG-2/hci/bluenrg1_events_cb.o
                0x08007da4                aci_att_exec_write_resp_event
 .text.aci_gatt_indication_event
                0x08007dba       0x20 ./Middlewares/ST/BlueNRG-2/hci/bluenrg1_events_cb.o
                0x08007dba                aci_gatt_indication_event
 .text.aci_gatt_notification_event
                0x08007dda       0x20 ./Middlewares/ST/BlueNRG-2/hci/bluenrg1_events_cb.o
                0x08007dda                aci_gatt_notification_event
 .text.aci_gatt_proc_complete_event
                0x08007dfa       0x1c ./Middlewares/ST/BlueNRG-2/hci/bluenrg1_events_cb.o
                0x08007dfa                aci_gatt_proc_complete_event
 .text.aci_gatt_error_resp_event
                0x08007e16       0x28 ./Middlewares/ST/BlueNRG-2/hci/bluenrg1_events_cb.o
                0x08007e16                aci_gatt_error_resp_event
 .text.aci_gatt_disc_read_char_by_uuid_resp_event
                0x08007e3e       0x20 ./Middlewares/ST/BlueNRG-2/hci/bluenrg1_events_cb.o
                0x08007e3e                aci_gatt_disc_read_char_by_uuid_resp_event
 .text.aci_gatt_write_permit_req_event
                0x08007e5e       0x20 ./Middlewares/ST/BlueNRG-2/hci/bluenrg1_events_cb.o
                0x08007e5e                aci_gatt_write_permit_req_event
 .text.aci_gatt_read_multi_permit_req_event
                0x08007e7e       0x1c ./Middlewares/ST/BlueNRG-2/hci/bluenrg1_events_cb.o
                0x08007e7e                aci_gatt_read_multi_permit_req_event
 .text.aci_gatt_tx_pool_available_event
                0x08007e9a       0x1c ./Middlewares/ST/BlueNRG-2/hci/bluenrg1_events_cb.o
                0x08007e9a                aci_gatt_tx_pool_available_event
 .text.aci_gatt_server_confirmation_event
                0x08007eb6       0x16 ./Middlewares/ST/BlueNRG-2/hci/bluenrg1_events_cb.o
                0x08007eb6                aci_gatt_server_confirmation_event
 .text.aci_gatt_prepare_write_permit_req_event
                0x08007ecc       0x28 ./Middlewares/ST/BlueNRG-2/hci/bluenrg1_events_cb.o
                0x08007ecc                aci_gatt_prepare_write_permit_req_event
 .text.aci_l2cap_connection_update_resp_event
                0x08007ef4       0x1c ./Middlewares/ST/BlueNRG-2/hci/bluenrg1_events_cb.o
                0x08007ef4                aci_l2cap_connection_update_resp_event
 .text.aci_l2cap_proc_timeout_event
                0x08007f10       0x1c ./Middlewares/ST/BlueNRG-2/hci/bluenrg1_events_cb.o
                0x08007f10                aci_l2cap_proc_timeout_event
 .text.aci_l2cap_connection_update_req_event
                0x08007f2c       0x28 ./Middlewares/ST/BlueNRG-2/hci/bluenrg1_events_cb.o
                0x08007f2c                aci_l2cap_connection_update_req_event
 .text.aci_l2cap_command_reject_event
                0x08007f54       0x28 ./Middlewares/ST/BlueNRG-2/hci/bluenrg1_events_cb.o
                0x08007f54                aci_l2cap_command_reject_event
 .text.aci_blue_initialized_event
                0x08007f7c       0x16 ./Middlewares/ST/BlueNRG-2/hci/bluenrg1_events_cb.o
                0x08007f7c                aci_blue_initialized_event
 .text.aci_blue_events_lost_event
                0x08007f92       0x14 ./Middlewares/ST/BlueNRG-2/hci/bluenrg1_events_cb.o
                0x08007f92                aci_blue_events_lost_event
 .text.aci_blue_crash_info_event
                0x08007fa6       0x1c ./Middlewares/ST/BlueNRG-2/hci/bluenrg1_events_cb.o
                0x08007fa6                aci_blue_crash_info_event
 .text.aci_hal_end_of_radio_activity_event
                0x08007fc2       0x1c ./Middlewares/ST/BlueNRG-2/hci/bluenrg1_events_cb.o
                0x08007fc2                aci_hal_end_of_radio_activity_event
 .text.aci_hal_scan_req_report_event
                0x08007fde       0x1c ./Middlewares/ST/BlueNRG-2/hci/bluenrg1_events_cb.o
                0x08007fde                aci_hal_scan_req_report_event
 .text.aci_hal_fw_error_event
                0x08007ffa       0x1c ./Middlewares/ST/BlueNRG-2/hci/bluenrg1_events_cb.o
                0x08007ffa                aci_hal_fw_error_event
 .text.hci_reset
                0x08008016       0x52 ./Middlewares/ST/BlueNRG-2/hci/bluenrg1_hci_le.o
                0x08008016                hci_reset
 .text.hci_read_local_version_information
                0x08008068       0x8c ./Middlewares/ST/BlueNRG-2/hci/bluenrg1_hci_le.o
                0x08008068                hci_read_local_version_information
 .text.hci_le_set_scan_response_data
                0x080080f4       0xf2 ./Middlewares/ST/BlueNRG-2/hci/bluenrg1_hci_le.o
                0x080080f4                hci_le_set_scan_response_data
 .text.aci_gap_set_discoverable
                0x080081e6      0x206 ./Middlewares/ST/BlueNRG-2/hci/controller/bluenrg1_gap_aci.o
                0x080081e6                aci_gap_set_discoverable
 .text.aci_gap_set_io_capability
                0x080083ec       0xba ./Middlewares/ST/BlueNRG-2/hci/controller/bluenrg1_gap_aci.o
                0x080083ec                aci_gap_set_io_capability
 .text.aci_gap_set_authentication_requirement
                0x080084a6      0x19a ./Middlewares/ST/BlueNRG-2/hci/controller/bluenrg1_gap_aci.o
                0x080084a6                aci_gap_set_authentication_requirement
 .text.aci_gap_pass_key_resp
                0x08008640       0xe0 ./Middlewares/ST/BlueNRG-2/hci/controller/bluenrg1_gap_aci.o
                0x08008640                aci_gap_pass_key_resp
 .text.aci_gap_init
                0x08008720      0x15a ./Middlewares/ST/BlueNRG-2/hci/controller/bluenrg1_gap_aci.o
                0x08008720                aci_gap_init
 .text.aci_gap_slave_security_req
                0x0800887a       0xc0 ./Middlewares/ST/BlueNRG-2/hci/controller/bluenrg1_gap_aci.o
                0x0800887a                aci_gap_slave_security_req
 .text.aci_gap_update_adv_data
                0x0800893a       0xf6 ./Middlewares/ST/BlueNRG-2/hci/controller/bluenrg1_gap_aci.o
                0x0800893a                aci_gap_update_adv_data
 .text.aci_gap_clear_security_db
                0x08008a30       0x52 ./Middlewares/ST/BlueNRG-2/hci/controller/bluenrg1_gap_aci.o
                0x08008a30                aci_gap_clear_security_db
 .text.aci_gatt_init
                0x08008a82       0x54 ./Middlewares/ST/BlueNRG-2/hci/controller/bluenrg1_gatt_aci.o
                0x08008a82                aci_gatt_init
 .text.aci_gatt_add_service
                0x08008ad6      0x1ac ./Middlewares/ST/BlueNRG-2/hci/controller/bluenrg1_gatt_aci.o
                0x08008ad6                aci_gatt_add_service
 .text.aci_gatt_add_char
                0x08008c82      0x210 ./Middlewares/ST/BlueNRG-2/hci/controller/bluenrg1_gatt_aci.o
                0x08008c82                aci_gatt_add_char
 .text.aci_gatt_update_char_value
                0x08008e92      0x164 ./Middlewares/ST/BlueNRG-2/hci/controller/bluenrg1_gatt_aci.o
                0x08008e92                aci_gatt_update_char_value
 .text.aci_gatt_allow_read
                0x08008ff6       0xbc ./Middlewares/ST/BlueNRG-2/hci/controller/bluenrg1_gatt_aci.o
                0x08008ff6                aci_gatt_allow_read
 .text.aci_hal_write_config_data
                0x080090b2      0x11c ./Middlewares/ST/BlueNRG-2/hci/controller/bluenrg1_hal_aci.o
                0x080090b2                aci_hal_write_config_data
 .text.aci_hal_read_config_data
                0x080091ce      0x108 ./Middlewares/ST/BlueNRG-2/hci/controller/bluenrg1_hal_aci.o
                0x080091ce                aci_hal_read_config_data
 .text.aci_hal_set_tx_power_level
                0x080092d6       0xe0 ./Middlewares/ST/BlueNRG-2/hci/controller/bluenrg1_hal_aci.o
                0x080092d6                aci_hal_set_tx_power_level
 .text.verify_packet
                0x080093b6       0x40 ./Middlewares/ST/BlueNRG-2/hci/hci_tl_patterns/Basic/hci_tl.o
 *fill*         0x080093f6        0x2 
 .text.send_cmd
                0x080093f8       0x84 ./Middlewares/ST/BlueNRG-2/hci/hci_tl_patterns/Basic/hci_tl.o
 .text.move_list
                0x0800947c       0x38 ./Middlewares/ST/BlueNRG-2/hci/hci_tl_patterns/Basic/hci_tl.o
 .text.free_event_list
                0x080094b4       0x3c ./Middlewares/ST/BlueNRG-2/hci/hci_tl_patterns/Basic/hci_tl.o
 .text.hci_init
                0x080094f0       0x84 ./Middlewares/ST/BlueNRG-2/hci/hci_tl_patterns/Basic/hci_tl.o
                0x080094f0                hci_init
 .text.hci_register_io_bus
                0x08009574       0x40 ./Middlewares/ST/BlueNRG-2/hci/hci_tl_patterns/Basic/hci_tl.o
                0x08009574                hci_register_io_bus
 .text.hci_send_req
                0x080095b4      0x230 ./Middlewares/ST/BlueNRG-2/hci/hci_tl_patterns/Basic/hci_tl.o
                0x080095b4                hci_send_req
 .text.hci_user_evt_proc
                0x080097e4       0x58 ./Middlewares/ST/BlueNRG-2/hci/hci_tl_patterns/Basic/hci_tl.o
                0x080097e4                hci_user_evt_proc
 .text.hci_notify_asynch_evt
                0x0800983c       0x9c ./Middlewares/ST/BlueNRG-2/hci/hci_tl_patterns/Basic/hci_tl.o
                0x0800983c                hci_notify_asynch_evt
 .text.list_init_head
                0x080098d8       0x20 ./Middlewares/ST/BlueNRG-2/utils/ble_list.o
                0x080098d8                list_init_head
 .text.list_is_empty
                0x080098f8       0x44 ./Middlewares/ST/BlueNRG-2/utils/ble_list.o
                0x080098f8                list_is_empty
 .text.list_insert_head
                0x0800993c       0x4c ./Middlewares/ST/BlueNRG-2/utils/ble_list.o
                0x0800993c                list_insert_head
 .text.list_insert_tail
                0x08009988       0x4c ./Middlewares/ST/BlueNRG-2/utils/ble_list.o
                0x08009988                list_insert_tail
 .text.list_remove_node
                0x080099d4       0x42 ./Middlewares/ST/BlueNRG-2/utils/ble_list.o
                0x080099d4                list_remove_node
 .text.list_remove_head
                0x08009a16       0x4e ./Middlewares/ST/BlueNRG-2/utils/ble_list.o
                0x08009a16                list_remove_head
 .text.list_remove_tail
                0x08009a64       0x4e ./Middlewares/ST/BlueNRG-2/utils/ble_list.o
                0x08009a64                list_remove_tail
 .text.list_get_size
                0x08009ab2       0x50 ./Middlewares/ST/BlueNRG-2/utils/ble_list.o
                0x08009ab2                list_get_size
 *fill*         0x08009b02        0x2 
 .text.srand    0x08009b04       0x5c C:/ST/STM32CubeIDE_1.19.0/STM32CubeIDE/plugins/com.st.stm32cube.ide.mcu.externaltools.gnu-tools-for-stm32.13.3.rel1.win32_1.0.0.202411081344/tools/bin/../lib/gcc/arm-none-eabi/13.3.1/../../../../arm-none-eabi/lib/thumb/v7e-m+fp/hard\libc_nano.a(libc_a-rand.o)
                0x08009b04                srand
 .text.rand     0x08009b60       0x7c C:/ST/STM32CubeIDE_1.19.0/STM32CubeIDE/plugins/com.st.stm32cube.ide.mcu.externaltools.gnu-tools-for-stm32.13.3.rel1.win32_1.0.0.202411081344/tools/bin/../lib/gcc/arm-none-eabi/13.3.1/../../../../arm-none-eabi/lib/thumb/v7e-m+fp/hard\libc_nano.a(libc_a-rand.o)
                0x08009b60                rand
 .text.std      0x08009bdc       0x6c C:/ST/STM32CubeIDE_1.19.0/STM32CubeIDE/plugins/com.st.stm32cube.ide.mcu.externaltools.gnu-tools-for-stm32.13.3.rel1.win32_1.0.0.202411081344/tools/bin/../lib/gcc/arm-none-eabi/13.3.1/../../../../arm-none-eabi/lib/thumb/v7e-m+fp/hard\libc_nano.a(libc_a-findfp.o)
 .text.stdio_exit_handler
                0x08009c48       0x18 C:/ST/STM32CubeIDE_1.19.0/STM32CubeIDE/plugins/com.st.stm32cube.ide.mcu.externaltools.gnu-tools-for-stm32.13.3.rel1.win32_1.0.0.202411081344/tools/bin/../lib/gcc/arm-none-eabi/13.3.1/../../../../arm-none-eabi/lib/thumb/v7e-m+fp/hard\libc_nano.a(libc_a-findfp.o)
 .text.cleanup_stdio
                0x08009c60       0x40 C:/ST/STM32CubeIDE_1.19.0/STM32CubeIDE/plugins/com.st.stm32cube.ide.mcu.externaltools.gnu-tools-for-stm32.13.3.rel1.win32_1.0.0.202411081344/tools/bin/../lib/gcc/arm-none-eabi/13.3.1/../../../../arm-none-eabi/lib/thumb/v7e-m+fp/hard\libc_nano.a(libc_a-findfp.o)
 .text.global_stdio_init.part.0
                0x08009ca0       0x3c C:/ST/STM32CubeIDE_1.19.0/STM32CubeIDE/plugins/com.st.stm32cube.ide.mcu.externaltools.gnu-tools-for-stm32.13.3.rel1.win32_1.0.0.202411081344/tools/bin/../lib/gcc/arm-none-eabi/13.3.1/../../../../arm-none-eabi/lib/thumb/v7e-m+fp/hard\libc_nano.a(libc_a-findfp.o)
 .text.__sfp_lock_acquire
                0x08009cdc        0xc C:/ST/STM32CubeIDE_1.19.0/STM32CubeIDE/plugins/com.st.stm32cube.ide.mcu.externaltools.gnu-tools-for-stm32.13.3.rel1.win32_1.0.0.202411081344/tools/bin/../lib/gcc/arm-none-eabi/13.3.1/../../../../arm-none-eabi/lib/thumb/v7e-m+fp/hard\libc_nano.a(libc_a-findfp.o)
                0x08009cdc                __sfp_lock_acquire
 .text.__sfp_lock_release
                0x08009ce8        0xc C:/ST/STM32CubeIDE_1.19.0/STM32CubeIDE/plugins/com.st.stm32cube.ide.mcu.externaltools.gnu-tools-for-stm32.13.3.rel1.win32_1.0.0.202411081344/tools/bin/../lib/gcc/arm-none-eabi/13.3.1/../../../../arm-none-eabi/lib/thumb/v7e-m+fp/hard\libc_nano.a(libc_a-findfp.o)
                0x08009ce8                __sfp_lock_release
 .text.__sinit  0x08009cf4       0x30 C:/ST/STM32CubeIDE_1.19.0/STM32CubeIDE/plugins/com.st.stm32cube.ide.mcu.externaltools.gnu-tools-for-stm32.13.3.rel1.win32_1.0.0.202411081344/tools/bin/../lib/gcc/arm-none-eabi/13.3.1/../../../../arm-none-eabi/lib/thumb/v7e-m+fp/hard\libc_nano.a(libc_a-findfp.o)
                0x08009cf4                __sinit
 .text._fwalk_sglue
                0x08009d24       0x3c C:/ST/STM32CubeIDE_1.19.0/STM32CubeIDE/plugins/com.st.stm32cube.ide.mcu.externaltools.gnu-tools-for-stm32.13.3.rel1.win32_1.0.0.202411081344/tools/bin/../lib/gcc/arm-none-eabi/13.3.1/../../../../arm-none-eabi/lib/thumb/v7e-m+fp/hard\libc_nano.a(libc_a-fwalk.o)
                0x08009d24                _fwalk_sglue
 .text.__sread  0x08009d60       0x22 C:/ST/STM32CubeIDE_1.19.0/STM32CubeIDE/plugins/com.st.stm32cube.ide.mcu.externaltools.gnu-tools-for-stm32.13.3.rel1.win32_1.0.0.202411081344/tools/bin/../lib/gcc/arm-none-eabi/13.3.1/../../../../arm-none-eabi/lib/thumb/v7e-m+fp/hard\libc_nano.a(libc_a-stdio.o)
                0x08009d60                __sread
 .text.__swrite
                0x08009d82       0x38 C:/ST/STM32CubeIDE_1.19.0/STM32CubeIDE/plugins/com.st.stm32cube.ide.mcu.externaltools.gnu-tools-for-stm32.13.3.rel1.win32_1.0.0.202411081344/tools/bin/../lib/gcc/arm-none-eabi/13.3.1/../../../../arm-none-eabi/lib/thumb/v7e-m+fp/hard\libc_nano.a(libc_a-stdio.o)
                0x08009d82                __swrite
 .text.__sseek  0x08009dba       0x24 C:/ST/STM32CubeIDE_1.19.0/STM32CubeIDE/plugins/com.st.stm32cube.ide.mcu.externaltools.gnu-tools-for-stm32.13.3.rel1.win32_1.0.0.202411081344/tools/bin/../lib/gcc/arm-none-eabi/13.3.1/../../../../arm-none-eabi/lib/thumb/v7e-m+fp/hard\libc_nano.a(libc_a-stdio.o)
                0x08009dba                __sseek
 .text.__sclose
                0x08009dde        0x8 C:/ST/STM32CubeIDE_1.19.0/STM32CubeIDE/plugins/com.st.stm32cube.ide.mcu.externaltools.gnu-tools-for-stm32.13.3.rel1.win32_1.0.0.202411081344/tools/bin/../lib/gcc/arm-none-eabi/13.3.1/../../../../arm-none-eabi/lib/thumb/v7e-m+fp/hard\libc_nano.a(libc_a-stdio.o)
                0x08009dde                __sclose
 .text.memset   0x08009de6       0x10 C:/ST/STM32CubeIDE_1.19.0/STM32CubeIDE/plugins/com.st.stm32cube.ide.mcu.externaltools.gnu-tools-for-stm32.13.3.rel1.win32_1.0.0.202411081344/tools/bin/../lib/gcc/arm-none-eabi/13.3.1/../../../../arm-none-eabi/lib/thumb/v7e-m+fp/hard\libc_nano.a(libc_a-memset.o)
                0x08009de6                memset
 *fill*         0x08009df6        0x2 
 .text._close_r
                0x08009df8       0x20 C:/ST/STM32CubeIDE_1.19.0/STM32CubeIDE/plugins/com.st.stm32cube.ide.mcu.externaltools.gnu-tools-for-stm32.13.3.rel1.win32_1.0.0.202411081344/tools/bin/../lib/gcc/arm-none-eabi/13.3.1/../../../../arm-none-eabi/lib/thumb/v7e-m+fp/hard\libc_nano.a(libc_a-closer.o)
                0x08009df8                _close_r
 .text._lseek_r
                0x08009e18       0x24 C:/ST/STM32CubeIDE_1.19.0/STM32CubeIDE/plugins/com.st.stm32cube.ide.mcu.externaltools.gnu-tools-for-stm32.13.3.rel1.win32_1.0.0.202411081344/tools/bin/../lib/gcc/arm-none-eabi/13.3.1/../../../../arm-none-eabi/lib/thumb/v7e-m+fp/hard\libc_nano.a(libc_a-lseekr.o)
                0x08009e18                _lseek_r
 .text._read_r  0x08009e3c       0x24 C:/ST/STM32CubeIDE_1.19.0/STM32CubeIDE/plugins/com.st.stm32cube.ide.mcu.externaltools.gnu-tools-for-stm32.13.3.rel1.win32_1.0.0.202411081344/tools/bin/../lib/gcc/arm-none-eabi/13.3.1/../../../../arm-none-eabi/lib/thumb/v7e-m+fp/hard\libc_nano.a(libc_a-readr.o)
                0x08009e3c                _read_r
 .text._write_r
                0x08009e60       0x24 C:/ST/STM32CubeIDE_1.19.0/STM32CubeIDE/plugins/com.st.stm32cube.ide.mcu.externaltools.gnu-tools-for-stm32.13.3.rel1.win32_1.0.0.202411081344/tools/bin/../lib/gcc/arm-none-eabi/13.3.1/../../../../arm-none-eabi/lib/thumb/v7e-m+fp/hard\libc_nano.a(libc_a-writer.o)
                0x08009e60                _write_r
 .text.__errno  0x08009e84        0xc C:/ST/STM32CubeIDE_1.19.0/STM32CubeIDE/plugins/com.st.stm32cube.ide.mcu.externaltools.gnu-tools-for-stm32.13.3.rel1.win32_1.0.0.202411081344/tools/bin/../lib/gcc/arm-none-eabi/13.3.1/../../../../arm-none-eabi/lib/thumb/v7e-m+fp/hard\libc_nano.a(libc_a-errno.o)
                0x08009e84                __errno
 .text.__libc_init_array
                0x08009e90       0x48 C:/ST/STM32CubeIDE_1.19.0/STM32CubeIDE/plugins/com.st.stm32cube.ide.mcu.externaltools.gnu-tools-for-stm32.13.3.rel1.win32_1.0.0.202411081344/tools/bin/../lib/gcc/arm-none-eabi/13.3.1/../../../../arm-none-eabi/lib/thumb/v7e-m+fp/hard\libc_nano.a(libc_a-init.o)
                0x08009e90                __libc_init_array
 .text.__retarget_lock_init_recursive
                0x08009ed8        0x2 C:/ST/STM32CubeIDE_1.19.0/STM32CubeIDE/plugins/com.st.stm32cube.ide.mcu.externaltools.gnu-tools-for-stm32.13.3.rel1.win32_1.0.0.202411081344/tools/bin/../lib/gcc/arm-none-eabi/13.3.1/../../../../arm-none-eabi/lib/thumb/v7e-m+fp/hard\libc_nano.a(libc_a-lock.o)
                0x08009ed8                __retarget_lock_init_recursive
 .text.__retarget_lock_acquire_recursive
                0x08009eda        0x2 C:/ST/STM32CubeIDE_1.19.0/STM32CubeIDE/plugins/com.st.stm32cube.ide.mcu.externaltools.gnu-tools-for-stm32.13.3.rel1.win32_1.0.0.202411081344/tools/bin/../lib/gcc/arm-none-eabi/13.3.1/../../../../arm-none-eabi/lib/thumb/v7e-m+fp/hard\libc_nano.a(libc_a-lock.o)
                0x08009eda                __retarget_lock_acquire_recursive
 .text.__retarget_lock_release_recursive
                0x08009edc        0x2 C:/ST/STM32CubeIDE_1.19.0/STM32CubeIDE/plugins/com.st.stm32cube.ide.mcu.externaltools.gnu-tools-for-stm32.13.3.rel1.win32_1.0.0.202411081344/tools/bin/../lib/gcc/arm-none-eabi/13.3.1/../../../../arm-none-eabi/lib/thumb/v7e-m+fp/hard\libc_nano.a(libc_a-lock.o)
                0x08009edc                __retarget_lock_release_recursive
 .text.memcpy   0x08009ede       0x1c C:/ST/STM32CubeIDE_1.19.0/STM32CubeIDE/plugins/com.st.stm32cube.ide.mcu.externaltools.gnu-tools-for-stm32.13.3.rel1.win32_1.0.0.202411081344/tools/bin/../lib/gcc/arm-none-eabi/13.3.1/../../../../arm-none-eabi/lib/thumb/v7e-m+fp/hard\libc_nano.a(libc_a-memcpy-stub.o)
                0x08009ede                memcpy
 *fill*         0x08009efa        0x2 
 .text.__assert_func
                0x08009efc       0x3c C:/ST/STM32CubeIDE_1.19.0/STM32CubeIDE/plugins/com.st.stm32cube.ide.mcu.externaltools.gnu-tools-for-stm32.13.3.rel1.win32_1.0.0.202411081344/tools/bin/../lib/gcc/arm-none-eabi/13.3.1/../../../../arm-none-eabi/lib/thumb/v7e-m+fp/hard\libc_nano.a(libc_a-assert.o)
                0x08009efc                __assert_func
 .text._free_r  0x08009f38       0x94 C:/ST/STM32CubeIDE_1.19.0/STM32CubeIDE/plugins/com.st.stm32cube.ide.mcu.externaltools.gnu-tools-for-stm32.13.3.rel1.win32_1.0.0.202411081344/tools/bin/../lib/gcc/arm-none-eabi/13.3.1/../../../../arm-none-eabi/lib/thumb/v7e-m+fp/hard\libc_nano.a(libc_a-freer.o)
                0x08009f38                _free_r
 .text.malloc   0x08009fcc       0x10 C:/ST/STM32CubeIDE_1.19.0/STM32CubeIDE/plugins/com.st.stm32cube.ide.mcu.externaltools.gnu-tools-for-stm32.13.3.rel1.win32_1.0.0.202411081344/tools/bin/../lib/gcc/arm-none-eabi/13.3.1/../../../../arm-none-eabi/lib/thumb/v7e-m+fp/hard\libc_nano.a(libc_a-malloc.o)
                0x08009fcc                malloc
 .text.sbrk_aligned
                0x08009fdc       0x44 C:/ST/STM32CubeIDE_1.19.0/STM32CubeIDE/plugins/com.st.stm32cube.ide.mcu.externaltools.gnu-tools-for-stm32.13.3.rel1.win32_1.0.0.202411081344/tools/bin/../lib/gcc/arm-none-eabi/13.3.1/../../../../arm-none-eabi/lib/thumb/v7e-m+fp/hard\libc_nano.a(libc_a-mallocr.o)
 .text._malloc_r
                0x0800a020      0x100 C:/ST/STM32CubeIDE_1.19.0/STM32CubeIDE/plugins/com.st.stm32cube.ide.mcu.externaltools.gnu-tools-for-stm32.13.3.rel1.win32_1.0.0.202411081344/tools/bin/../lib/gcc/arm-none-eabi/13.3.1/../../../../arm-none-eabi/lib/thumb/v7e-m+fp/hard\libc_nano.a(libc_a-mallocr.o)
                0x0800a020                _malloc_r
 .text.__malloc_lock
                0x0800a120        0xc C:/ST/STM32CubeIDE_1.19.0/STM32CubeIDE/plugins/com.st.stm32cube.ide.mcu.externaltools.gnu-tools-for-stm32.13.3.rel1.win32_1.0.0.202411081344/tools/bin/../lib/gcc/arm-none-eabi/13.3.1/../../../../arm-none-eabi/lib/thumb/v7e-m+fp/hard\libc_nano.a(libc_a-mlock.o)
                0x0800a120                __malloc_lock
 .text.__malloc_unlock
                0x0800a12c        0xc C:/ST/STM32CubeIDE_1.19.0/STM32CubeIDE/plugins/com.st.stm32cube.ide.mcu.externaltools.gnu-tools-for-stm32.13.3.rel1.win32_1.0.0.202411081344/tools/bin/../lib/gcc/arm-none-eabi/13.3.1/../../../../arm-none-eabi/lib/thumb/v7e-m+fp/hard\libc_nano.a(libc_a-mlock.o)
                0x0800a12c                __malloc_unlock
 .text.__sflush_r
                0x0800a138      0x108 C:/ST/STM32CubeIDE_1.19.0/STM32CubeIDE/plugins/com.st.stm32cube.ide.mcu.externaltools.gnu-tools-for-stm32.13.3.rel1.win32_1.0.0.202411081344/tools/bin/../lib/gcc/arm-none-eabi/13.3.1/../../../../arm-none-eabi/lib/thumb/v7e-m+fp/hard\libc_nano.a(libc_a-fflush.o)
                0x0800a138                __sflush_r
 .text._fflush_r
                0x0800a240       0x50 C:/ST/STM32CubeIDE_1.19.0/STM32CubeIDE/plugins/com.st.stm32cube.ide.mcu.externaltools.gnu-tools-for-stm32.13.3.rel1.win32_1.0.0.202411081344/tools/bin/../lib/gcc/arm-none-eabi/13.3.1/../../../../arm-none-eabi/lib/thumb/v7e-m+fp/hard\libc_nano.a(libc_a-fflush.o)
                0x0800a240                _fflush_r
 .text.fprintf  0x0800a290       0x24 C:/ST/STM32CubeIDE_1.19.0/STM32CubeIDE/plugins/com.st.stm32cube.ide.mcu.externaltools.gnu-tools-for-stm32.13.3.rel1.win32_1.0.0.202411081344/tools/bin/../lib/gcc/arm-none-eabi/13.3.1/../../../../arm-none-eabi/lib/thumb/v7e-m+fp/hard\libc_nano.a(libc_a-fprintf.o)
                0x0800a290                fiprintf
                0x0800a290                fprintf
 .text._sbrk_r  0x0800a2b4       0x20 C:/ST/STM32CubeIDE_1.19.0/STM32CubeIDE/plugins/com.st.stm32cube.ide.mcu.externaltools.gnu-tools-for-stm32.13.3.rel1.win32_1.0.0.202411081344/tools/bin/../lib/gcc/arm-none-eabi/13.3.1/../../../../arm-none-eabi/lib/thumb/v7e-m+fp/hard\libc_nano.a(libc_a-sbrkr.o)
                0x0800a2b4                _sbrk_r
 .text.abort    0x0800a2d4        0xe C:/ST/STM32CubeIDE_1.19.0/STM32CubeIDE/plugins/com.st.stm32cube.ide.mcu.externaltools.gnu-tools-for-stm32.13.3.rel1.win32_1.0.0.202411081344/tools/bin/../lib/gcc/arm-none-eabi/13.3.1/../../../../arm-none-eabi/lib/thumb/v7e-m+fp/hard\libc_nano.a(libc_a-abort.o)
                0x0800a2d4                abort
 .text.__sfputc_r
                0x0800a2e2       0x2e C:/ST/STM32CubeIDE_1.19.0/STM32CubeIDE/plugins/com.st.stm32cube.ide.mcu.externaltools.gnu-tools-for-stm32.13.3.rel1.win32_1.0.0.202411081344/tools/bin/../lib/gcc/arm-none-eabi/13.3.1/../../../../arm-none-eabi/lib/thumb/v7e-m+fp/hard\libc_nano.a(libc_a-nano-vfprintf.o)
 .text.__sfputs_r
                0x0800a310       0x24 C:/ST/STM32CubeIDE_1.19.0/STM32CubeIDE/plugins/com.st.stm32cube.ide.mcu.externaltools.gnu-tools-for-stm32.13.3.rel1.win32_1.0.0.202411081344/tools/bin/../lib/gcc/arm-none-eabi/13.3.1/../../../../arm-none-eabi/lib/thumb/v7e-m+fp/hard\libc_nano.a(libc_a-nano-vfprintf.o)
                0x0800a310                __sfputs_r
 .text._vfprintf_r
                0x0800a334      0x230 C:/ST/STM32CubeIDE_1.19.0/STM32CubeIDE/plugins/com.st.stm32cube.ide.mcu.externaltools.gnu-tools-for-stm32.13.3.rel1.win32_1.0.0.202411081344/tools/bin/../lib/gcc/arm-none-eabi/13.3.1/../../../../arm-none-eabi/lib/thumb/v7e-m+fp/hard\libc_nano.a(libc_a-nano-vfprintf.o)
                0x0800a334                _vfprintf_r
                0x0800a334                _vfiprintf_r
 .text._printf_common
                0x0800a564       0xda C:/ST/STM32CubeIDE_1.19.0/STM32CubeIDE/plugins/com.st.stm32cube.ide.mcu.externaltools.gnu-tools-for-stm32.13.3.rel1.win32_1.0.0.202411081344/tools/bin/../lib/gcc/arm-none-eabi/13.3.1/../../../../arm-none-eabi/lib/thumb/v7e-m+fp/hard\libc_nano.a(libc_a-nano-vfprintf_i.o)
                0x0800a564                _printf_common
 *fill*         0x0800a63e        0x2 
 .text._printf_i
                0x0800a640      0x23c C:/ST/STM32CubeIDE_1.19.0/STM32CubeIDE/plugins/com.st.stm32cube.ide.mcu.externaltools.gnu-tools-for-stm32.13.3.rel1.win32_1.0.0.202411081344/tools/bin/../lib/gcc/arm-none-eabi/13.3.1/../../../../arm-none-eabi/lib/thumb/v7e-m+fp/hard\libc_nano.a(libc_a-nano-vfprintf_i.o)
                0x0800a640                _printf_i
 .text.__swbuf_r
                0x0800a87c       0x7c C:/ST/STM32CubeIDE_1.19.0/STM32CubeIDE/plugins/com.st.stm32cube.ide.mcu.externaltools.gnu-tools-for-stm32.13.3.rel1.win32_1.0.0.202411081344/tools/bin/../lib/gcc/arm-none-eabi/13.3.1/../../../../arm-none-eabi/lib/thumb/v7e-m+fp/hard\libc_nano.a(libc_a-wbuf.o)
                0x0800a87c                __swbuf_r
 .text.__swsetup_r
                0x0800a8f8       0xac C:/ST/STM32CubeIDE_1.19.0/STM32CubeIDE/plugins/com.st.stm32cube.ide.mcu.externaltools.gnu-tools-for-stm32.13.3.rel1.win32_1.0.0.202411081344/tools/bin/../lib/gcc/arm-none-eabi/13.3.1/../../../../arm-none-eabi/lib/thumb/v7e-m+fp/hard\libc_nano.a(libc_a-wsetup.o)
                0x0800a8f8                __swsetup_r
 .text._raise_r
                0x0800a9a4       0x50 C:/ST/STM32CubeIDE_1.19.0/STM32CubeIDE/plugins/com.st.stm32cube.ide.mcu.externaltools.gnu-tools-for-stm32.13.3.rel1.win32_1.0.0.202411081344/tools/bin/../lib/gcc/arm-none-eabi/13.3.1/../../../../arm-none-eabi/lib/thumb/v7e-m+fp/hard\libc_nano.a(libc_a-signal.o)
                0x0800a9a4                _raise_r
 .text.raise    0x0800a9f4       0x10 C:/ST/STM32CubeIDE_1.19.0/STM32CubeIDE/plugins/com.st.stm32cube.ide.mcu.externaltools.gnu-tools-for-stm32.13.3.rel1.win32_1.0.0.202411081344/tools/bin/../lib/gcc/arm-none-eabi/13.3.1/../../../../arm-none-eabi/lib/thumb/v7e-m+fp/hard\libc_nano.a(libc_a-signal.o)
                0x0800a9f4                raise
 .text._kill_r  0x0800aa04       0x24 C:/ST/STM32CubeIDE_1.19.0/STM32CubeIDE/plugins/com.st.stm32cube.ide.mcu.externaltools.gnu-tools-for-stm32.13.3.rel1.win32_1.0.0.202411081344/tools/bin/../lib/gcc/arm-none-eabi/13.3.1/../../../../arm-none-eabi/lib/thumb/v7e-m+fp/hard\libc_nano.a(libc_a-signalr.o)
                0x0800aa04                _kill_r
 .text._getpid_r
                0x0800aa28        0x4 C:/ST/STM32CubeIDE_1.19.0/STM32CubeIDE/plugins/com.st.stm32cube.ide.mcu.externaltools.gnu-tools-for-stm32.13.3.rel1.win32_1.0.0.202411081344/tools/bin/../lib/gcc/arm-none-eabi/13.3.1/../../../../arm-none-eabi/lib/thumb/v7e-m+fp/hard\libc_nano.a(libc_a-signalr.o)
                0x0800aa28                _getpid_r
 .text.__swhatbuf_r
                0x0800aa2c       0x4c C:/ST/STM32CubeIDE_1.19.0/STM32CubeIDE/plugins/com.st.stm32cube.ide.mcu.externaltools.gnu-tools-for-stm32.13.3.rel1.win32_1.0.0.202411081344/tools/bin/../lib/gcc/arm-none-eabi/13.3.1/../../../../arm-none-eabi/lib/thumb/v7e-m+fp/hard\libc_nano.a(libc_a-makebuf.o)
                0x0800aa2c                __swhatbuf_r
 .text.__smakebuf_r
                0x0800aa78       0x78 C:/ST/STM32CubeIDE_1.19.0/STM32CubeIDE/plugins/com.st.stm32cube.ide.mcu.externaltools.gnu-tools-for-stm32.13.3.rel1.win32_1.0.0.202411081344/tools/bin/../lib/gcc/arm-none-eabi/13.3.1/../../../../arm-none-eabi/lib/thumb/v7e-m+fp/hard\libc_nano.a(libc_a-makebuf.o)
                0x0800aa78                __smakebuf_r
 .text._fstat_r
                0x0800aaf0       0x24 C:/ST/STM32CubeIDE_1.19.0/STM32CubeIDE/plugins/com.st.stm32cube.ide.mcu.externaltools.gnu-tools-for-stm32.13.3.rel1.win32_1.0.0.202411081344/tools/bin/../lib/gcc/arm-none-eabi/13.3.1/../../../../arm-none-eabi/lib/thumb/v7e-m+fp/hard\libc_nano.a(libc_a-fstatr.o)
                0x0800aaf0                _fstat_r
 .text._isatty_r
                0x0800ab14       0x20 C:/ST/STM32CubeIDE_1.19.0/STM32CubeIDE/plugins/com.st.stm32cube.ide.mcu.externaltools.gnu-tools-for-stm32.13.3.rel1.win32_1.0.0.202411081344/tools/bin/../lib/gcc/arm-none-eabi/13.3.1/../../../../arm-none-eabi/lib/thumb/v7e-m+fp/hard\libc_nano.a(libc_a-isattyr.o)
                0x0800ab14                _isatty_r
 *(.glue_7)
 .glue_7        0x0800ab34        0x0 linker stubs
 *(.glue_7t)
 .glue_7t       0x0800ab34        0x0 linker stubs
 *(.eh_frame)
 .eh_frame      0x0800ab34        0x0 C:/ST/STM32CubeIDE_1.19.0/STM32CubeIDE/plugins/com.st.stm32cube.ide.mcu.externaltools.gnu-tools-for-stm32.13.3.rel1.win32_1.0.0.202411081344/tools/bin/../lib/gcc/arm-none-eabi/13.3.1/thumb/v7e-m+fp/hard/crtbegin.o
 *(.init)
 .init          0x0800ab34        0x4 C:/ST/STM32CubeIDE_1.19.0/STM32CubeIDE/plugins/com.st.stm32cube.ide.mcu.externaltools.gnu-tools-for-stm32.13.3.rel1.win32_1.0.0.202411081344/tools/bin/../lib/gcc/arm-none-eabi/13.3.1/thumb/v7e-m+fp/hard/crti.o
                0x0800ab34                _init
 .init          0x0800ab38        0x8 C:/ST/STM32CubeIDE_1.19.0/STM32CubeIDE/plugins/com.st.stm32cube.ide.mcu.externaltools.gnu-tools-for-stm32.13.3.rel1.win32_1.0.0.202411081344/tools/bin/../lib/gcc/arm-none-eabi/13.3.1/thumb/v7e-m+fp/hard/crtn.o
 *(.fini)
 .fini          0x0800ab40        0x4 C:/ST/STM32CubeIDE_1.19.0/STM32CubeIDE/plugins/com.st.stm32cube.ide.mcu.externaltools.gnu-tools-for-stm32.13.3.rel1.win32_1.0.0.202411081344/tools/bin/../lib/gcc/arm-none-eabi/13.3.1/thumb/v7e-m+fp/hard/crti.o
                0x0800ab40                _fini
 .fini          0x0800ab44        0x8 C:/ST/STM32CubeIDE_1.19.0/STM32CubeIDE/plugins/com.st.stm32cube.ide.mcu.externaltools.gnu-tools-for-stm32.13.3.rel1.win32_1.0.0.202411081344/tools/bin/../lib/gcc/arm-none-eabi/13.3.1/thumb/v7e-m+fp/hard/crtn.o
                0x0800ab4c                        . = ALIGN (0x4)
                0x0800ab4c                        _etext = .

.vfp11_veneer   0x0800ab4c        0x0
 .vfp11_veneer  0x0800ab4c        0x0 linker stubs

.v4_bx          0x0800ab4c        0x0
 .v4_bx         0x0800ab4c        0x0 linker stubs

.iplt           0x0800ab4c        0x0
 .iplt          0x0800ab4c        0x0 C:/ST/STM32CubeIDE_1.19.0/STM32CubeIDE/plugins/com.st.stm32cube.ide.mcu.externaltools.gnu-tools-for-stm32.13.3.rel1.win32_1.0.0.202411081344/tools/bin/../lib/gcc/arm-none-eabi/13.3.1/thumb/v7e-m+fp/hard/crtbegin.o

.rodata         0x0800ab4c      0x324
                0x0800ab4c                        . = ALIGN (0x4)
 *(.rodata)
 .rodata        0x0800ab4c        0x7 ./BlueNRG_2/App/app_bluenrg_2.o
 *fill*         0x0800ab53        0x1 
 .rodata        0x0800ab54        0x8 ./BlueNRG_2/App/sensor.o
 *(.rodata*)
 .rodata.AHBPrescTable
                0x0800ab5c       0x10 ./Core/Src/system_stm32g4xx.o
                0x0800ab5c                AHBPrescTable
 .rodata.APBPrescTable
                0x0800ab6c        0x8 ./Core/Src/system_stm32g4xx.o
                0x0800ab6c                APBPrescTable
 .rodata.LedGpioInit.4
                0x0800ab74        0x4 ./Drivers/BSP/custom/custom.o
 .rodata.ButtonGpioInit.3
                0x0800ab78        0x4 ./Drivers/BSP/custom/custom.o
 .rodata.BUTTON_EXTI_LINE.2
                0x0800ab7c        0x4 ./Drivers/BSP/custom/custom.o
 .rodata.ButtonCallback.1
                0x0800ab80        0x4 ./Drivers/BSP/custom/custom.o
 .rodata.BSP_BUTTON_PRIO.0
                0x0800ab84        0x4 ./Drivers/BSP/custom/custom.o
 .rodata.UARTPrescTable
                0x0800ab88       0x18 ./Drivers/STM32G4xx_HAL_Driver/Src/stm32g4xx_hal_uart.o
                0x0800ab88                UARTPrescTable
 .rodata.numerator.1
                0x0800aba0        0x8 ./Drivers/STM32G4xx_HAL_Driver/Src/stm32g4xx_hal_uart_ex.o
 .rodata.denominator.0
                0x0800aba8        0x8 ./Drivers/STM32G4xx_HAL_Driver/Src/stm32g4xx_hal_uart_ex.o
 .rodata.hci_events_table
                0x0800abb0       0x38 ./Middlewares/ST/BlueNRG-2/hci/bluenrg1_events.o
                0x0800abb0                hci_events_table
 .rodata.hci_le_meta_events_table
                0x0800abe8       0x50 ./Middlewares/ST/BlueNRG-2/hci/bluenrg1_events.o
                0x0800abe8                hci_le_meta_events_table
 .rodata.hci_vendor_specific_events_table
                0x0800ac38      0x158 ./Middlewares/ST/BlueNRG-2/hci/bluenrg1_events.o
                0x0800ac38                hci_vendor_specific_events_table
 .rodata.srand.str1.1
                0x0800ad90       0xde C:/ST/STM32CubeIDE_1.19.0/STM32CubeIDE/plugins/com.st.stm32cube.ide.mcu.externaltools.gnu-tools-for-stm32.13.3.rel1.win32_1.0.0.202411081344/tools/bin/../lib/gcc/arm-none-eabi/13.3.1/../../../../arm-none-eabi/lib/thumb/v7e-m+fp/hard\libc_nano.a(libc_a-rand.o)
                                 0x6f (size before relaxing)
 .rodata.__assert_func.str1.1
                0x0800ae6e       0x3d C:/ST/STM32CubeIDE_1.19.0/STM32CubeIDE/plugins/com.st.stm32cube.ide.mcu.externaltools.gnu-tools-for-stm32.13.3.rel1.win32_1.0.0.202411081344/tools/bin/../lib/gcc/arm-none-eabi/13.3.1/../../../../arm-none-eabi/lib/thumb/v7e-m+fp/hard\libc_nano.a(libc_a-assert.o)
 .rodata._vfprintf_r.str1.1
                0x0800ae6e       0x11 C:/ST/STM32CubeIDE_1.19.0/STM32CubeIDE/plugins/com.st.stm32cube.ide.mcu.externaltools.gnu-tools-for-stm32.13.3.rel1.win32_1.0.0.202411081344/tools/bin/../lib/gcc/arm-none-eabi/13.3.1/../../../../arm-none-eabi/lib/thumb/v7e-m+fp/hard\libc_nano.a(libc_a-nano-vfprintf.o)
 .rodata._printf_i.str1.1
                0x0800ae6e       0x22 C:/ST/STM32CubeIDE_1.19.0/STM32CubeIDE/plugins/com.st.stm32cube.ide.mcu.externaltools.gnu-tools-for-stm32.13.3.rel1.win32_1.0.0.202411081344/tools/bin/../lib/gcc/arm-none-eabi/13.3.1/../../../../arm-none-eabi/lib/thumb/v7e-m+fp/hard\libc_nano.a(libc_a-nano-vfprintf_i.o)
                0x0800aeac                        . = ALIGN (0x4)
 *fill*         0x0800ae6e        0x2 

.ARM.extab      0x0800ae70        0x0
                0x0800ae70                        . = ALIGN (0x4)
 *(.ARM.extab* .gnu.linkonce.armextab.*)
                0x0800ae70                        . = ALIGN (0x4)

.ARM            0x0800ae70        0x8
                0x0800ae70                        . = ALIGN (0x4)
                0x0800ae70                        __exidx_start = .
 *(.ARM.exidx*)
 .ARM.exidx     0x0800ae70        0x8 C:/ST/STM32CubeIDE_1.19.0/STM32CubeIDE/plugins/com.st.stm32cube.ide.mcu.externaltools.gnu-tools-for-stm32.13.3.rel1.win32_1.0.0.202411081344/tools/bin/../lib/gcc/arm-none-eabi/13.3.1/../../../../arm-none-eabi/lib/thumb/v7e-m+fp/hard\libc_nano.a(libc_a-memchr.o)
 .ARM.exidx     0x0800ae78        0x0 C:/ST/STM32CubeIDE_1.19.0/STM32CubeIDE/plugins/com.st.stm32cube.ide.mcu.externaltools.gnu-tools-for-stm32.13.3.rel1.win32_1.0.0.202411081344/tools/bin/../lib/gcc/arm-none-eabi/13.3.1/thumb/v7e-m+fp/hard\libgcc.a(_udivmoddi4.o)
                                  0x8 (size before relaxing)
                0x0800ae78                        __exidx_end = .
                0x0800ae78                        . = ALIGN (0x4)

.preinit_array  0x0800ae78        0x0
                0x0800ae78                        . = ALIGN (0x4)
                0x0800ae78                        PROVIDE (__preinit_array_start = .)
 *(.preinit_array*)
                0x0800ae78                        PROVIDE (__preinit_array_end = .)
                0x0800ae78                        . = ALIGN (0x4)

.init_array     0x0800ae78        0x4
                0x0800ae78                        . = ALIGN (0x4)
                0x0800ae78                        PROVIDE (__init_array_start = .)
 *(SORT_BY_NAME(.init_array.*))
 *(.init_array*)
 .init_array    0x0800ae78        0x4 C:/ST/STM32CubeIDE_1.19.0/STM32CubeIDE/plugins/com.st.stm32cube.ide.mcu.externaltools.gnu-tools-for-stm32.13.3.rel1.win32_1.0.0.202411081344/tools/bin/../lib/gcc/arm-none-eabi/13.3.1/thumb/v7e-m+fp/hard/crtbegin.o
                0x0800ae7c                        PROVIDE (__init_array_end = .)
                0x0800ae7c                        . = ALIGN (0x4)

.fini_array     0x0800ae7c        0x4
                0x0800ae7c                        . = ALIGN (0x4)
                [!provide]                        PROVIDE (__fini_array_start = .)
 *(SORT_BY_NAME(.fini_array.*))
 *(.fini_array*)
 .fini_array    0x0800ae7c        0x4 C:/ST/STM32CubeIDE_1.19.0/STM32CubeIDE/plugins/com.st.stm32cube.ide.mcu.externaltools.gnu-tools-for-stm32.13.3.rel1.win32_1.0.0.202411081344/tools/bin/../lib/gcc/arm-none-eabi/13.3.1/thumb/v7e-m+fp/hard/crtbegin.o
                [!provide]                        PROVIDE (__fini_array_end = .)
                0x0800ae80                        . = ALIGN (0x4)
                0x0800ae80                        _sidata = LOADADDR (.data)

.rel.dyn        0x0800ae80        0x0
 .rel.iplt      0x0800ae80        0x0 C:/ST/STM32CubeIDE_1.19.0/STM32CubeIDE/plugins/com.st.stm32cube.ide.mcu.externaltools.gnu-tools-for-stm32.13.3.rel1.win32_1.0.0.202411081344/tools/bin/../lib/gcc/arm-none-eabi/13.3.1/thumb/v7e-m+fp/hard/crtbegin.o

.data           0x20000000       0x80 load address 0x0800ae80
                0x20000000                        . = ALIGN (0x4)
                0x20000000                        _sdata = .
 *(.data)
 *(.data*)
 .data.user_button_init_state
                0x20000000        0x1 ./BlueNRG_2/App/app_bluenrg_2.o
 .data.set_connectable
                0x20000001        0x1 ./BlueNRG_2/App/sensor.o
                0x20000001                set_connectable
 *fill*         0x20000002        0x2 
 .data.SystemCoreClock
                0x20000004        0x4 ./Core/Src/system_stm32g4xx.o
                0x20000004                SystemCoreClock
 .data.LED_PORT
                0x20000008        0x4 ./Drivers/BSP/custom/custom.o
 .data.BUTTON_PORT
                0x2000000c        0x4 ./Drivers/BSP/custom/custom.o
 .data.hpb_exti
                0x20000010        0x8 ./Drivers/BSP/custom/custom.o
                0x20000010                hpb_exti
 .data.COM_USART
                0x20000018        0x4 ./Drivers/BSP/custom/custom.o
                0x20000018                COM_USART
 .data.uwTickPrio
                0x2000001c        0x4 ./Drivers/STM32G4xx_HAL_Driver/Src/stm32g4xx_hal.o
                0x2000001c                uwTickPrio
 .data.uwTickFreq
                0x20000020        0x4 ./Drivers/STM32G4xx_HAL_Driver/Src/stm32g4xx_hal.o
                0x20000020                uwTickFreq
 .data.__sglue  0x20000024        0xc C:/ST/STM32CubeIDE_1.19.0/STM32CubeIDE/plugins/com.st.stm32cube.ide.mcu.externaltools.gnu-tools-for-stm32.13.3.rel1.win32_1.0.0.202411081344/tools/bin/../lib/gcc/arm-none-eabi/13.3.1/../../../../arm-none-eabi/lib/thumb/v7e-m+fp/hard\libc_nano.a(libc_a-findfp.o)
                0x20000024                __sglue
 .data._impure_ptr