Archive member included to satisfy reference by file (symbol)

C:/ST/STM32CubeIDE_1.19.0/STM32CubeIDE/plugins/com.st.stm32cube.ide.mcu.externaltools.gnu-tools-for-stm32.13.3.rel1.win32_1.0.0.202411081344/tools/bin/../lib/gcc/arm-none-eabi/13.3.1/../../../../arm-none-eabi/lib/thumb/v7e-m+fp/hard\libc_nano.a(libc_a-exit.o)
                              C:/ST/STM32CubeIDE_1.19.0/STM32CubeIDE/plugins/com.st.stm32cube.ide.mcu.externaltools.gnu-tools-for-stm32.13.3.rel1.win32_1.0.0.202411081344/tools/bin/../lib/gcc/arm-none-eabi/13.3.1/../../../../arm-none-eabi/lib/thumb/v7e-m+fp/hard/crt0.o (exit)
C:/ST/STM32CubeIDE_1.19.0/STM32CubeIDE/plugins/com.st.stm32cube.ide.mcu.externaltools.gnu-tools-for-stm32.13.3.rel1.win32_1.0.0.202411081344/tools/bin/../lib/gcc/arm-none-eabi/13.3.1/../../../../arm-none-eabi/lib/thumb/v7e-m+fp/hard\libc_nano.a(libc_a-rand.o)
                              ./BlueNRG_2/App/app_bluenrg_2.o (srand)
C:/ST/STM32CubeIDE_1.19.0/STM32CubeIDE/plugins/com.st.stm32cube.ide.mcu.externaltools.gnu-tools-for-stm32.13.3.rel1.win32_1.0.0.202411081344/tools/bin/../lib/gcc/arm-none-eabi/13.3.1/../../../../arm-none-eabi/lib/thumb/v7e-m+fp/hard\libc_nano.a(libc_a-findfp.o)
                              C:/ST/STM32CubeIDE_1.19.0/STM32CubeIDE/plugins/com.st.stm32cube.ide.mcu.externaltools.gnu-tools-for-stm32.13.3.rel1.win32_1.0.0.202411081344/tools/bin/../lib/gcc/arm-none-eabi/13.3.1/../../../../arm-none-eabi/lib/thumb/v7e-m+fp/hard\libc_nano.a(libc_a-exit.o) (__stdio_exit_handler)
C:/ST/STM32CubeIDE_1.19.0/STM32CubeIDE/plugins/com.st.stm32cube.ide.mcu.externaltools.gnu-tools-for-stm32.13.3.rel1.win32_1.0.0.202411081344/tools/bin/../lib/gcc/arm-none-eabi/13.3.1/../../../../arm-none-eabi/lib/thumb/v7e-m+fp/hard\libc_nano.a(libc_a-fwalk.o)
                              C:/ST/STM32CubeIDE_1.19.0/STM32CubeIDE/plugins/com.st.stm32cube.ide.mcu.externaltools.gnu-tools-for-stm32.13.3.rel1.win32_1.0.0.202411081344/tools/bin/../lib/gcc/arm-none-eabi/13.3.1/../../../../arm-none-eabi/lib/thumb/v7e-m+fp/hard\libc_nano.a(libc_a-findfp.o) (_fwalk_sglue)
C:/ST/STM32CubeIDE_1.19.0/STM32CubeIDE/plugins/com.st.stm32cube.ide.mcu.externaltools.gnu-tools-for-stm32.13.3.rel1.win32_1.0.0.202411081344/tools/bin/../lib/gcc/arm-none-eabi/13.3.1/../../../../arm-none-eabi/lib/thumb/v7e-m+fp/hard\libc_nano.a(libc_a-stdio.o)
                              C:/ST/STM32CubeIDE_1.19.0/STM32CubeIDE/plugins/com.st.stm32cube.ide.mcu.externaltools.gnu-tools-for-stm32.13.3.rel1.win32_1.0.0.202411081344/tools/bin/../lib/gcc/arm-none-eabi/13.3.1/../../../../arm-none-eabi/lib/thumb/v7e-m+fp/hard\libc_nano.a(libc_a-findfp.o) (__sread)
C:/ST/STM32CubeIDE_1.19.0/STM32CubeIDE/plugins/com.st.stm32cube.ide.mcu.externaltools.gnu-tools-for-stm32.13.3.rel1.win32_1.0.0.202411081344/tools/bin/../lib/gcc/arm-none-eabi/13.3.1/../../../../arm-none-eabi/lib/thumb/v7e-m+fp/hard\libc_nano.a(libc_a-memset.o)
                              C:/ST/STM32CubeIDE_1.19.0/STM32CubeIDE/plugins/com.st.stm32cube.ide.mcu.externaltools.gnu-tools-for-stm32.13.3.rel1.win32_1.0.0.202411081344/tools/bin/../lib/gcc/arm-none-eabi/13.3.1/../../../../arm-none-eabi/lib/thumb/v7e-m+fp/hard/crt0.o (memset)
C:/ST/STM32CubeIDE_1.19.0/STM32CubeIDE/plugins/com.st.stm32cube.ide.mcu.externaltools.gnu-tools-for-stm32.13.3.rel1.win32_1.0.0.202411081344/tools/bin/../lib/gcc/arm-none-eabi/13.3.1/../../../../arm-none-eabi/lib/thumb/v7e-m+fp/hard\libc_nano.a(libc_a-closer.o)
                              C:/ST/STM32CubeIDE_1.19.0/STM32CubeIDE/plugins/com.st.stm32cube.ide.mcu.externaltools.gnu-tools-for-stm32.13.3.rel1.win32_1.0.0.202411081344/tools/bin/../lib/gcc/arm-none-eabi/13.3.1/../../../../arm-none-eabi/lib/thumb/v7e-m+fp/hard\libc_nano.a(libc_a-stdio.o) (_close_r)
C:/ST/STM32CubeIDE_1.19.0/STM32CubeIDE/plugins/com.st.stm32cube.ide.mcu.externaltools.gnu-tools-for-stm32.13.3.rel1.win32_1.0.0.202411081344/tools/bin/../lib/gcc/arm-none-eabi/13.3.1/../../../../arm-none-eabi/lib/thumb/v7e-m+fp/hard\libc_nano.a(libc_a-reent.o)
                              C:/ST/STM32CubeIDE_1.19.0/STM32CubeIDE/plugins/com.st.stm32cube.ide.mcu.externaltools.gnu-tools-for-stm32.13.3.rel1.win32_1.0.0.202411081344/tools/bin/../lib/gcc/arm-none-eabi/13.3.1/../../../../arm-none-eabi/lib/thumb/v7e-m+fp/hard\libc_nano.a(libc_a-closer.o) (errno)
C:/ST/STM32CubeIDE_1.19.0/STM32CubeIDE/plugins/com.st.stm32cube.ide.mcu.externaltools.gnu-tools-for-stm32.13.3.rel1.win32_1.0.0.202411081344/tools/bin/../lib/gcc/arm-none-eabi/13.3.1/../../../../arm-none-eabi/lib/thumb/v7e-m+fp/hard\libc_nano.a(libc_a-impure.o)
                              C:/ST/STM32CubeIDE_1.19.0/STM32CubeIDE/plugins/com.st.stm32cube.ide.mcu.externaltools.gnu-tools-for-stm32.13.3.rel1.win32_1.0.0.202411081344/tools/bin/../lib/gcc/arm-none-eabi/13.3.1/../../../../arm-none-eabi/lib/thumb/v7e-m+fp/hard\libc_nano.a(libc_a-rand.o) (_impure_ptr)
[...]
Memory Configuration

Name             Origin             Length             Attributes
RAM              0x20000000         0x00008000         xrw
FLASH            0x08000000         0x00020000         xr
*default*        0x00000000         0xffffffff

Linker script and memory map

LOAD C:/ST/STM32CubeIDE_1.19.0/STM32CubeIDE/plugins/com.st.stm32cube.ide.mcu.externaltools.gnu-tools-for-stm32.13.3.rel1.win32_1.0.0.202411081344/tools/bin/../lib/gcc/arm-none-eabi/13.3.1/thumb/v7e-m+fp/hard/crti.o
LOAD C:/ST/STM32CubeIDE_1.19.0/STM32CubeIDE/plugins/com.st.stm32cube.ide.mcu.externaltools.gnu-tools-for-stm32.13.3.rel1.win32_1.0.0.202411081344/tools/bin/../lib/gcc/arm-none-eabi/13.3.1/thumb/v7e-m+fp/hard/crtbegin.o
LOAD C:/ST/STM32CubeIDE_1.19.0/STM32CubeIDE/plugins/com.st.stm32cube.ide.mcu.externaltools.gnu-tools-for-stm32.13.3.rel1.win32_1.0.0.202411081344/tools/bin/../lib/gcc/arm-none-eabi/13.3.1/../../../../arm-none-eabi/lib/thumb/v7e-m+fp/hard/crt0.o
LOAD ./BlueNRG_2/App/OTA.o
LOAD ./BlueNRG_2/App/app_bluenrg_2.o
LOAD ./BlueNRG_2/App/ble_uart.o
LOAD ./BlueNRG_2/App/gatt_db.o
LOAD ./BlueNRG_2/App/sensor.o
LOAD ./BlueNRG_2/App/target_platform.o
LOAD ./BlueNRG_2/Target/hci_tl_interface.o
LOAD ./Core/Src/custom_bus.o
LOAD ./Core/Src/main.o
LOAD ./Core/Src/stm32g4xx_hal_msp.o
LOAD ./Core/Src/stm32g4xx_it.o
LOAD ./Core/Src/syscalls.o
LOAD ./Core/Src/sysmem.o
LOAD ./Core/Src/system_stm32g4xx.o
LOAD ./Core/Startup/startup_stm32g431rbtx.o
LOAD ./Drivers/BSP/custom/custom.o
LOAD ./Drivers/STM32G4xx_HAL_Driver/Src/stm32g4xx_hal.o
LOAD ./Drivers/STM32G4xx_HAL_Driver/Src/stm32g4xx_hal_cortex.o
LOAD ./Drivers/STM32G4xx_HAL_Driver/Src/stm32g4xx_hal_dma.o
LOAD ./Drivers/STM32G4xx_HAL_Driver/Src/stm32g4xx_hal_dma_ex.o
LOAD ./Drivers/STM32G4xx_HAL_Driver/Src/stm32g4xx_hal_exti.o
LOAD ./Drivers/STM32G4xx_HAL_Driver/Src/stm32g4xx_hal_flash.o
LOAD ./Drivers/STM32G4xx_HAL_Driver/Src/stm32g4xx_hal_flash_ex.o
LOAD ./Drivers/STM32G4xx_HAL_Driver/Src/stm32g4xx_hal_flash_ramfunc.o
LOAD ./Drivers/STM32G4xx_HAL_Driver/Src/stm32g4xx_hal_gpio.o
LOAD ./Drivers/STM32G4xx_HAL_Driver/Src/stm32g4xx_hal_pwr.o
LOAD ./Drivers/STM32G4xx_HAL_Driver/Src/stm32g4xx_hal_pwr_ex.o
LOAD ./Drivers/STM32G4xx_HAL_Driver/Src/stm32g4xx_hal_rcc.o
LOAD ./Drivers/STM32G4xx_HAL_Driver/Src/stm32g4xx_hal_rcc_ex.o
LOAD ./Drivers/STM32G4xx_HAL_Driver/Src/stm32g4xx_hal_spi.o
LOAD ./Drivers/STM32G4xx_HAL_Driver/Src/stm32g4xx_hal_spi_ex.o
LOAD ./Drivers/STM32G4xx_HAL_Driver/Src/stm32g4xx_hal_uart.o
LOAD ./Drivers/STM32G4xx_HAL_Driver/Src/stm32g4xx_hal_uart_ex.o
LOAD ./Middlewares/ST/BlueNRG-2/hci/bluenrg1_devConfig.o
LOAD ./Middlewares/ST/BlueNRG-2/hci/bluenrg1_events.o
LOAD ./Middlewares/ST/BlueNRG-2/hci/bluenrg1_events_cb.o
LOAD ./Middlewares/ST/BlueNRG-2/hci/bluenrg1_hci_le.o
LOAD ./Middlewares/ST/BlueNRG-2/hci/controller/bluenrg1_gap_aci.o
LOAD ./Middlewares/ST/BlueNRG-2/hci/controller/bluenrg1_gatt_aci.o
LOAD ./Middlewares/ST/BlueNRG-2/hci/controller/bluenrg1_hal_aci.o
LOAD ./Middlewares/ST/BlueNRG-2/hci/controller/bluenrg1_l2cap_aci.o
LOAD ./Middlewares/ST/BlueNRG-2/hci/hci_tl_patterns/Basic/hci_tl.o
LOAD ./Middlewares/ST/BlueNRG-2/utils/ble_list.o
START GROUP
LOAD C:/ST/STM32CubeIDE_1.19.0/STM32CubeIDE/plugins/com.st.stm32cube.ide.mcu.externaltools.gnu-tools-for-stm32.13.3.rel1.win32_1.0.0.202411081344/tools/bin/../lib/gcc/arm-none-eabi/13.3.1/../../../../arm-none-eabi/lib/thumb/v7e-m+fp/hard\libc_nano.a
LOAD C:/ST/STM32CubeIDE_1.19.0/STM32CubeIDE/plugins/com.st.stm32cube.ide.mcu.externaltools.gnu-tools-for-stm32.13.3.rel1.win32_1.0.0.202411081344/tools/bin/../lib/gcc/arm-none-eabi/13.3.1/../../../../arm-none-eabi/lib/thumb/v7e-m+fp/hard\libm.a
END GROUP
START GROUP
LOAD C:/ST/STM32CubeIDE_1.19.0/STM32CubeIDE/plugins/com.st.stm32cube.ide.mcu.externaltools.gnu-tools-for-stm32.13.3.rel1.win32_1.0.0.202411081344/tools/bin/../lib/gcc/arm-none-eabi/13.3.1/thumb/v7e-m+fp/hard\libgcc.a
LOAD C:/ST/STM32CubeIDE_1.19.0/STM32CubeIDE/plugins/com.st.stm32cube.ide.mcu.externaltools.gnu-tools-for-stm32.13.3.rel1.win32_1.0.0.202411081344/tools/bin/../lib/gcc/arm-none-eabi/13.3.1/../../../../arm-none-eabi/lib/thumb/v7e-m+fp/hard\libc_nano.a
END GROUP
START GROUP
LOAD C:/ST/STM32CubeIDE_1.19.0/STM32CubeIDE/plugins/com.st.stm32cube.ide.mcu.externaltools.gnu-tools-for-stm32.13.3.rel1.win32_1.0.0.202411081344/tools/bin/../lib/gcc/arm-none-eabi/13.3.1/thumb/v7e-m+fp/hard\libgcc.a
LOAD C:/ST/STM32CubeIDE_1.19.0/STM32CubeIDE/plugins/com.st.stm32cube.ide.mcu.externaltools.gnu-tools-for-stm32.13.3.rel1.win32_1.0.0.202411081344/tools/bin/../lib/gcc/arm-none-eabi/13.3.1/../../../../arm-none-eabi/lib/thumb/v7e-m+fp/hard\libc_nano.a
LOAD C:/ST/STM32CubeIDE_1.19.0/STM32CubeIDE/plugins/com.st.stm32cube.ide.mcu.externaltools.gnu-tools-for-stm32.13.3.rel1.win32_1.0.0.202411081344/tools/bin/../lib/gcc/arm-none-eabi/13.3.1/../../../../arm-none-eabi/lib/thumb/v7e-m+fp/hard\libnosys.a
END GROUP
START GROUP
LOAD C:/ST/STM32CubeIDE_1.19.0/STM32CubeIDE/plugins/com.st.stm32cube.ide.mcu.externaltools.gnu-tools-for-stm32.13.3.rel1.win32_1.0.0.202411081344/tools/bin/../lib/gcc/arm-none-eabi/13.3.1/thumb/v7e-m+fp/hard\libgcc.a
LOAD C:/ST/STM32CubeIDE_1.19.0/STM32CubeIDE/plugins/com.st.stm32cube.ide.mcu.externaltools.gnu-tools-for-stm32.13.3.rel1.win32_1.0.0.202411081344/tools/bin/../lib/gcc/arm-none-eabi/13.3.1/../../../../arm-none-eabi/lib/thumb/v7e-m+fp/hard\libc_nano.a
LOAD C:/ST/STM32CubeIDE_1.19.0/STM32CubeIDE/plugins/com.st.stm32cube.ide.mcu.externaltools.gnu-tools-for-stm32.13.3.rel1.win32_1.0.0.202411081344/tools/bin/../lib/gcc/arm-none-eabi/13.3.1/../../../../arm-none-eabi/lib/thumb/v7e-m+fp/hard\libnosys.a
END GROUP
LOAD C:/ST/STM32CubeIDE_1.19.0/STM32CubeIDE/plugins/com.st.stm32cube.ide.mcu.externaltools.gnu-tools-for-stm32.13.3.rel1.win32_1.0.0.202411081344/tools/bin/../lib/gcc/arm-none-eabi/13.3.1/thumb/v7e-m+fp/hard/crtend.o
LOAD C:/ST/STM32CubeIDE_1.19.0/STM32CubeIDE/plugins/com.st.stm32cube.ide.mcu.externaltools.gnu-tools-for-stm32.13.3.rel1.win32_1.0.0.202411081344/tools/bin/../lib/gcc/arm-none-eabi/13.3.1/thumb/v7e-m+fp/hard/crtn.o
                0x20008000                        _estack = (ORIGIN (RAM) + LENGTH (RAM))
                0x00000200                        _Min_Heap_Size = 0x200
                0x00000d00                        _Min_Stack_Size = 0xd00

.isr_vector     0x08000000      0x1d8
                0x08000000                        . = ALIGN (0x4)
 *(.isr_vector)
 .isr_vector    0x08000000      0x1d8 ./Core/Startup/startup_stm32g431rbtx.o
                0x08000000                g_pfnVectors
                0x080001d8                        . = ALIGN (0x4)

.text           0x080001e0     0xabf4
                0x080001e0                        . = ALIGN (0x4)
 *(.text)
 .text          0x080001e0       0x40 C:/ST/STM32CubeIDE_1.19.0/STM32CubeIDE/plugins/com.st.stm32cube.ide.mcu.externaltools.gnu-tools-for-stm32.13.3.rel1.win32_1.0.0.202411081344/tools/bin/../lib/gcc/arm-none-eabi/13.3.1/thumb/v7e-m+fp/hard/crtbegin.o
 .text          0x08000220       0xa0 C:/ST/STM32CubeIDE_1.19.0/STM32CubeIDE/plugins/com.st.stm32cube.ide.mcu.externaltools.gnu-tools-for-stm32.13.3.rel1.win32_1.0.0.202411081344/tools/bin/../lib/gcc/arm-none-eabi/13.3.1/../../../../arm-none-eabi/lib/thumb/v7e-m+fp/hard\libc_nano.a(libc_a-memchr.o)
                0x08000220                memchr
 .text          0x080002c0      0x378 C:/ST/STM32CubeIDE_1.19.0/STM32CubeIDE/plugins/com.st.stm32cube.ide.mcu.externaltools.gnu-tools-for-stm32.13.3.rel1.win32_1.0.0.202411081344/tools/bin/../lib/gcc/arm-none-eabi/13.3.1/thumb/v7e-m+fp/hard\libgcc.a(_arm_addsubdf3.o)
                0x080002c0                __aeabi_drsub
                0x080002c8                __aeabi_dsub
                0x080002c8                __subdf3
                0x080002cc                __aeabi_dadd
                0x080002cc                __adddf3
                0x08000544                __floatunsidf
                0x08000544                __aeabi_ui2d
                0x08000564                __floatsidf
                0x08000564                __aeabi_i2d
                0x08000588                __aeabi_f2d
                0x08000588                __extendsfdf2
                0x080005cc                __floatundidf
                0x080005cc                __aeabi_ul2d
                0x080005dc                __floatdidf
                0x080005dc                __aeabi_l2d
 .text          0x08000638       0xa0 C:/ST/STM32CubeIDE_1.19.0/STM32CubeIDE/plugins/com.st.stm32cube.ide.mcu.externaltools.gnu-tools-for-stm32.13.3.rel1.win32_1.0.0.202411081344/tools/bin/../lib/gcc/arm-none-eabi/13.3.1/thumb/v7e-m+fp/hard\libgcc.a(_arm_truncdfsf2.o)
                0x08000638                __truncdfsf2
                0x08000638                __aeabi_d2f
 .text          0x080006d8       0x30 C:/ST/STM32CubeIDE_1.19.0/STM32CubeIDE/plugins/com.st.stm32cube.ide.mcu.externaltools.gnu-tools-for-stm32.13.3.rel1.win32_1.0.0.202411081344/tools/bin/../lib/gcc/arm-none-eabi/13.3.1/thumb/v7e-m+fp/hard\libgcc.a(_aeabi_uldivmod.o)
                0x080006d8                __aeabi_uldivmod
 .text          0x08000708      0x2f8 C:/ST/STM32CubeIDE_1.19.0/STM32CubeIDE/plugins/com.st.stm32cube.ide.mcu.externaltools.gnu-tools-for-stm32.13.3.rel1.win32_1.0.0.202411081344/tools/bin/../lib/gcc/arm-none-eabi/13.3.1/thumb/v7e-m+fp/hard\libgcc.a(_udivmoddi4.o)
                0x08000708                __udivmoddi4
 .text          0x08000a00        0x4 C:/ST/STM32CubeIDE_1.19.0/STM32CubeIDE/plugins/com.st.stm32cube.ide.mcu.externaltools.gnu-tools-for-stm32.13.3.rel1.win32_1.0.0.202411081344/tools/bin/../lib/gcc/arm-none-eabi/13.3.1/thumb/v7e-m+fp/hard\libgcc.a(_dvmd_tls.o)
                0x08000a00                __aeabi_idiv0
                0x08000a00                __aeabi_ldiv0
 *(.text*)
 .text.MX_BlueNRG_2_Init
                0x08000a04       0x48 ./BlueNRG_2/App/app_bluenrg_2.o
                0x08000a04                MX_BlueNRG_2_Init
 .text.MX_BlueNRG_2_Process
                0x08000a4c       0x10 ./BlueNRG_2/App/app_bluenrg_2.o
                0x08000a4c                MX_BlueNRG_2_Process
 .text.User_Init
                0x08000a5c       0x1c ./BlueNRG_2/App/app_bluenrg_2.o
 .text.Sensor_DeviceInit
                0x08000a78      0x154 ./BlueNRG_2/App/app_bluenrg_2.o
 .text.User_Process
                0x08000bcc      0x218 ./BlueNRG_2/App/app_bluenrg_2.o
 .text.Set_Random_Environmental_Values
                0x08000de4      0x100 ./BlueNRG_2/App/app_bluenrg_2.o
 .text.Set_Random_Motion_Values
                0x08000ee4     0x10dc ./BlueNRG_2/App/app_bluenrg_2.o
 .text.Reset_Motion_Values
                0x08001fc0      0x1d4 ./BlueNRG_2/App/app_bluenrg_2.o
 .text.getBlueNRGVersion
                0x08002194       0x84 ./BlueNRG_2/App/app_bluenrg_2.o
                0x08002194                getBlueNRGVersion
 .text.BSP_PB_Callback
                0x08002218       0x20 ./BlueNRG_2/App/app_bluenrg_2.o
                0x08002218                BSP_PB_Callback
 .text.hci_le_connection_complete_event
                0x08002238       0x54 ./BlueNRG_2/App/app_bluenrg_2.o
                0x08002238                hci_le_connection_complete_event
 .text.hci_disconnection_complete_event
                0x0800228c       0x54 ./BlueNRG_2/App/app_bluenrg_2.o
                0x0800228c                hci_disconnection_complete_event
 .text.aci_gatt_read_permit_req_event
                0x080022e0       0x22 ./BlueNRG_2/App/app_bluenrg_2.o
                0x080022e0                aci_gatt_read_permit_req_event
 *fill*         0x08002302        0x2 
 .text.aci_gatt_attribute_modified_event
                0x08002304       0x54 ./BlueNRG_2/App/app_bluenrg_2.o
                0x08002304                aci_gatt_attribute_modified_event
 .text.aci_gap_pass_key_req_event
                0x08002358       0x2c ./BlueNRG_2/App/app_bluenrg_2.o
                0x08002358                aci_gap_pass_key_req_event
 .text.aci_gap_pairing_complete_event
                0x08002384       0x30 ./BlueNRG_2/App/app_bluenrg_2.o
                0x08002384                aci_gap_pairing_complete_event
 .text.BLE_UART_AddService
                0x080023b4       0xd8 ./BlueNRG_2/App/ble_uart.o
                0x080023b4                BLE_UART_AddService
 .text.BLE_UART_Send
                0x0800248c       0x50 ./BlueNRG_2/App/ble_uart.o
                0x0800248c                BLE_UART_Send
 .text.BLE_UART_RxHandler
                0x080024dc       0x30 ./BlueNRG_2/App/ble_uart.o
                0x080024dc                BLE_UART_RxHandler
 .text.Add_HWServW2ST_Service
                0x0800250c      0x1b4 ./BlueNRG_2/App/gatt_db.o
                0x0800250c                Add_HWServW2ST_Service
 .text.Add_SWServW2ST_Service
                0x080026c0      0x120 ./BlueNRG_2/App/gatt_db.o
                0x080026c0                Add_SWServW2ST_Service
 .text.Environmental_Update
                0x080027e0       0x8c ./BlueNRG_2/App/gatt_db.o
                0x080027e0                Environmental_Update
 .text.Acc_Update
                0x0800286c      0x114 ./BlueNRG_2/App/gatt_db.o
                0x0800286c                Acc_Update
 .text.Quat_Update
                0x08002980       0x8c ./BlueNRG_2/App/gatt_db.o
                0x08002980                Quat_Update
 .text.Read_Request_CB
                0x08002a0c      0x194 ./BlueNRG_2/App/gatt_db.o
                0x08002a0c                Read_Request_CB
 .text.Attribute_Modified_Request_CB
                0x08002ba0       0xc4 ./BlueNRG_2/App/gatt_db.o
                0x08002ba0                Attribute_Modified_Request_CB
 .text.Set_DeviceConnectable
                0x08002c64       0xe8 ./BlueNRG_2/App/sensor.o
                0x08002c64                Set_DeviceConnectable
 .text.APP_UserEvtRx
                0x08002d4c       0xf0 ./BlueNRG_2/App/sensor.o
                0x08002d4c                APP_UserEvtRx
 .text.HCI_TL_SPI_Enable_IRQ
                0x08002e3c        0xe ./BlueNRG_2/Target/hci_tl_interface.o
 .text.HCI_TL_SPI_Disable_IRQ
                0x08002e4a        0xe ./BlueNRG_2/Target/hci_tl_interface.o
 .text.HCI_TL_SPI_Init
                0x08002e58       0x98 ./BlueNRG_2/Target/hci_tl_interface.o
                0x08002e58                HCI_TL_SPI_Init
 .text.HCI_TL_SPI_DeInit
                0x08002ef0       0x2a ./BlueNRG_2/Target/hci_tl_interface.o
                0x08002ef0                HCI_TL_SPI_DeInit
 .text.HCI_TL_SPI_Reset
                0x08002f1a       0x3e ./BlueNRG_2/Target/hci_tl_interface.o
                0x08002f1a                HCI_TL_SPI_Reset
 .text.HCI_TL_SPI_Receive
                0x08002f58       0xd8 ./BlueNRG_2/Target/hci_tl_interface.o
                0x08002f58                HCI_TL_SPI_Receive
 .text.HCI_TL_SPI_Send
                0x08003030      0x110 ./BlueNRG_2/Target/hci_tl_interface.o
                0x08003030                HCI_TL_SPI_Send
 .text.IsDataAvailable
                0x08003140       0x1e ./BlueNRG_2/Target/hci_tl_interface.o
 *fill*         0x0800315e        0x2 
 .text.hci_tl_lowlevel_init
                0x08003160       0x74 ./BlueNRG_2/Target/hci_tl_interface.o
                0x08003160                hci_tl_lowlevel_init
 .text.hci_tl_lowlevel_isr
                0x080031d4       0x22 ./BlueNRG_2/Target/hci_tl_interface.o
                0x080031d4                hci_tl_lowlevel_isr
 *fill*         0x080031f6        0x2 
 .text.BSP_SPI1_Init
                0x080031f8       0x60 ./Core/Src/custom_bus.o
                0x080031f8                BSP_SPI1_Init
 .text.BSP_SPI1_SendRecv
                0x08003258       0x40 ./Core/Src/custom_bus.o
                0x08003258                BSP_SPI1_SendRecv
 .text.BSP_GetTick
                0x08003298        0xe ./Core/Src/custom_bus.o
                0x08003298                BSP_GetTick
 *fill*         0x080032a6        0x2 
 .text.MX_SPI1_Init
                0x080032a8       0x84 ./Core/Src/custom_bus.o
                0x080032a8                MX_SPI1_Init
 .text.SPI1_MspInit
                0x0800332c       0xc4 ./Core/Src/custom_bus.o
 .text.main     0x080033f0       0x1a ./Core/Src/main.o
                0x080033f0                main
 .text.SystemClock_Config
                0x0800340a       0x80 ./Core/Src/main.o
                0x0800340a                SystemClock_Config
 *fill*         0x0800348a        0x2 
 .text.MX_GPIO_Init
                0x0800348c      0x11c ./Core/Src/main.o
 .text.Error_Handler
                0x080035a8        0xc ./Core/Src/main.o
                0x080035a8                Error_Handler
 .text.HAL_MspInit
                0x080035b4       0x48 ./Core/Src/stm32g4xx_hal_msp.o
                0x080035b4                HAL_MspInit
 .text.NMI_Handler
                0x080035fc        0x8 ./Core/Src/stm32g4xx_it.o
                0x080035fc                NMI_Handler
 .text.HardFault_Handler
                0x08003604        0x8 ./Core/Src/stm32g4xx_it.o
                0x08003604                HardFault_Handler
 .text.MemManage_Handler
                0x0800360c        0x8 ./Core/Src/stm32g4xx_it.o
                0x0800360c                MemManage_Handler
 .text.BusFault_Handler
                0x08003614        0x8 ./Core/Src/stm32g4xx_it.o
                0x08003614                BusFault_Handler
 .text.UsageFault_Handler
                0x0800361c        0x8 ./Core/Src/stm32g4xx_it.o
                0x0800361c                UsageFault_Handler
 .text.SVC_Handler
                0x08003624        0xe ./Core/Src/stm32g4xx_it.o
                0x08003624                SVC_Handler
 .text.DebugMon_Handler
                0x08003632        0xe ./Core/Src/stm32g4xx_it.o
                0x08003632                DebugMon_Handler
 .text.PendSV_Handler
                0x08003640        0xe ./Core/Src/stm32g4xx_it.o
                0x08003640                PendSV_Handler
 .text.SysTick_Handler
                0x0800364e        0xc ./Core/Src/stm32g4xx_it.o
                0x0800364e                SysTick_Handler
 *fill*         0x0800365a        0x2 
 .text.EXTI0_IRQHandler
                0x0800365c       0x14 ./Core/Src/stm32g4xx_it.o
                0x0800365c                EXTI0_IRQHandler
 .text.EXTI15_10_IRQHandler
                0x08003670       0x14 ./Core/Src/stm32g4xx_it.o
                0x08003670                EXTI15_10_IRQHandler
 .text._getpid  0x08003684       0x10 ./Core/Src/syscalls.o
                0x08003684                _getpid
 .text._kill    0x08003694       0x20 ./Core/Src/syscalls.o
                0x08003694                _kill
 .text._exit    0x080036b4       0x16 ./Core/Src/syscalls.o
                0x080036b4                _exit
 .text._read    0x080036ca       0x3a ./Core/Src/syscalls.o
                0x080036ca                _read
 .text._write   0x08003704       0x38 ./Core/Src/syscalls.o
                0x08003704                _write
 .text._close   0x0800373c       0x18 ./Core/Src/syscalls.o
                0x0800373c                _close
 .text._fstat   0x08003754       0x20 ./Core/Src/syscalls.o
                0x08003754                _fstat
 .text._isatty  0x08003774       0x16 ./Core/Src/syscalls.o
                0x08003774                _isatty
 .text._lseek   0x0800378a       0x1a ./Core/Src/syscalls.o
                0x0800378a                _lseek
 .text._sbrk    0x080037a4       0x6c ./Core/Src/sysmem.o
                0x080037a4                _sbrk
 .text.SystemInit
                0x08003810       0x24 ./Core/Src/system_stm32g4xx.o
                0x08003810                SystemInit
 .text.Reset_Handler
                0x08003834       0x50 ./Core/Startup/startup_stm32g431rbtx.o
                0x08003834                Reset_Handler
 .text.Default_Handler
                0x08003884        0x2 ./Core/Startup/startup_stm32g431rbtx.o
                0x08003884                RTC_Alarm_IRQHandler
                0x08003884                EXTI2_IRQHandler
                0x08003884                TIM8_TRG_COM_IRQHandler
                0x08003884                TIM8_CC_IRQHandler
                0x08003884                TIM1_CC_IRQHandler
                0x08003884                USB_HP_IRQHandler
                0x08003884                CORDIC_IRQHandler
                0x08003884                EXTI3_IRQHandler
                0x08003884                I2C3_ER_IRQHandler
                0x08003884                I2C2_EV_IRQHandler
                0x08003884                FPU_IRQHandler
                0x08003884                FDCAN1_IT1_IRQHandler
                0x08003884                TIM1_UP_TIM16_IRQHandler
                0x08003884                ADC1_2_IRQHandler
                0x08003884                SPI1_IRQHandler
                0x08003884                TIM6_DAC_IRQHandler
                0x08003884                TIM8_UP_IRQHandler
                0x08003884                DMA2_Channel2_IRQHandler
                0x08003884                DMA1_Channel4_IRQHandler
                0x08003884                USART3_IRQHandler
                0x08003884                TIM4_IRQHandler
                0x08003884                DMA2_Channel1_IRQHandler
                0x08003884                I2C1_EV_IRQHandler
                0x08003884                DMA1_Channel6_IRQHandler
                0x08003884                UART4_IRQHandler
                0x08003884                DMA2_Channel4_IRQHandler
                0x08003884                TIM3_IRQHandler
                0x08003884                RCC_IRQHandler
                0x08003884                DMA1_Channel1_IRQHandler
                0x08003884                Default_Handler
                0x08003884                RTC_TAMP_LSECSS_IRQHandler
                0x08003884                FMAC_IRQHandler
                0x08003884                TIM7_IRQHandler
                0x08003884                UCPD1_IRQHandler
                0x08003884                I2C3_EV_IRQHandler
                0x08003884                EXTI9_5_IRQHandler
                0x08003884                RTC_WKUP_IRQHandler
                0x08003884                PVD_PVM_IRQHandler
                0x08003884                SPI2_IRQHandler
                0x08003884                DMA2_Channel5_IRQHandler
                0x08003884                CRS_IRQHandler
                0x08003884                DMA1_Channel5_IRQHandler
                0x08003884                USB_LP_IRQHandler
                0x08003884                EXTI4_IRQHandler
                0x08003884                RNG_IRQHandler
                0x08003884                TIM1_TRG_COM_TIM17_IRQHandler
                0x08003884                DMA1_Channel3_IRQHandler
                0x08003884                WWDG_IRQHandler
                0x08003884                LPUART1_IRQHandler
                0x08003884                DMA2_Channel6_IRQHandler
                0x08003884                FDCAN1_IT0_IRQHandler
                0x08003884                TIM2_IRQHandler
                0x08003884                COMP1_2_3_IRQHandler
                0x08003884                EXTI1_IRQHandler
                0x08003884                USART2_IRQHandler
                0x08003884                I2C2_ER_IRQHandler
                0x08003884                DMA1_Channel2_IRQHandler
                0x08003884                TIM8_BRK_IRQHandler
                0x08003884                FLASH_IRQHandler
                0x08003884                USART1_IRQHandler
                0x08003884                SPI3_IRQHandler
                0x08003884                I2C1_ER_IRQHandler
                0x08003884                LPTIM1_IRQHandler
                0x08003884                DMAMUX_OVR_IRQHandler
                0x08003884                USBWakeUp_IRQHandler
                0x08003884                SAI1_IRQHandler
                0x08003884                DMA2_Channel3_IRQHandler
                0x08003884                COMP4_IRQHandler
                0x08003884                TIM1_BRK_TIM15_IRQHandler
 *fill*         0x08003886        0x2 
 .text.BSP_LED_Init
                0x08003888       0x24 ./Drivers/BSP/custom/custom.o
                0x08003888                BSP_LED_Init
 .text.BSP_LED_On
                0x080038ac       0x2c ./Drivers/BSP/custom/custom.o
                0x080038ac                BSP_LED_On
 .text.BSP_LED_Off
                0x080038d8       0x2c ./Drivers/BSP/custom/custom.o
                0x080038d8                BSP_LED_Off
 .text.BSP_LED_Toggle
                0x08003904       0x2c ./Drivers/BSP/custom/custom.o
                0x08003904                BSP_LED_Toggle
 .text.LED_USER_GPIO_Init
                0x08003930       0x7c ./Drivers/BSP/custom/custom.o
 .text.BSP_PB_Init
                0x080039ac       0xa8 ./Drivers/BSP/custom/custom.o
                0x080039ac                BSP_PB_Init
 .text.BSP_PB_GetState
                0x08003a54       0x38 ./Drivers/BSP/custom/custom.o
                0x08003a54                BSP_PB_GetState
 .text.BUTTON_USER_EXTI_Callback
                0x08003a8c        0xe ./Drivers/BSP/custom/custom.o
 *fill*         0x08003a9a        0x2 
 .text.BUTTON_USER_GPIO_Init
                0x08003a9c       0x74 ./Drivers/BSP/custom/custom.o
 .text.BSP_COM_Init
                0x08003b10       0x74 ./Drivers/BSP/custom/custom.o
                0x08003b10                BSP_COM_Init
 .text.MX_USART2_UART_Init
                0x08003b84       0xa4 ./Drivers/BSP/custom/custom.o
                0x08003b84                MX_USART2_UART_Init
 .text.__io_putchar
                0x08003c28       0x38 ./Drivers/BSP/custom/custom.o
                0x08003c28                __io_putchar
 .text.USART2_MspInit
                0x08003c60       0xb8 ./Drivers/BSP/custom/custom.o
 .text.HAL_Init
                0x08003d18       0x30 ./Drivers/STM32G4xx_HAL_Driver/Src/stm32g4xx_hal.o
                0x08003d18                HAL_Init
 .text.HAL_InitTick
                0x08003d48       0x74 ./Drivers/STM32G4xx_HAL_Driver/Src/stm32g4xx_hal.o
                0x08003d48                HAL_InitTick
 .text.HAL_IncTick
                0x08003dbc       0x24 ./Drivers/STM32G4xx_HAL_Driver/Src/stm32g4xx_hal.o
                0x08003dbc                HAL_IncTick
 .text.HAL_GetTick
                0x08003de0       0x18 ./Drivers/STM32G4xx_HAL_Driver/Src/stm32g4xx_hal.o
                0x08003de0                HAL_GetTick
 .text.HAL_Delay
                0x08003df8       0x44 ./Drivers/STM32G4xx_HAL_Driver/Src/stm32g4xx_hal.o
                0x08003df8                HAL_Delay
 .text.__NVIC_SetPriorityGrouping
                0x08003e3c       0x48 ./Drivers/STM32G4xx_HAL_Driver/Src/stm32g4xx_hal_cortex.o
 .text.__NVIC_GetPriorityGrouping
                0x08003e84       0x1c ./Drivers/STM32G4xx_HAL_Driver/Src/stm32g4xx_hal_cortex.o
 .text.__NVIC_EnableIRQ
                0x08003ea0       0x3c ./Drivers/STM32G4xx_HAL_Driver/Src/stm32g4xx_hal_cortex.o
 .text.__NVIC_DisableIRQ
                0x08003edc       0x48 ./Drivers/STM32G4xx_HAL_Driver/Src/stm32g4xx_hal_cortex.o
 .text.__NVIC_SetPriority
                0x08003f24       0x54 ./Drivers/STM32G4xx_HAL_Driver/Src/stm32g4xx_hal_cortex.o
 .text.NVIC_EncodePriority
                0x08003f78       0x66 ./Drivers/STM32G4xx_HAL_Driver/Src/stm32g4xx_hal_cortex.o
 *fill*         0x08003fde        0x2 
 .text.SysTick_Config
                0x08003fe0       0x44 ./Drivers/STM32G4xx_HAL_Driver/Src/stm32g4xx_hal_cortex.o
 .text.HAL_NVIC_SetPriorityGrouping
                0x08004024       0x16 ./Drivers/STM32G4xx_HAL_Driver/Src/stm32g4xx_hal_cortex.o
                0x08004024                HAL_NVIC_SetPriorityGrouping
 .text.HAL_NVIC_SetPriority
                0x0800403a       0x34 ./Drivers/STM32G4xx_HAL_Driver/Src/stm32g4xx_hal_cortex.o
                0x0800403a                HAL_NVIC_SetPriority
 .text.HAL_NVIC_EnableIRQ
                0x0800406e       0x1c ./Drivers/STM32G4xx_HAL_Driver/Src/stm32g4xx_hal_cortex.o
                0x0800406e                HAL_NVIC_EnableIRQ
 .text.HAL_NVIC_DisableIRQ
                0x0800408a       0x1c ./Drivers/STM32G4xx_HAL_Driver/Src/stm32g4xx_hal_cortex.o
                0x0800408a                HAL_NVIC_DisableIRQ
 .text.HAL_SYSTICK_Config
                0x080040a6       0x18 ./Drivers/STM32G4xx_HAL_Driver/Src/stm32g4xx_hal_cortex.o
                0x080040a6                HAL_SYSTICK_Config
 .text.HAL_EXTI_RegisterCallback
                0x080040be       0x3a ./Drivers/STM32G4xx_HAL_Driver/Src/stm32g4xx_hal_exti.o
                0x080040be                HAL_EXTI_RegisterCallback
 .text.HAL_EXTI_GetHandle
                0x080040f8       0x28 ./Drivers/STM32G4xx_HAL_Driver/Src/stm32g4xx_hal_exti.o
                0x080040f8                HAL_EXTI_GetHandle
 .text.HAL_EXTI_IRQHandler
                0x08004120       0x60 ./Drivers/STM32G4xx_HAL_Driver/Src/stm32g4xx_hal_exti.o
                0x08004120                HAL_EXTI_IRQHandler
 .text.HAL_GPIO_Init
                0x08004180      0x304 ./Drivers/STM32G4xx_HAL_Driver/Src/stm32g4xx_hal_gpio.o
                0x08004180                HAL_GPIO_Init
 .text.HAL_GPIO_DeInit
                0x08004484      0x1c4 ./Drivers/STM32G4xx_HAL_Driver/Src/stm32g4xx_hal_gpio.o
                0x08004484                HAL_GPIO_DeInit
 .text.HAL_GPIO_ReadPin
                0x08004648       0x30 ./Drivers/STM32G4xx_HAL_Driver/Src/stm32g4xx_hal_gpio.o
                0x08004648                HAL_GPIO_ReadPin
 .text.HAL_GPIO_WritePin
                0x08004678       0x30 ./Drivers/STM32G4xx_HAL_Driver/Src/stm32g4xx_hal_gpio.o
                0x08004678                HAL_GPIO_WritePin
 .text.HAL_GPIO_TogglePin
                0x080046a8       0x34 ./Drivers/STM32G4xx_HAL_Driver/Src/stm32g4xx_hal_gpio.o
                0x080046a8                HAL_GPIO_TogglePin
 .text.HAL_PWREx_ControlVoltageScaling
                0x080046dc      0x148 ./Drivers/STM32G4xx_HAL_Driver/Src/stm32g4xx_hal_pwr_ex.o
                0x080046dc                HAL_PWREx_ControlVoltageScaling
 .text.HAL_PWREx_DisableUCPDDeadBattery
                0x08004824       0x20 ./Drivers/STM32G4xx_HAL_Driver/Src/stm32g4xx_hal_pwr_ex.o
                0x08004824                HAL_PWREx_DisableUCPDDeadBattery
 .text.HAL_RCC_OscConfig
                0x08004844      0x624 ./Drivers/STM32G4xx_HAL_Driver/Src/stm32g4xx_hal_rcc.o
                0x08004844                HAL_RCC_OscConfig
 .text.HAL_RCC_ClockConfig
                0x08004e68      0x278 ./Drivers/STM32G4xx_HAL_Driver/Src/stm32g4xx_hal_rcc.o
                0x08004e68                HAL_RCC_ClockConfig
 .text.HAL_RCC_GetSysClockFreq
                0x080050e0       0xc4 ./Drivers/STM32G4xx_HAL_Driver/Src/stm32g4xx_hal_rcc.o
                0x080050e0                HAL_RCC_GetSysClockFreq
 .text.HAL_RCC_GetHCLKFreq
                0x080051a4       0x18 ./Drivers/STM32G4xx_HAL_Driver/Src/stm32g4xx_hal_rcc.o
                0x080051a4                HAL_RCC_GetHCLKFreq
 .text.HAL_RCC_GetPCLK1Freq
                0x080051bc       0x2c ./Drivers/STM32G4xx_HAL_Driver/Src/stm32g4xx_hal_rcc.o
                0x080051bc                HAL_RCC_GetPCLK1Freq
 .text.HAL_RCC_GetPCLK2Freq
                0x080051e8       0x2c ./Drivers/STM32G4xx_HAL_Driver/Src/stm32g4xx_hal_rcc.o
                0x080051e8                HAL_RCC_GetPCLK2Freq
 .text.RCC_GetSysClockFreqFromPLLSource
                0x08005214       0x8c ./Drivers/STM32G4xx_HAL_Driver/Src/stm32g4xx_hal_rcc.o
 .text.HAL_RCCEx_PeriphCLKConfig
                0x080052a0      0x3e0 ./Drivers/STM32G4xx_HAL_Driver/Src/stm32g4xx_hal_rcc_ex.o
                0x080052a0                HAL_RCCEx_PeriphCLKConfig
 .text.HAL_SPI_Init
                0x08005680      0x156 ./Drivers/STM32G4xx_HAL_Driver/Src/stm32g4xx_hal_spi.o
                0x08005680                HAL_SPI_Init
 .text.HAL_SPI_MspInit
                0x080057d6       0x14 ./Drivers/STM32G4xx_HAL_Driver/Src/stm32g4xx_hal_spi.o
                0x080057d6                HAL_SPI_MspInit
 .text.HAL_SPI_TransmitReceive
                0x080057ea      0x43e ./Drivers/STM32G4xx_HAL_Driver/Src/stm32g4xx_hal_spi.o
                0x080057ea                HAL_SPI_TransmitReceive
 .text.HAL_SPI_GetState
                0x08005c28       0x1c ./Drivers/STM32G4xx_HAL_Driver/Src/stm32g4xx_hal_spi.o
                0x08005c28                HAL_SPI_GetState
 .text.SPI_WaitFlagStateUntilTimeout
                0x08005c44      0x110 ./Drivers/STM32G4xx_HAL_Driver/Src/stm32g4xx_hal_spi.o
 .text.SPI_WaitFifoStateUntilTimeout
                0x08005d54      0x12c ./Drivers/STM32G4xx_HAL_Driver/Src/stm32g4xx_hal_spi.o
 .text.SPI_EndRxTxTransaction
                0x08005e80       0x8c ./Drivers/STM32G4xx_HAL_Driver/Src/stm32g4xx_hal_spi.o
 .text.HAL_UART_Init
                0x08005f0c       0xa0 ./Drivers/STM32G4xx_HAL_Driver/Src/stm32g4xx_hal_uart.o
                0x08005f0c                HAL_UART_Init
 .text.HAL_UART_MspInit
                0x08005fac       0x14 ./Drivers/STM32G4xx_HAL_Driver/Src/stm32g4xx_hal_uart.o
                0x08005fac                HAL_UART_MspInit
 .text.HAL_UART_Transmit
                0x08005fc0      0x11c ./Drivers/STM32G4xx_HAL_Driver/Src/stm32g4xx_hal_uart.o
                0x08005fc0                HAL_UART_Transmit
 .text.UART_SetConfig
                0x080060dc      0x598 ./Drivers/STM32G4xx_HAL_Driver/Src/stm32g4xx_hal_uart.o
                0x080060dc                UART_SetConfig
 .text.UART_AdvFeatureConfig
                0x08006674      0x144 ./Drivers/STM32G4xx_HAL_Driver/Src/stm32g4xx_hal_uart.o
                0x08006674                UART_AdvFeatureConfig
 .text.UART_CheckIdleState
                0x080067b8      0x154 ./Drivers/STM32G4xx_HAL_Driver/Src/stm32g4xx_hal_uart.o
                0x080067b8                UART_CheckIdleState
 .text.UART_WaitOnFlagUntilTimeout
                0x0800690c       0xda ./Drivers/STM32G4xx_HAL_Driver/Src/stm32g4xx_hal_uart.o
                0x0800690c                UART_WaitOnFlagUntilTimeout
 .text.UART_EndRxTransfer
                0x080069e6       0xcc ./Drivers/STM32G4xx_HAL_Driver/Src/stm32g4xx_hal_uart.o
 .text.HAL_UARTEx_DisableFifoMode
                0x08006ab2       0x72 ./Drivers/STM32G4xx_HAL_Driver/Src/stm32g4xx_hal_uart_ex.o
                0x08006ab2                HAL_UARTEx_DisableFifoMode
 .text.HAL_UARTEx_SetTxFifoThreshold
                0x08006b24       0x7c ./Drivers/STM32G4xx_HAL_Driver/Src/stm32g4xx_hal_uart_ex.o
                0x08006b24                HAL_UARTEx_SetTxFifoThreshold
 .text.HAL_UARTEx_SetRxFifoThreshold
                0x08006ba0       0x7c ./Drivers/STM32G4xx_HAL_Driver/Src/stm32g4xx_hal_uart_ex.o
                0x08006ba0                HAL_UARTEx_SetRxFifoThreshold
 .text.UARTEx_SetNbDataToProcess
                0x08006c1c       0x9c ./Drivers/STM32G4xx_HAL_Driver/Src/stm32g4xx_hal_uart_ex.o
 .text.hci_disconnection_complete_event_process
                0x08006cb8       0x30 ./Middlewares/ST/BlueNRG-2/hci/bluenrg1_events.o
                0x08006cb8                hci_disconnection_complete_event_process
 .text.hci_encryption_change_event_process
                0x08006ce8       0x30 ./Middlewares/ST/BlueNRG-2/hci/bluenrg1_events.o
                0x08006ce8                hci_encryption_change_event_process
 .text.hci_read_remote_version_information_complete_event_process
                0x08006d18       0x3e ./Middlewares/ST/BlueNRG-2/hci/bluenrg1_events.o
                0x08006d18                hci_read_remote_version_information_complete_event_process
 .text.hci_hardware_error_event_process
                0x08006d56       0x24 ./Middlewares/ST/BlueNRG-2/hci/bluenrg1_events.o
                0x08006d56                hci_hardware_error_event_process
 .text.hci_number_of_completed_packets_event_process
                0x08006d7a       0xae ./Middlewares/ST/BlueNRG-2/hci/bluenrg1_events.o
                0x08006d7a                hci_number_of_completed_packets_event_process
 .text.hci_data_buffer_overflow_event_process
                0x08006e28       0x24 ./Middlewares/ST/BlueNRG-2/hci/bluenrg1_events.o
                0x08006e28                hci_data_buffer_overflow_event_process
 .text.hci_encryption_key_refresh_complete_event_process
                0x08006e4c       0x2e ./Middlewares/ST/BlueNRG-2/hci/bluenrg1_events.o
                0x08006e4c                hci_encryption_key_refresh_complete_event_process
 .text.aci_blue_initialized_event_process
                0x08006e7a       0x24 ./Middlewares/ST/BlueNRG-2/hci/bluenrg1_events.o
                0x08006e7a                aci_blue_initialized_event_process
 .text.aci_blue_events_lost_event_process
                0x08006e9e       0x22 ./Middlewares/ST/BlueNRG-2/hci/bluenrg1_events.o
                0x08006e9e                aci_blue_events_lost_event_process
 .text.aci_blue_crash_info_event_process
                0x08006ec0       0x84 ./Middlewares/ST/BlueNRG-2/hci/bluenrg1_events.o
                0x08006ec0                aci_blue_crash_info_event_process
 .text.aci_hal_end_of_radio_activity_event_process
                0x08006f44       0x2e ./Middlewares/ST/BlueNRG-2/hci/bluenrg1_events.o
                0x08006f44                aci_hal_end_of_radio_activity_event_process
 .text.aci_hal_scan_req_report_event_process
                0x08006f72       0x2e ./Middlewares/ST/BlueNRG-2/hci/bluenrg1_events.o
                0x08006f72                aci_hal_scan_req_report_event_process
 .text.aci_hal_fw_error_event_process
                0x08006fa0       0x2c ./Middlewares/ST/BlueNRG-2/hci/bluenrg1_events.o
                0x08006fa0                aci_hal_fw_error_event_process
 .text.aci_gap_limited_discoverable_event_process
                0x08006fcc       0x1a ./Middlewares/ST/BlueNRG-2/hci/bluenrg1_events.o
                0x08006fcc                aci_gap_limited_discoverable_event_process
 .text.aci_gap_pairing_complete_event_process
                0x08006fe6       0x2e ./Middlewares/ST/BlueNRG-2/hci/bluenrg1_events.o
                0x08006fe6                aci_gap_pairing_complete_event_process
 .text.aci_gap_pass_key_req_event_process
                0x08007014       0x26 ./Middlewares/ST/BlueNRG-2/hci/bluenrg1_events.o
                0x08007014                aci_gap_pass_key_req_event_process
 .text.aci_gap_authorization_req_event_process
                0x0800703a       0x26 ./Middlewares/ST/BlueNRG-2/hci/bluenrg1_events.o
                0x0800703a                aci_gap_authorization_req_event_process
 .text.aci_gap_slave_security_initiated_event_process
                0x08007060       0x1a ./Middlewares/ST/BlueNRG-2/hci/bluenrg1_events.o
                0x08007060                aci_gap_slave_security_initiated_event_process
 .text.aci_gap_bond_lost_event_process
                0x0800707a       0x1a ./Middlewares/ST/BlueNRG-2/hci/bluenrg1_events.o
                0x0800707a                aci_gap_bond_lost_event_process
 .text.aci_gap_proc_complete_event_process
                0x08007094       0x2e ./Middlewares/ST/BlueNRG-2/hci/bluenrg1_events.o
                0x08007094                aci_gap_proc_complete_event_process
 .text.aci_gap_addr_not_resolved_event_process
                0x080070c2       0x26 ./Middlewares/ST/BlueNRG-2/hci/bluenrg1_events.o
                0x080070c2                aci_gap_addr_not_resolved_event_process
 .text.aci_gap_numeric_comparison_value_event_process
                0x080070e8       0x2e ./Middlewares/ST/BlueNRG-2/hci/bluenrg1_events.o
                0x080070e8                aci_gap_numeric_comparison_value_event_process
 .text.aci_gap_keypress_notification_event_process
                0x08007116       0x2c ./Middlewares/ST/BlueNRG-2/hci/bluenrg1_events.o
                0x08007116                aci_gap_keypress_notification_event_process
 .text.aci_l2cap_connection_update_resp_event_process
                0x08007142       0x2e ./Middlewares/ST/BlueNRG-2/hci/bluenrg1_events.o
                0x08007142                aci_l2cap_connection_update_resp_event_process
 .text.aci_l2cap_proc_timeout_event_process
                0x08007170       0x2e ./Middlewares/ST/BlueNRG-2/hci/bluenrg1_events.o
                0x08007170                aci_l2cap_proc_timeout_event_process
 .text.aci_l2cap_connection_update_req_event_process
                0x0800719e       0x5c ./Middlewares/ST/BlueNRG-2/hci/bluenrg1_events.o
                0x0800719e                aci_l2cap_connection_update_req_event_process
 .text.aci_l2cap_command_reject_event_process
                0x080071fa       0x3c ./Middlewares/ST/BlueNRG-2/hci/bluenrg1_events.o
                0x080071fa                aci_l2cap_command_reject_event_process
 .text.aci_gatt_attribute_modified_event_process
                0x08007236       0x3e ./Middlewares/ST/BlueNRG-2/hci/bluenrg1_events.o
                0x08007236                aci_gatt_attribute_modified_event_process
 .text.aci_gatt_proc_timeout_event_process
                0x08007274       0x26 ./Middlewares/ST/BlueNRG-2/hci/bluenrg1_events.o
                0x08007274                aci_gatt_proc_timeout_event_process
 .text.aci_att_exchange_mtu_resp_event_process
                0x0800729a       0x2e ./Middlewares/ST/BlueNRG-2/hci/bluenrg1_events.o
                0x0800729a                aci_att_exchange_mtu_resp_event_process
 .text.aci_att_find_info_resp_event_process
                0x080072c8       0x30 ./Middlewares/ST/BlueNRG-2/hci/bluenrg1_events.o
                0x080072c8                aci_att_find_info_resp_event_process
 .text.aci_att_find_by_type_value_resp_event_process
                0x080072f8       0xb4 ./Middlewares/ST/BlueNRG-2/hci/bluenrg1_events.o
                0x080072f8                aci_att_find_by_type_value_resp_event_process
 .text.aci_att_read_by_type_resp_event_process
                0x080073ac       0x30 ./Middlewares/ST/BlueNRG-2/hci/bluenrg1_events.o
                0x080073ac                aci_att_read_by_type_resp_event_process
 .text.aci_att_read_resp_event_process
                0x080073dc       0x2e ./Middlewares/ST/BlueNRG-2/hci/bluenrg1_events.o
                0x080073dc                aci_att_read_resp_event_process
 .text.aci_att_read_blob_resp_event_process
                0x0800740a       0x2e ./Middlewares/ST/BlueNRG-2/hci/bluenrg1_events.o
                0x0800740a                aci_att_read_blob_resp_event_process
 .text.aci_att_read_multiple_resp_event_process
                0x08007438       0x2e ./Middlewares/ST/BlueNRG-2/hci/bluenrg1_events.o
                0x08007438                aci_att_read_multiple_resp_event_process
 .text.aci_att_read_by_group_type_resp_event_process
                0x08007466       0x30 ./Middlewares/ST/BlueNRG-2/hci/bluenrg1_events.o
                0x08007466                aci_att_read_by_group_type_resp_event_process
 .text.aci_att_prepare_write_resp_event_process
                0x08007496       0x3c ./Middlewares/ST/BlueNRG-2/hci/bluenrg1_events.o
                0x08007496                aci_att_prepare_write_resp_event_process
 .text.aci_att_exec_write_resp_event_process
                0x080074d2       0x26 ./Middlewares/ST/BlueNRG-2/hci/bluenrg1_events.o
                0x080074d2                aci_att_exec_write_resp_event_process
 .text.aci_gatt_indication_event_process
                0x080074f8       0x32 ./Middlewares/ST/BlueNRG-2/hci/bluenrg1_events.o
                0x080074f8                aci_gatt_indication_event_process
 .text.aci_gatt_notification_event_process
                0x0800752a       0x32 ./Middlewares/ST/BlueNRG-2/hci/bluenrg1_events.o
                0x0800752a                aci_gatt_notification_event_process
 .text.aci_gatt_proc_complete_event_process
                0x0800755c       0x2c ./Middlewares/ST/BlueNRG-2/hci/bluenrg1_events.o
                0x0800755c                aci_gatt_proc_complete_event_process
 .text.aci_gatt_error_resp_event_process
                0x08007588       0x34 ./Middlewares/ST/BlueNRG-2/hci/bluenrg1_events.o
                0x08007588                aci_gatt_error_resp_event_process
 .text.aci_gatt_disc_read_char_by_uuid_resp_event_process
                0x080075bc       0x32 ./Middlewares/ST/BlueNRG-2/hci/bluenrg1_events.o
                0x080075bc                aci_gatt_disc_read_char_by_uuid_resp_event_process
 .text.aci_gatt_write_permit_req_event_process
                0x080075ee       0x32 ./Middlewares/ST/BlueNRG-2/hci/bluenrg1_events.o
                0x080075ee                aci_gatt_write_permit_req_event_process
 .text.aci_gatt_read_permit_req_event_process
                0x08007620       0x32 ./Middlewares/ST/BlueNRG-2/hci/bluenrg1_events.o
                0x08007620                aci_gatt_read_permit_req_event_process
 .text.aci_gatt_read_multi_permit_req_event_process
                0x08007652       0x8a ./Middlewares/ST/BlueNRG-2/hci/bluenrg1_events.o
                0x08007652                aci_gatt_read_multi_permit_req_event_process
 .text.aci_gatt_tx_pool_available_event_process
                0x080076dc       0x2e ./Middlewares/ST/BlueNRG-2/hci/bluenrg1_events.o
                0x080076dc                aci_gatt_tx_pool_available_event_process
 .text.aci_gatt_server_confirmation_event_process
                0x0800770a       0x26 ./Middlewares/ST/BlueNRG-2/hci/bluenrg1_events.o
                0x0800770a                aci_gatt_server_confirmation_event_process
 .text.aci_gatt_prepare_write_permit_req_event_process
                0x08007730       0x3c ./Middlewares/ST/BlueNRG-2/hci/bluenrg1_events.o
                0x08007730                aci_gatt_prepare_write_permit_req_event_process
 .text.hci_le_connection_complete_event_process
                0x0800776c       0x68 ./Middlewares/ST/BlueNRG-2/hci/bluenrg1_events.o
                0x0800776c                hci_le_connection_complete_event_process
 .text.hci_le_advertising_report_event_process
                0x080077d4      0x1ba ./Middlewares/ST/BlueNRG-2/hci/bluenrg1_events.o
                0x080077d4                hci_le_advertising_report_event_process
 .text.hci_le_connection_update_complete_event_process
                0x0800798e       0x46 ./Middlewares/ST/BlueNRG-2/hci/bluenrg1_events.o
                0x0800798e                hci_le_connection_update_complete_event_process
 .text.hci_le_read_remote_used_features_complete_event_process
                0x080079d4       0x30 ./Middlewares/ST/BlueNRG-2/hci/bluenrg1_events.o
                0x080079d4                hci_le_read_remote_used_features_complete_event_process
 .text.hci_le_long_term_key_request_event_process
                0x08007a04       0x30 ./Middlewares/ST/BlueNRG-2/hci/bluenrg1_events.o
                0x08007a04                hci_le_long_term_key_request_event_process
 .text.hci_le_data_length_change_event_process
                0x08007a34       0x40 ./Middlewares/ST/BlueNRG-2/hci/bluenrg1_events.o
                0x08007a34                hci_le_data_length_change_event_process
 .text.hci_le_read_local_p256_public_key_complete_event_process
                0x08007a74       0x2a ./Middlewares/ST/BlueNRG-2/hci/bluenrg1_events.o
                0x08007a74                hci_le_read_local_p256_public_key_complete_event_process
 .text.hci_le_generate_dhkey_complete_event_process
                0x08007a9e       0x2a ./Middlewares/ST/BlueNRG-2/hci/bluenrg1_events.o
                0x08007a9e                hci_le_generate_dhkey_complete_event_process
 .text.hci_le_enhanced_connection_complete_event_process
                0x08007ac8       0x7c ./Middlewares/ST/BlueNRG-2/hci/bluenrg1_events.o
                0x08007ac8                hci_le_enhanced_connection_complete_event_process
 .text.hci_le_direct_advertising_report_event_process
                0x08007b44      0x15e ./Middlewares/ST/BlueNRG-2/hci/bluenrg1_events.o
                0x08007b44                hci_le_direct_advertising_report_event_process
 .text.hci_encryption_change_event
                0x08007ca2       0x1e ./Middlewares/ST/BlueNRG-2/hci/bluenrg1_events_cb.o
                0x08007ca2                hci_encryption_change_event
 .text.hci_read_remote_version_information_complete_event
                0x08007cc0       0x28 ./Middlewares/ST/BlueNRG-2/hci/bluenrg1_events_cb.o
                0x08007cc0                hci_read_remote_version_information_complete_event
 .text.hci_hardware_error_event
                0x08007ce8       0x16 ./Middlewares/ST/BlueNRG-2/hci/bluenrg1_events_cb.o
                0x08007ce8                hci_hardware_error_event
 .text.hci_number_of_completed_packets_event
                0x08007cfe       0x18 ./Middlewares/ST/BlueNRG-2/hci/bluenrg1_events_cb.o
                0x08007cfe                hci_number_of_completed_packets_event
 .text.hci_data_buffer_overflow_event
                0x08007d16       0x16 ./Middlewares/ST/BlueNRG-2/hci/bluenrg1_events_cb.o
                0x08007d16                hci_data_buffer_overflow_event
 .text.hci_encryption_key_refresh_complete_event
                0x08007d2c       0x1c ./Middlewares/ST/BlueNRG-2/hci/bluenrg1_events_cb.o
                0x08007d2c                hci_encryption_key_refresh_complete_event
 .text.hci_le_advertising_report_event
                0x08007d48       0x18 ./Middlewares/ST/BlueNRG-2/hci/bluenrg1_events_cb.o
                0x08007d48                hci_le_advertising_report_event
 .text.hci_le_connection_update_complete_event
                0x08007d60       0x28 ./Middlewares/ST/BlueNRG-2/hci/bluenrg1_events_cb.o
                0x08007d60                hci_le_connection_update_complete_event
 .text.hci_le_read_remote_used_features_complete_event
                0x08007d88       0x1c ./Middlewares/ST/BlueNRG-2/hci/bluenrg1_events_cb.o
                0x08007d88                hci_le_read_remote_used_features_complete_event
 .text.hci_le_long_term_key_request_event
                0x08007da4       0x1c ./Middlewares/ST/BlueNRG-2/hci/bluenrg1_events_cb.o
                0x08007da4                hci_le_long_term_key_request_event
 .text.hci_le_data_length_change_event
                0x08007dc0       0x28 ./Middlewares/ST/BlueNRG-2/hci/bluenrg1_events_cb.o
                0x08007dc0                hci_le_data_length_change_event
 .text.hci_le_read_local_p256_public_key_complete_event
                0x08007de8       0x18 ./Middlewares/ST/BlueNRG-2/hci/bluenrg1_events_cb.o
                0x08007de8                hci_le_read_local_p256_public_key_complete_event
 .text.hci_le_generate_dhkey_complete_event
                0x08007e00       0x18 ./Middlewares/ST/BlueNRG-2/hci/bluenrg1_events_cb.o
                0x08007e00                hci_le_generate_dhkey_complete_event
 .text.hci_le_enhanced_connection_complete_event
                0x08007e18       0x28 ./Middlewares/ST/BlueNRG-2/hci/bluenrg1_events_cb.o
                0x08007e18                hci_le_enhanced_connection_complete_event
 .text.hci_le_direct_advertising_report_event
                0x08007e40       0x18 ./Middlewares/ST/BlueNRG-2/hci/bluenrg1_events_cb.o
                0x08007e40                hci_le_direct_advertising_report_event
 .text.aci_gap_limited_discoverable_event
                0x08007e58        0xe ./Middlewares/ST/BlueNRG-2/hci/bluenrg1_events_cb.o
                0x08007e58                aci_gap_limited_discoverable_event
 .text.aci_gap_authorization_req_event
                0x08007e66       0x16 ./Middlewares/ST/BlueNRG-2/hci/bluenrg1_events_cb.o
                0x08007e66                aci_gap_authorization_req_event
 .text.aci_gap_slave_security_initiated_event
                0x08007e7c        0xe ./Middlewares/ST/BlueNRG-2/hci/bluenrg1_events_cb.o
                0x08007e7c                aci_gap_slave_security_initiated_event
 .text.aci_gap_bond_lost_event
                0x08007e8a        0xe ./Middlewares/ST/BlueNRG-2/hci/bluenrg1_events_cb.o
                0x08007e8a                aci_gap_bond_lost_event
 .text.aci_gap_proc_complete_event
                0x08007e98       0x20 ./Middlewares/ST/BlueNRG-2/hci/bluenrg1_events_cb.o
                0x08007e98                aci_gap_proc_complete_event
 .text.aci_gap_addr_not_resolved_event
                0x08007eb8       0x16 ./Middlewares/ST/BlueNRG-2/hci/bluenrg1_events_cb.o
                0x08007eb8                aci_gap_addr_not_resolved_event
 .text.aci_gap_numeric_comparison_value_event
                0x08007ece       0x18 ./Middlewares/ST/BlueNRG-2/hci/bluenrg1_events_cb.o
                0x08007ece                aci_gap_numeric_comparison_value_event
 .text.aci_gap_keypress_notification_event
                0x08007ee6       0x1c ./Middlewares/ST/BlueNRG-2/hci/bluenrg1_events_cb.o
                0x08007ee6                aci_gap_keypress_notification_event
 .text.aci_gatt_proc_timeout_event
                0x08007f02       0x16 ./Middlewares/ST/BlueNRG-2/hci/bluenrg1_events_cb.o
                0x08007f02                aci_gatt_proc_timeout_event
 .text.aci_att_exchange_mtu_resp_event
                0x08007f18       0x1c ./Middlewares/ST/BlueNRG-2/hci/bluenrg1_events_cb.o
                0x08007f18                aci_att_exchange_mtu_resp_event
 .text.aci_att_find_info_resp_event
                0x08007f34       0x20 ./Middlewares/ST/BlueNRG-2/hci/bluenrg1_events_cb.o
                0x08007f34                aci_att_find_info_resp_event
 .text.aci_att_find_by_type_value_resp_event
                0x08007f54       0x1c ./Middlewares/ST/BlueNRG-2/hci/bluenrg1_events_cb.o
                0x08007f54                aci_att_find_by_type_value_resp_event
 .text.aci_att_read_by_type_resp_event
                0x08007f70       0x20 ./Middlewares/ST/BlueNRG-2/hci/bluenrg1_events_cb.o
                0x08007f70                aci_att_read_by_type_resp_event
 .text.aci_att_read_resp_event
                0x08007f90       0x1c ./Middlewares/ST/BlueNRG-2/hci/bluenrg1_events_cb.o
                0x08007f90                aci_att_read_resp_event
 .text.aci_att_read_blob_resp_event
                0x08007fac       0x1c ./Middlewares/ST/BlueNRG-2/hci/bluenrg1_events_cb.o
                0x08007fac                aci_att_read_blob_resp_event
 .text.aci_att_read_multiple_resp_event
                0x08007fc8       0x1c ./Middlewares/ST/BlueNRG-2/hci/bluenrg1_events_cb.o
                0x08007fc8                aci_att_read_multiple_resp_event
 .text.aci_att_read_by_group_type_resp_event
                0x08007fe4       0x20 ./Middlewares/ST/BlueNRG-2/hci/bluenrg1_events_cb.o
                0x08007fe4                aci_att_read_by_group_type_resp_event
 .text.aci_att_prepare_write_resp_event
                0x08008004       0x28 ./Middlewares/ST/BlueNRG-2/hci/bluenrg1_events_cb.o
                0x08008004                aci_att_prepare_write_resp_event
 .text.aci_att_exec_write_resp_event
                0x0800802c       0x16 ./Middlewares/ST/BlueNRG-2/hci/bluenrg1_events_cb.o
                0x0800802c                aci_att_exec_write_resp_event
 .text.aci_gatt_indication_event
                0x08008042       0x20 ./Middlewares/ST/BlueNRG-2/hci/bluenrg1_events_cb.o
                0x08008042                aci_gatt_indication_event
 .text.aci_gatt_notification_event
                0x08008062       0x20 ./Middlewares/ST/BlueNRG-2/hci/bluenrg1_events_cb.o
                0x08008062                aci_gatt_notification_event
 .text.aci_gatt_proc_complete_event
                0x08008082       0x1c ./Middlewares/ST/BlueNRG-2/hci/bluenrg1_events_cb.o
                0x08008082                aci_gatt_proc_complete_event
 .text.aci_gatt_error_resp_event
                0x0800809e       0x28 ./Middlewares/ST/BlueNRG-2/hci/bluenrg1_events_cb.o
                0x0800809e                aci_gatt_error_resp_event
 .text.aci_gatt_disc_read_char_by_uuid_resp_event
                0x080080c6       0x20 ./Middlewares/ST/BlueNRG-2/hci/bluenrg1_events_cb.o
                0x080080c6                aci_gatt_disc_read_char_by_uuid_resp_event
 .text.aci_gatt_write_permit_req_event
                0x080080e6       0x20 ./Middlewares/ST/BlueNRG-2/hci/bluenrg1_events_cb.o
                0x080080e6                aci_gatt_write_permit_req_event
 .text.aci_gatt_read_multi_permit_req_event
                0x08008106       0x1c ./Middlewares/ST/BlueNRG-2/hci/bluenrg1_events_cb.o
                0x08008106                aci_gatt_read_multi_permit_req_event
 .text.aci_gatt_tx_pool_available_event
                0x08008122       0x1c ./Middlewares/ST/BlueNRG-2/hci/bluenrg1_events_cb.o
                0x08008122                aci_gatt_tx_pool_available_event
 .text.aci_gatt_server_confirmation_event
                0x0800813e       0x16 ./Middlewares/ST/BlueNRG-2/hci/bluenrg1_events_cb.o
                0x0800813e                aci_gatt_server_confirmation_event
 .text.aci_gatt_prepare_write_permit_req_event
                0x08008154       0x28 ./Middlewares/ST/BlueNRG-2/hci/bluenrg1_events_cb.o
                0x08008154                aci_gatt_prepare_write_permit_req_event
 .text.aci_l2cap_connection_update_resp_event
                0x0800817c       0x1c ./Middlewares/ST/BlueNRG-2/hci/bluenrg1_events_cb.o
                0x0800817c                aci_l2cap_connection_update_resp_event
 .text.aci_l2cap_proc_timeout_event
                0x08008198       0x1c ./Middlewares/ST/BlueNRG-2/hci/bluenrg1_events_cb.o
                0x08008198                aci_l2cap_proc_timeout_event
 .text.aci_l2cap_connection_update_req_event
                0x080081b4       0x28 ./Middlewares/ST/BlueNRG-2/hci/bluenrg1_events_cb.o
                0x080081b4                aci_l2cap_connection_update_req_event
 .text.aci_l2cap_command_reject_event
                0x080081dc       0x28 ./Middlewares/ST/BlueNRG-2/hci/bluenrg1_events_cb.o
                0x080081dc                aci_l2cap_command_reject_event
 .text.aci_blue_initialized_event
                0x08008204       0x16 ./Middlewares/ST/BlueNRG-2/hci/bluenrg1_events_cb.o
                0x08008204                aci_blue_initialized_event
 .text.aci_blue_events_lost_event
                0x0800821a       0x14 ./Middlewares/ST/BlueNRG-2/hci/bluenrg1_events_cb.o
                0x0800821a                aci_blue_events_lost_event
 .text.aci_blue_crash_info_event
                0x0800822e       0x1c ./Middlewares/ST/BlueNRG-2/hci/bluenrg1_events_cb.o
                0x0800822e                aci_blue_crash_info_event
 .text.aci_hal_end_of_radio_activity_event
                0x0800824a       0x1c ./Middlewares/ST/BlueNRG-2/hci/bluenrg1_events_cb.o
                0x0800824a                aci_hal_end_of_radio_activity_event
 .text.aci_hal_scan_req_report_event
                0x08008266       0x1c ./Middlewares/ST/BlueNRG-2/hci/bluenrg1_events_cb.o
                0x08008266                aci_hal_scan_req_report_event
 .text.aci_hal_fw_error_event
                0x08008282       0x1c ./Middlewares/ST/BlueNRG-2/hci/bluenrg1_events_cb.o
                0x08008282                aci_hal_fw_error_event
 .text.hci_reset
                0x0800829e       0x52 ./Middlewares/ST/BlueNRG-2/hci/bluenrg1_hci_le.o
                0x0800829e                hci_reset
 .text.hci_read_local_version_information
                0x080082f0       0x8c ./Middlewares/ST/BlueNRG-2/hci/bluenrg1_hci_le.o
                0x080082f0                hci_read_local_version_information
 .text.hci_le_set_scan_response_data
                0x0800837c       0xf2 ./Middlewares/ST/BlueNRG-2/hci/bluenrg1_hci_le.o
                0x0800837c                hci_le_set_scan_response_data
 .text.aci_gap_set_discoverable
                0x0800846e      0x206 ./Middlewares/ST/BlueNRG-2/hci/controller/bluenrg1_gap_aci.o
                0x0800846e                aci_gap_set_discoverable
 .text.aci_gap_set_io_capability
                0x08008674       0xba ./Middlewares/ST/BlueNRG-2/hci/controller/bluenrg1_gap_aci.o
                0x08008674                aci_gap_set_io_capability
 .text.aci_gap_set_authentication_requirement
                0x0800872e      0x19a ./Middlewares/ST/BlueNRG-2/hci/controller/bluenrg1_gap_aci.o
                0x0800872e                aci_gap_set_authentication_requirement
 .text.aci_gap_pass_key_resp
                0x080088c8       0xe0 ./Middlewares/ST/BlueNRG-2/hci/controller/bluenrg1_gap_aci.o
                0x080088c8                aci_gap_pass_key_resp
 .text.aci_gap_init
                0x080089a8      0x15a ./Middlewares/ST/BlueNRG-2/hci/controller/bluenrg1_gap_aci.o
                0x080089a8                aci_gap_init
 .text.aci_gap_slave_security_req
                0x08008b02       0xc0 ./Middlewares/ST/BlueNRG-2/hci/controller/bluenrg1_gap_aci.o
                0x08008b02                aci_gap_slave_security_req
 .text.aci_gap_update_adv_data
                0x08008bc2       0xf6 ./Middlewares/ST/BlueNRG-2/hci/controller/bluenrg1_gap_aci.o
                0x08008bc2                aci_gap_update_adv_data
 .text.aci_gap_clear_security_db
                0x08008cb8       0x52 ./Middlewares/ST/BlueNRG-2/hci/controller/bluenrg1_gap_aci.o
                0x08008cb8                aci_gap_clear_security_db
 .text.aci_gatt_init
                0x08008d0a       0x54 ./Middlewares/ST/BlueNRG-2/hci/controller/bluenrg1_gatt_aci.o
                0x08008d0a                aci_gatt_init
 .text.aci_gatt_add_service
                0x08008d5e      0x1ac ./Middlewares/ST/BlueNRG-2/hci/controller/bluenrg1_gatt_aci.o
                0x08008d5e                aci_gatt_add_service
 .text.aci_gatt_add_char
                0x08008f0a      0x210 ./Middlewares/ST/BlueNRG-2/hci/controller/bluenrg1_gatt_aci.o
                0x08008f0a                aci_gatt_add_char
 .text.aci_gatt_update_char_value
                0x0800911a      0x164 ./Middlewares/ST/BlueNRG-2/hci/controller/bluenrg1_gatt_aci.o
                0x0800911a                aci_gatt_update_char_value
 .text.aci_gatt_allow_read
                0x0800927e       0xbc ./Middlewares/ST/BlueNRG-2/hci/controller/bluenrg1_gatt_aci.o
                0x0800927e                aci_gatt_allow_read
 .text.aci_hal_write_config_data
                0x0800933a      0x11c ./Middlewares/ST/BlueNRG-2/hci/controller/bluenrg1_hal_aci.o
                0x0800933a                aci_hal_write_config_data
 .text.aci_hal_read_config_data
                0x08009456      0x108 ./Middlewares/ST/BlueNRG-2/hci/controller/bluenrg1_hal_aci.o
                0x08009456                aci_hal_read_config_data
 .text.aci_hal_set_tx_power_level
                0x0800955e       0xe0 ./Middlewares/ST/BlueNRG-2/hci/controller/bluenrg1_hal_aci.o
                0x0800955e                aci_hal_set_tx_power_level
 .text.verify_packet
                0x0800963e       0x40 ./Middlewares/ST/BlueNRG-2/hci/hci_tl_patterns/Basic/hci_tl.o
 *fill*         0x0800967e        0x2 
 .text.send_cmd
                0x08009680       0x84 ./Middlewares/ST/BlueNRG-2/hci/hci_tl_patterns/Basic/hci_tl.o
 .text.move_list
                0x08009704       0x38 ./Middlewares/ST/BlueNRG-2/hci/hci_tl_patterns/Basic/hci_tl.o
 .text.free_event_list
                0x0800973c       0x3c ./Middlewares/ST/BlueNRG-2/hci/hci_tl_patterns/Basic/hci_tl.o
 .text.hci_init
                0x08009778       0x84 ./Middlewares/ST/BlueNRG-2/hci/hci_tl_patterns/Basic/hci_tl.o
                0x08009778                hci_init
 .text.hci_register_io_bus
                0x080097fc       0x40 ./Middlewares/ST/BlueNRG-2/hci/hci_tl_patterns/Basic/hci_tl.o
                0x080097fc                hci_register_io_bus
 .text.hci_send_req
                0x0800983c      0x230 ./Middlewares/ST/BlueNRG-2/hci/hci_tl_patterns/Basic/hci_tl.o
                0x0800983c                hci_send_req
 .text.hci_user_evt_proc
                0x08009a6c       0x58 ./Middlewares/ST/BlueNRG-2/hci/hci_tl_patterns/Basic/hci_tl.o
                0x08009a6c                hci_user_evt_proc
 .text.hci_notify_asynch_evt
                0x08009ac4       0x9c ./Middlewares/ST/BlueNRG-2/hci/hci_tl_patterns/Basic/hci_tl.o
                0x08009ac4                hci_notify_asynch_evt
 .text.list_init_head
                0x08009b60       0x20 ./Middlewares/ST/BlueNRG-2/utils/ble_list.o
                0x08009b60                list_init_head
 .text.list_is_empty
                0x08009b80       0x44 ./Middlewares/ST/BlueNRG-2/utils/ble_list.o
                0x08009b80                list_is_empty
 .text.list_insert_head
                0x08009bc4       0x4c ./Middlewares/ST/BlueNRG-2/utils/ble_list.o
                0x08009bc4                list_insert_head
 .text.list_insert_tail
                0x08009c10       0x4c ./Middlewares/ST/BlueNRG-2/utils/ble_list.o
                0x08009c10                list_insert_tail
 .text.list_remove_node
                0x08009c5c       0x42 ./Middlewares/ST/BlueNRG-2/utils/ble_list.o
                0x08009c5c                list_remove_node
 .text.list_remove_head
                0x08009c9e       0x4e ./Middlewares/ST/BlueNRG-2/utils/ble_list.o
                0x08009c9e                list_remove_head
 .text.list_remove_tail
                0x08009cec       0x4e ./Middlewares/ST/BlueNRG-2/utils/ble_list.o
                0x08009cec                list_remove_tail
 .text.list_get_size
                0x08009d3a       0x50 ./Middlewares/ST/BlueNRG-2/utils/ble_list.o
                0x08009d3a                list_get_size
 *fill*         0x08009d8a        0x2 
 .text.srand    0x08009d8c       0x5c C:/ST/STM32CubeIDE_1.19.0/STM32CubeIDE/plugins/com.st.stm32cube.ide.mcu.externaltools.gnu-tools-for-stm32.13.3.rel1.win32_1.0.0.202411081344/tools/bin/../lib/gcc/arm-none-eabi/13.3.1/../../../../arm-none-eabi/lib/thumb/v7e-m+fp/hard\libc_nano.a(libc_a-rand.o)
                0x08009d8c                srand
 .text.rand     0x08009de8       0x7c C:/ST/STM32CubeIDE_1.19.0/STM32CubeIDE/plugins/com.st.stm32cube.ide.mcu.externaltools.gnu-tools-for-stm32.13.3.rel1.win32_1.0.0.202411081344/tools/bin/../lib/gcc/arm-none-eabi/13.3.1/../../../../arm-none-eabi/lib/thumb/v7e-m+fp/hard\libc_nano.a(libc_a-rand.o)
                0x08009de8                rand
 .text.std      0x08009e64       0x6c C:/ST/STM32CubeIDE_1.19.0/STM32CubeIDE/plugins/com.st.stm32cube.ide.mcu.externaltools.gnu-tools-for-stm32.13.3.rel1.win32_1.0.0.202411081344/tools/bin/../lib/gcc/arm-none-eabi/13.3.1/../../../../arm-none-eabi/lib/thumb/v7e-m+fp/hard\libc_nano.a(libc_a-findfp.o)
 .text.stdio_exit_handler
                0x08009ed0       0x18 C:/ST/STM32CubeIDE_1.19.0/STM32CubeIDE/plugins/com.st.stm32cube.ide.mcu.externaltools.gnu-tools-for-stm32.13.3.rel1.win32_1.0.0.202411081344/tools/bin/../lib/gcc/arm-none-eabi/13.3.1/../../../../arm-none-eabi/lib/thumb/v7e-m+fp/hard\libc_nano.a(libc_a-findfp.o)
 .text.cleanup_stdio
                0x08009ee8       0x40 C:/ST/STM32CubeIDE_1.19.0/STM32CubeIDE/plugins/com.st.stm32cube.ide.mcu.externaltools.gnu-tools-for-stm32.13.3.rel1.win32_1.0.0.202411081344/tools/bin/../lib/gcc/arm-none-eabi/13.3.1/../../../../arm-none-eabi/lib/thumb/v7e-m+fp/hard\libc_nano.a(libc_a-findfp.o)
 .text.global_stdio_init.part.0
                0x08009f28       0x3c C:/ST/STM32CubeIDE_1.19.0/STM32CubeIDE/plugins/com.st.stm32cube.ide.mcu.externaltools.gnu-tools-for-stm32.13.3.rel1.win32_1.0.0.202411081344/tools/bin/../lib/gcc/arm-none-eabi/13.3.1/../../../../arm-none-eabi/lib/thumb/v7e-m+fp/hard\libc_nano.a(libc_a-findfp.o)
 .text.__sfp_lock_acquire
                0x08009f64        0xc C:/ST/STM32CubeIDE_1.19.0/STM32CubeIDE/plugins/com.st.stm32cube.ide.mcu.externaltools.gnu-tools-for-stm32.13.3.rel1.win32_1.0.0.202411081344/tools/bin/../lib/gcc/arm-none-eabi/13.3.1/../../../../arm-none-eabi/lib/thumb/v7e-m+fp/hard\libc_nano.a(libc_a-findfp.o)
                0x08009f64                __sfp_lock_acquire
 .text.__sfp_lock_release
                0x08009f70        0xc C:/ST/STM32CubeIDE_1.19.0/STM32CubeIDE/plugins/com.st.stm32cube.ide.mcu.externaltools.gnu-tools-for-stm32.13.3.rel1.win32_1.0.0.202411081344/tools/bin/../lib/gcc/arm-none-eabi/13.3.1/../../../../arm-none-eabi/lib/thumb/v7e-m+fp/hard\libc_nano.a(libc_a-findfp.o)
                0x08009f70                __sfp_lock_release
 .text.__sinit  0x08009f7c       0x30 C:/ST/STM32CubeIDE_1.19.0/STM32CubeIDE/plugins/com.st.stm32cube.ide.mcu.externaltools.gnu-tools-for-stm32.13.3.rel1.win32_1.0.0.202411081344/tools/bin/../lib/gcc/arm-none-eabi/13.3.1/../../../../arm-none-eabi/lib/thumb/v7e-m+fp/hard\libc_nano.a(libc_a-findfp.o)
                0x08009f7c                __sinit
 .text._fwalk_sglue
                0x08009fac       0x3c C:/ST/STM32CubeIDE_1.19.0/STM32CubeIDE/plugins/com.st.stm32cube.ide.mcu.externaltools.gnu-tools-for-stm32.13.3.rel1.win32_1.0.0.202411081344/tools/bin/../lib/gcc/arm-none-eabi/13.3.1/../../../../arm-none-eabi/lib/thumb/v7e-m+fp/hard\libc_nano.a(libc_a-fwalk.o)
                0x08009fac                _fwalk_sglue
 .text.__sread  0x08009fe8       0x22 C:/ST/STM32CubeIDE_1.19.0/STM32CubeIDE/plugins/com.st.stm32cube.ide.mcu.externaltools.gnu-tools-for-stm32.13.3.rel1.win32_1.0.0.202411081344/tools/bin/../lib/gcc/arm-none-eabi/13.3.1/../../../../arm-none-eabi/lib/thumb/v7e-m+fp/hard\libc_nano.a(libc_a-stdio.o)
                0x08009fe8                __sread
 .text.__swrite
                0x0800a00a       0x38 C:/ST/STM32CubeIDE_1.19.0/STM32CubeIDE/plugins/com.st.stm32cube.ide.mcu.externaltools.gnu-tools-for-stm32.13.3.rel1.win32_1.0.0.202411081344/tools/bin/../lib/gcc/arm-none-eabi/13.3.1/../../../../arm-none-eabi/lib/thumb/v7e-m+fp/hard\libc_nano.a(libc_a-stdio.o)
                0x0800a00a                __swrite
 .text.__sseek  0x0800a042       0x24 C:/ST/STM32CubeIDE_1.19.0/STM32CubeIDE/plugins/com.st.stm32cube.ide.mcu.externaltools.gnu-tools-for-stm32.13.3.rel1.win32_1.0.0.202411081344/tools/bin/../lib/gcc/arm-none-eabi/13.3.1/../../../../arm-none-eabi/lib/thumb/v7e-m+fp/hard\libc_nano.a(libc_a-stdio.o)
                0x0800a042                __sseek
 .text.__sclose
                0x0800a066        0x8 C:/ST/STM32CubeIDE_1.19.0/STM32CubeIDE/plugins/com.st.stm32cube.ide.mcu.externaltools.gnu-tools-for-stm32.13.3.rel1.win32_1.0.0.202411081344/tools/bin/../lib/gcc/arm-none-eabi/13.3.1/../../../../arm-none-eabi/lib/thumb/v7e-m+fp/hard\libc_nano.a(libc_a-stdio.o)
                0x0800a066                __sclose
 .text.memset   0x0800a06e       0x10 C:/ST/STM32CubeIDE_1.19.0/STM32CubeIDE/plugins/com.st.stm32cube.ide.mcu.externaltools.gnu-tools-for-stm32.13.3.rel1.win32_1.0.0.202411081344/tools/bin/../lib/gcc/arm-none-eabi/13.3.1/../../../../arm-none-eabi/lib/thumb/v7e-m+fp/hard\libc_nano.a(libc_a-memset.o)
                0x0800a06e                memset
 *fill*         0x0800a07e        0x2 
 .text._close_r
                0x0800a080       0x20 C:/ST/STM32CubeIDE_1.19.0/STM32CubeIDE/plugins/com.st.stm32cube.ide.mcu.externaltools.gnu-tools-for-stm32.13.3.rel1.win32_1.0.0.202411081344/tools/bin/../lib/gcc/arm-none-eabi/13.3.1/../../../../arm-none-eabi/lib/thumb/v7e-m+fp/hard\libc_nano.a(libc_a-closer.o)
                0x0800a080                _close_r
 .text._lseek_r
                0x0800a0a0       0x24 C:/ST/STM32CubeIDE_1.19.0/STM32CubeIDE/plugins/com.st.stm32cube.ide.mcu.externaltools.gnu-tools-for-stm32.13.3.rel1.win32_1.0.0.202411081344/tools/bin/../lib/gcc/arm-none-eabi/13.3.1/../../../../arm-none-eabi/lib/thumb/v7e-m+fp/hard\libc_nano.a(libc_a-lseekr.o)
                0x0800a0a0                _lseek_r
 .text._read_r  0x0800a0c4       0x24 C:/ST/STM32CubeIDE_1.19.0/STM32CubeIDE/plugins/com.st.stm32cube.ide.mcu.externaltools.gnu-tools-for-stm32.13.3.rel1.win32_1.0.0.202411081344/tools/bin/../lib/gcc/arm-none-eabi/13.3.1/../../../../arm-none-eabi/lib/thumb/v7e-m+fp/hard\libc_nano.a(libc_a-readr.o)
                0x0800a0c4                _read_r
 .text._write_r
                0x0800a0e8       0x24 C:/ST/STM32CubeIDE_1.19.0/STM32CubeIDE/plugins/com.st.stm32cube.ide.mcu.externaltools.gnu-tools-for-stm32.13.3.rel1.win32_1.0.0.202411081344/tools/bin/../lib/gcc/arm-none-eabi/13.3.1/../../../../arm-none-eabi/lib/thumb/v7e-m+fp/hard\libc_nano.a(libc_a-writer.o)
                0x0800a0e8                _write_r
 .text.__errno  0x0800a10c        0xc C:/ST/STM32CubeIDE_1.19.0/STM32CubeIDE/plugins/com.st.stm32cube.ide.mcu.externaltools.gnu-tools-for-stm32.13.3.rel1.win32_1.0.0.202411081344/tools/bin/../lib/gcc/arm-none-eabi/13.3.1/../../../../arm-none-eabi/lib/thumb/v7e-m+fp/hard\libc_nano.a(libc_a-errno.o)
                0x0800a10c                __errno
 .text.__libc_init_array
                0x0800a118       0x48 C:/ST/STM32CubeIDE_1.19.0/STM32CubeIDE/plugins/com.st.stm32cube.ide.mcu.externaltools.gnu-tools-for-stm32.13.3.rel1.win32_1.0.0.202411081344/tools/bin/../lib/gcc/arm-none-eabi/13.3.1/../../../../arm-none-eabi/lib/thumb/v7e-m+fp/hard\libc_nano.a(libc_a-init.o)
                0x0800a118                __libc_init_array
 .text.__retarget_lock_init_recursive
                0x0800a160        0x2 C:/ST/STM32CubeIDE_1.19.0/STM32CubeIDE/plugins/com.st.stm32cube.ide.mcu.externaltools.gnu-tools-for-stm32.13.3.rel1.win32_1.0.0.202411081344/tools/bin/../lib/gcc/arm-none-eabi/13.3.1/../../../../arm-none-eabi/lib/thumb/v7e-m+fp/hard\libc_nano.a(libc_a-lock.o)
                0x0800a160                __retarget_lock_init_recursive
 .text.__retarget_lock_acquire_recursive
                0x0800a162        0x2 C:/ST/STM32CubeIDE_1.19.0/STM32CubeIDE/plugins/com.st.stm32cube.ide.mcu.externaltools.gnu-tools-for-stm32.13.3.rel1.win32_1.0.0.202411081344/tools/bin/../lib/gcc/arm-none-eabi/13.3.1/../../../../arm-none-eabi/lib/thumb/v7e-m+fp/hard\libc_nano.a(libc_a-lock.o)
                0x0800a162                __retarget_lock_acquire_recursive
 .text.__retarget_lock_release_recursive
                0x0800a164        0x2 C:/ST/STM32CubeIDE_1.19.0/STM32CubeIDE/plugins/com.st.stm32cube.ide.mcu.externaltools.gnu-tools-for-stm32.13.3.rel1.win32_1.0.0.202411081344/tools/bin/../lib/gcc/arm-none-eabi/13.3.1/../../../../arm-none-eabi/lib/thumb/v7e-m+fp/hard\libc_nano.a(libc_a-lock.o)
                0x0800a164                __retarget_lock_release_recursive
 .text.memcpy   0x0800a166       0x1c C:/ST/STM32CubeIDE_1.19.0/STM32CubeIDE/plugins/com.st.stm32cube.ide.mcu.externaltools.gnu-tools-for-stm32.13.3.rel1.win32_1.0.0.202411081344/tools/bin/../lib/gcc/arm-none-eabi/13.3.1/../../../../arm-none-eabi/lib/thumb/v7e-m+fp/hard\libc_nano.a(libc_a-memcpy-stub.o)
                0x0800a166                memcpy
 *fill*         0x0800a182        0x2 
 .text.__assert_func
                0x0800a184       0x3c C:/ST/STM32CubeIDE_1.19.0/STM32CubeIDE/plugins/com.st.stm32cube.ide.mcu.externaltools.gnu-tools-for-stm32.13.3.rel1.win32_1.0.0.202411081344/tools/bin/../lib/gcc/arm-none-eabi/13.3.1/../../../../arm-none-eabi/lib/thumb/v7e-m+fp/hard\libc_nano.a(libc_a-assert.o)
                0x0800a184                __assert_func
 .text._free_r  0x0800a1c0       0x94 C:/ST/STM32CubeIDE_1.19.0/STM32CubeIDE/plugins/com.st.stm32cube.ide.mcu.externaltools.gnu-tools-for-stm32.13.3.rel1.win32_1.0.0.202411081344/tools/bin/../lib/gcc/arm-none-eabi/13.3.1/../../../../arm-none-eabi/lib/thumb/v7e-m+fp/hard\libc_nano.a(libc_a-freer.o)
                0x0800a1c0                _free_r
 .text.malloc   0x0800a254       0x10 C:/ST/STM32CubeIDE_1.19.0/STM32CubeIDE/plugins/com.st.stm32cube.ide.mcu.externaltools.gnu-tools-for-stm32.13.3.rel1.win32_1.0.0.202411081344/tools/bin/../lib/gcc/arm-none-eabi/13.3.1/../../../../arm-none-eabi/lib/thumb/v7e-m+fp/hard\libc_nano.a(libc_a-malloc.o)
                0x0800a254                malloc
 .text.sbrk_aligned
                0x0800a264       0x44 C:/ST/STM32CubeIDE_1.19.0/STM32CubeIDE/plugins/com.st.stm32cube.ide.mcu.externaltools.gnu-tools-for-stm32.13.3.rel1.win32_1.0.0.202411081344/tools/bin/../lib/gcc/arm-none-eabi/13.3.1/../../../../arm-none-eabi/lib/thumb/v7e-m+fp/hard\libc_nano.a(libc_a-mallocr.o)
 .text._malloc_r
                0x0800a2a8      0x100 C:/ST/STM32CubeIDE_1.19.0/STM32CubeIDE/plugins/com.st.stm32cube.ide.mcu.externaltools.gnu-tools-for-stm32.13.3.rel1.win32_1.0.0.202411081344/tools/bin/../lib/gcc/arm-none-eabi/13.3.1/../../../../arm-none-eabi/lib/thumb/v7e-m+fp/hard\libc_nano.a(libc_a-mallocr.o)
                0x0800a2a8                _malloc_r
 .text.__malloc_lock
                0x0800a3a8        0xc C:/ST/STM32CubeIDE_1.19.0/STM32CubeIDE/plugins/com.st.stm32cube.ide.mcu.externaltools.gnu-tools-for-stm32.13.3.rel1.win32_1.0.0.202411081344/tools/bin/../lib/gcc/arm-none-eabi/13.3.1/../../../../arm-none-eabi/lib/thumb/v7e-m+fp/hard\libc_nano.a(libc_a-mlock.o)
                0x0800a3a8                __malloc_lock
 .text.__malloc_unlock
                0x0800a3b4        0xc C:/ST/STM32CubeIDE_1.19.0/STM32CubeIDE/plugins/com.st.stm32cube.ide.mcu.externaltools.gnu-tools-for-stm32.13.3.rel1.win32_1.0.0.202411081344/tools/bin/../lib/gcc/arm-none-eabi/13.3.1/../../../../arm-none-eabi/lib/thumb/v7e-m+fp/hard\libc_nano.a(libc_a-mlock.o)
                0x0800a3b4                __malloc_unlock
 .text.__sflush_r
                0x0800a3c0      0x108 C:/ST/STM32CubeIDE_1.19.0/STM32CubeIDE/plugins/com.st.stm32cube.ide.mcu.externaltools.gnu-tools-for-stm32.13.3.rel1.win32_1.0.0.202411081344/tools/bin/../lib/gcc/arm-none-eabi/13.3.1/../../../../arm-none-eabi/lib/thumb/v7e-m+fp/hard\libc_nano.a(libc_a-fflush.o)
                0x0800a3c0                __sflush_r
 .text._fflush_r
                0x0800a4c8       0x50 C:/ST/STM32CubeIDE_1.19.0/STM32CubeIDE/plugins/com.st.stm32cube.ide.mcu.externaltools.gnu-tools-for-stm32.13.3.rel1.win32_1.0.0.202411081344/tools/bin/../lib/gcc/arm-none-eabi/13.3.1/../../../../arm-none-eabi/lib/thumb/v7e-m+fp/hard\libc_nano.a(libc_a-fflush.o)
                0x0800a4c8                _fflush_r
 .text.fprintf  0x0800a518       0x24 C:/ST/STM32CubeIDE_1.19.0/STM32CubeIDE/plugins/com.st.stm32cube.ide.mcu.externaltools.gnu-tools-for-stm32.13.3.rel1.win32_1.0.0.202411081344/tools/bin/../lib/gcc/arm-none-eabi/13.3.1/../../../../arm-none-eabi/lib/thumb/v7e-m+fp/hard\libc_nano.a(libc_a-fprintf.o)
                0x0800a518                fiprintf
                0x0800a518                fprintf
 .text._sbrk_r  0x0800a53c       0x20 C:/ST/STM32CubeIDE_1.19.0/STM32CubeIDE/plugins/com.st.stm32cube.ide.mcu.externaltools.gnu-tools-for-stm32.13.3.rel1.win32_1.0.0.202411081344/tools/bin/../lib/gcc/arm-none-eabi/13.3.1/../../../../arm-none-eabi/lib/thumb/v7e-m+fp/hard\libc_nano.a(libc_a-sbrkr.o)
                0x0800a53c                _sbrk_r
 .text.abort    0x0800a55c        0xe C:/ST/STM32CubeIDE_1.19.0/STM32CubeIDE/plugins/com.st.stm32cube.ide.mcu.externaltools.gnu-tools-for-stm32.13.3.rel1.win32_1.0.0.202411081344/tools/bin/../lib/gcc/arm-none-eabi/13.3.1/../../../../arm-none-eabi/lib/thumb/v7e-m+fp/hard\libc_nano.a(libc_a-abort.o)
                0x0800a55c                abort
 .text.__sfputc_r
                0x0800a56a       0x2e C:/ST/STM32CubeIDE_1.19.0/STM32CubeIDE/plugins/com.st.stm32cube.ide.mcu.externaltools.gnu-tools-for-stm32.13.3.rel1.win32_1.0.0.202411081344/tools/bin/../lib/gcc/arm-none-eabi/13.3.1/../../../../arm-none-eabi/lib/thumb/v7e-m+fp/hard\libc_nano.a(libc_a-nano-vfprintf.o)
 .text.__sfputs_r
                0x0800a598       0x24 C:/ST/STM32CubeIDE_1.19.0/STM32CubeIDE/plugins/com.st.stm32cube.ide.mcu.externaltools.gnu-tools-for-stm32.13.3.rel1.win32_1.0.0.202411081344/tools/bin/../lib/gcc/arm-none-eabi/13.3.1/../../../../arm-none-eabi/lib/thumb/v7e-m+fp/hard\libc_nano.a(libc_a-nano-vfprintf.o)
                0x0800a598                __sfputs_r
 .text._vfprintf_r
                0x0800a5bc      0x230 C:/ST/STM32CubeIDE_1.19.0/STM32CubeIDE/plugins/com.st.stm32cube.ide.mcu.externaltools.gnu-tools-for-stm32.13.3.rel1.win32_1.0.0.202411081344/tools/bin/../lib/gcc/arm-none-eabi/13.3.1/../../../../arm-none-eabi/lib/thumb/v7e-m+fp/hard\libc_nano.a(libc_a-nano-vfprintf.o)
                0x0800a5bc                _vfprintf_r
                0x0800a5bc                _vfiprintf_r
 .text._printf_common
                0x0800a7ec       0xda C:/ST/STM32CubeIDE_1.19.0/STM32CubeIDE/plugins/com.st.stm32cube.ide.mcu.externaltools.gnu-tools-for-stm32.13.3.rel1.win32_1.0.0.202411081344/tools/bin/../lib/gcc/arm-none-eabi/13.3.1/../../../../arm-none-eabi/lib/thumb/v7e-m+fp/hard\libc_nano.a(libc_a-nano-vfprintf_i.o)
                0x0800a7ec                _printf_common
 *fill*         0x0800a8c6        0x2 
 .text._printf_i
                0x0800a8c8      0x23c C:/ST/STM32CubeIDE_1.19.0/STM32CubeIDE/plugins/com.st.stm32cube.ide.mcu.externaltools.gnu-tools-for-stm32.13.3.rel1.win32_1.0.0.202411081344/tools/bin/../lib/gcc/arm-none-eabi/13.3.1/../../../../arm-none-eabi/lib/thumb/v7e-m+fp/hard\libc_nano.a(libc_a-nano-vfprintf_i.o)
                0x0800a8c8                _printf_i
 .text.__swbuf_r
                0x0800ab04       0x7c C:/ST/STM32CubeIDE_1.19.0/STM32CubeIDE/plugins/com.st.stm32cube.ide.mcu.externaltools.gnu-tools-for-stm32.13.3.rel1.win32_1.0.0.202411081344/tools/bin/../lib/gcc/arm-none-eabi/13.3.1/../../../../arm-none-eabi/lib/thumb/v7e-m+fp/hard\libc_nano.a(libc_a-wbuf.o)
                0x0800ab04                __swbuf_r
 .text.__swsetup_r
                0x0800ab80       0xac C:/ST/STM32CubeIDE_1.19.0/STM32CubeIDE/plugins/com.st.stm32cube.ide.mcu.externaltools.gnu-tools-for-stm32.13.3.rel1.win32_1.0.0.202411081344/tools/bin/../lib/gcc/arm-none-eabi/13.3.1/../../../../arm-none-eabi/lib/thumb/v7e-m+fp/hard\libc_nano.a(libc_a-wsetup.o)
                0x0800ab80                __swsetup_r
 .text._raise_r
                0x0800ac2c       0x50 C:/ST/STM32CubeIDE_1.19.0/STM32CubeIDE/plugins/com.st.stm32cube.ide.mcu.externaltools.gnu-tools-for-stm32.13.3.rel1.win32_1.0.0.202411081344/tools/bin/../lib/gcc/arm-none-eabi/13.3.1/../../../../arm-none-eabi/lib/thumb/v7e-m+fp/hard\libc_nano.a(libc_a-signal.o)
                0x0800ac2c                _raise_r
 .text.raise    0x0800ac7c       0x10 C:/ST/STM32CubeIDE_1.19.0/STM32CubeIDE/plugins/com.st.stm32cube.ide.mcu.externaltools.gnu-tools-for-stm32.13.3.rel1.win32_1.0.0.202411081344/tools/bin/../lib/gcc/arm-none-eabi/13.3.1/../../../../arm-none-eabi/lib/thumb/v7e-m+fp/hard\libc_nano.a(libc_a-signal.o)
                0x0800ac7c                raise
 .text._kill_r  0x0800ac8c       0x24 C:/ST/STM32CubeIDE_1.19.0/STM32CubeIDE/plugins/com.st.stm32cube.ide.mcu.externaltools.gnu-tools-for-stm32.13.3.rel1.win32_1.0.0.202411081344/tools/bin/../lib/gcc/arm-none-eabi/13.3.1/../../../../arm-none-eabi/lib/thumb/v7e-m+fp/hard\libc_nano.a(libc_a-signalr.o)
                0x0800ac8c                _kill_r
 .text._getpid_r
                0x0800acb0        0x4 C:/ST/STM32CubeIDE_1.19.0/STM32CubeIDE/plugins/com.st.stm32cube.ide.mcu.externaltools.gnu-tools-for-stm32.13.3.rel1.win32_1.0.0.202411081344/tools/bin/../lib/gcc/arm-none-eabi/13.3.1/../../../../arm-none-eabi/lib/thumb/v7e-m+fp/hard\libc_nano.a(libc_a-signalr.o)
                0x0800acb0                _getpid_r
 .text.__swhatbuf_r
                0x0800acb4       0x4c C:/ST/STM32CubeIDE_1.19.0/STM32CubeIDE/plugins/com.st.stm32cube.ide.mcu.externaltools.gnu-tools-for-stm32.13.3.rel1.win32_1.0.0.202411081344/tools/bin/../lib/gcc/arm-none-eabi/13.3.1/../../../../arm-none-eabi/lib/thumb/v7e-m+fp/hard\libc_nano.a(libc_a-makebuf.o)
                0x0800acb4                __swhatbuf_r
 .text.__smakebuf_r
                0x0800ad00       0x78 C:/ST/STM32CubeIDE_1.19.0/STM32CubeIDE/plugins/com.st.stm32cube.ide.mcu.externaltools.gnu-tools-for-stm32.13.3.rel1.win32_1.0.0.202411081344/tools/bin/../lib/gcc/arm-none-eabi/13.3.1/../../../../arm-none-eabi/lib/thumb/v7e-m+fp/hard\libc_nano.a(libc_a-makebuf.o)
                0x0800ad00                __smakebuf_r
 .text._fstat_r
                0x0800ad78       0x24 C:/ST/STM32CubeIDE_1.19.0/STM32CubeIDE/plugins/com.st.stm32cube.ide.mcu.externaltools.gnu-tools-for-stm32.13.3.rel1.win32_1.0.0.202411081344/tools/bin/../lib/gcc/arm-none-eabi/13.3.1/../../../../arm-none-eabi/lib/thumb/v7e-m+fp/hard\libc_nano.a(libc_a-fstatr.o)
                0x0800ad78                _fstat_r
 .text._isatty_r
                0x0800ad9c       0x20 C:/ST/STM32CubeIDE_1.19.0/STM32CubeIDE/plugins/com.st.stm32cube.ide.mcu.externaltools.gnu-tools-for-stm32.13.3.rel1.win32_1.0.0.202411081344/tools/bin/../lib/gcc/arm-none-eabi/13.3.1/../../../../arm-none-eabi/lib/thumb/v7e-m+fp/hard\libc_nano.a(libc_a-isattyr.o)
                0x0800ad9c                _isatty_r
 *(.glue_7)
 .glue_7        0x0800adbc        0x0 linker stubs
 *(.glue_7t)
 .glue_7t       0x0800adbc        0x0 linker stubs
 *(.eh_frame)
 .eh_frame      0x0800adbc        0x0 C:/ST/STM32CubeIDE_1.19.0/STM32CubeIDE/plugins/com.st.stm32cube.ide.mcu.externaltools.gnu-tools-for-stm32.13.3.rel1.win32_1.0.0.202411081344/tools/bin/../lib/gcc/arm-none-eabi/13.3.1/thumb/v7e-m+fp/hard/crtbegin.o
 *(.init)
 .init          0x0800adbc        0x4 C:/ST/STM32CubeIDE_1.19.0/STM32CubeIDE/plugins/com.st.stm32cube.ide.mcu.externaltools.gnu-tools-for-stm32.13.3.rel1.win32_1.0.0.202411081344/tools/bin/../lib/gcc/arm-none-eabi/13.3.1/thumb/v7e-m+fp/hard/crti.o
                0x0800adbc                _init
 .init          0x0800adc0        0x8 C:/ST/STM32CubeIDE_1.19.0/STM32CubeIDE/plugins/com.st.stm32cube.ide.mcu.externaltools.gnu-tools-for-stm32.13.3.rel1.win32_1.0.0.202411081344/tools/bin/../lib/gcc/arm-none-eabi/13.3.1/thumb/v7e-m+fp/hard/crtn.o
 *(.fini)
 .fini          0x0800adc8        0x4 C:/ST/STM32CubeIDE_1.19.0/STM32CubeIDE/plugins/com.st.stm32cube.ide.mcu.externaltools.gnu-tools-for-stm32.13.3.rel1.win32_1.0.0.202411081344/tools/bin/../lib/gcc/arm-none-eabi/13.3.1/thumb/v7e-m+fp/hard/crti.o
                0x0800adc8                _fini
 .fini          0x0800adcc        0x8 C:/ST/STM32CubeIDE_1.19.0/STM32CubeIDE/plugins/com.st.stm32cube.ide.mcu.externaltools.gnu-tools-for-stm32.13.3.rel1.win32_1.0.0.202411081344/tools/bin/../lib/gcc/arm-none-eabi/13.3.1/thumb/v7e-m+fp/hard/crtn.o
                0x0800add4                        . = ALIGN (0x4)
                0x0800add4                        _etext = .

.vfp11_veneer   0x0800add4        0x0
 .vfp11_veneer  0x0800add4        0x0 linker stubs

.v4_bx          0x0800add4        0x0
 .v4_bx         0x0800add4        0x0 linker stubs

.iplt           0x0800add4        0x0
 .iplt          0x0800add4        0x0 C:/ST/STM32CubeIDE_1.19.0/STM32CubeIDE/plugins/com.st.stm32cube.ide.mcu.externaltools.gnu-tools-for-stm32.13.3.rel1.win32_1.0.0.202411081344/tools/bin/../lib/gcc/arm-none-eabi/13.3.1/thumb/v7e-m+fp/hard/crtbegin.o

.rodata         0x0800add4      0x354
                0x0800add4                        . = ALIGN (0x4)
 *(.rodata)
 .rodata        0x0800add4        0x7 ./BlueNRG_2/App/app_bluenrg_2.o
 *fill*         0x0800addb        0x1 
 .rodata        0x0800addc        0x8 ./BlueNRG_2/App/sensor.o
 *(.rodata*)
 .rodata.BLE_UART_SERVICE_UUID
                0x0800ade4       0x10 ./BlueNRG_2/App/ble_uart.o
 .rodata.BLE_UART_TX_UUID
                0x0800adf4       0x10 ./BlueNRG_2/App/ble_uart.o
 .rodata.BLE_UART_RX_UUID
                0x0800ae04       0x10 ./BlueNRG_2/App/ble_uart.o
 .rodata.AHBPrescTable
                0x0800ae14       0x10 ./Core/Src/system_stm32g4xx.o
                0x0800ae14                AHBPrescTable
 .rodata.APBPrescTable
                0x0800ae24        0x8 ./Core/Src/system_stm32g4xx.o
                0x0800ae24                APBPrescTable
 .rodata.LedGpioInit.4
                0x0800ae2c        0x4 ./Drivers/BSP/custom/custom.o
 .rodata.ButtonGpioInit.3
                0x0800ae30        0x4 ./Drivers/BSP/custom/custom.o
 .rodata.BUTTON_EXTI_LINE.2
                0x0800ae34        0x4 ./Drivers/BSP/custom/custom.o
 .rodata.ButtonCallback.1
                0x0800ae38        0x4 ./Drivers/BSP/custom/custom.o
 .rodata.BSP_BUTTON_PRIO.0
                0x0800ae3c        0x4 ./Drivers/BSP/custom/custom.o
 .rodata.UARTPrescTable
                0x0800ae40       0x18 ./Drivers/STM32G4xx_HAL_Driver/Src/stm32g4xx_hal_uart.o
                0x0800ae40                UARTPrescTable
 .rodata.numerator.1
                0x0800ae58        0x8 ./Drivers/STM32G4xx_HAL_Driver/Src/stm32g4xx_hal_uart_ex.o
 .rodata.denominator.0
                0x0800ae60        0x8 ./Drivers/STM32G4xx_HAL_Driver/Src/stm32g4xx_hal_uart_ex.o
 .rodata.hci_events_table
                0x0800ae68       0x38 ./Middlewares/ST/BlueNRG-2/hci/bluenrg1_events.o
                0x0800ae68                hci_events_table
 .rodata.hci_le_meta_events_table
                0x0800aea0       0x50 ./Middlewares/ST/BlueNRG-2/hci/bluenrg1_events.o
                0x0800aea0                hci_le_meta_events_table
 .rodata.hci_vendor_specific_events_table
                0x0800aef0      0x158 ./Middlewares/ST/BlueNRG-2/hci/bluenrg1_events.o
                0x0800aef0                hci_vendor_specific_events_table
 .rodata.srand.str1.1
                0x0800b048       0xde C:/ST/STM32CubeIDE_1.19.0/STM32CubeIDE/plugins/com.st.stm32cube.ide.mcu.externaltools.gnu-tools-for-stm32.13.3.rel1.win32_1.0.0.202411081344/tools/bin/../lib/gcc/arm-none-eabi/13.3.1/../../../../arm-none-eabi/lib/thumb/v7e-m+fp/hard\libc_nano.a(libc_a-rand.o)
                                 0x6f (size before relaxing)
 .rodata.__assert_func.str1.1
                0x0800b126       0x3d C:/ST/STM32CubeIDE_1.19.0/STM32CubeIDE/plugins/com.st.stm32cube.ide.mcu.externaltools.gnu-tools-for-stm32.13.3.rel1.win32_1.0.0.202411081344/tools/bin/../lib/gcc/arm-none-eabi/13.3.1/../../../../arm-none-eabi/lib/thumb/v7e-m+fp/hard\libc_nano.a(libc_a-assert.o)
 .rodata._vfprintf_r.str1.1
                0x0800b126       0x11 C:/ST/STM32CubeIDE_1.19.0/STM32CubeIDE/plugins/com.st.stm32cube.ide.mcu.externaltools.gnu-tools-for-stm32.13.3.rel1.win32_1.0.0.202411081344/tools/bin/../lib/gcc/arm-none-eabi/13.3.1/../../../../arm-none-eabi/lib/thumb/v7e-m+fp/hard\libc_nano.a(libc_a-nano-vfprintf.o)
 .rodata._printf_i.str1.1
                0x0800b126       0x22 C:/ST/STM32CubeIDE_1.19.0/STM32CubeIDE/plugins/com.st.stm32cube.ide.mcu.externaltools.gnu-tools-for-stm32.13.3.rel1.win32_1.0.0.202411081344/tools/bin/../lib/gcc/arm-none-eabi/13.3.1/../../../../arm-none-eabi/lib/thumb/v7e-m+fp/hard\libc_nano.a(libc_a-nano-vfprintf_i.o)
                0x0800b164                        . = ALIGN (0x4)
 *fill*         0x0800b126        0x2 

.ARM.extab      0x0800b128        0x0
                0x0800b128                        . = ALIGN (0x4)
 *(.ARM.extab* .gnu.linkonce.armextab.*)
                0x0800b128                        . = ALIGN (0x4)

.ARM            0x0800b128        0x8
                0x0800b128                        . = ALIGN (0x4)
                0x0800b128                        __exidx_start = .
 *(.ARM.exidx*)
 .ARM.exidx     0x0800b128        0x8 C:/ST/STM32CubeIDE_1.19.0/STM32CubeIDE/plugins/com.st.stm32cube.ide.mcu.externaltools.gnu-tools-for-stm32.13.3.rel1.win32_1.0.0.202411081344/tools/bin/../lib/gcc/arm-none-eabi/13.3.1/../../../../arm-none-eabi/lib/thumb/v7e-m+fp/hard\libc_nano.a(libc_a-memchr.o)
 .ARM.exidx     0x0800b130        0x0 C:/ST/STM32CubeIDE_1.19.0/STM32CubeIDE/plugins/com.st.stm32cube.ide.mcu.externaltools.gnu-tools-for-stm32.13.3.rel1.win32_1.0.0.202411081344/tools/bin/../lib/gcc/arm-none-eabi/13.3.1/thumb/v7e-m+fp/hard\libgcc.a(_udivmoddi4.o)
                                  0x8 (size before relaxing)
                0x0800b130                        __exidx_end = .
                0x0800b130                        . = ALIGN (0x4)

.preinit_array  0x0800b130        0x0
                0x0800b130                        . = ALIGN (0x4)
                0x0800b130                        PROVIDE (__preinit_array_start = .)
 *(.preinit_array*)
                0x0800b130                        PROVIDE (__preinit_array_end = .)
                0x0800b130                        . = ALIGN (0x4)

.init_array     0x0800b130        0x4
                0x0800b130                        . = ALIGN (0x4)
                0x0800b130                        PROVIDE (__init_array_start = .)
 *(SORT_BY_NAME(.init_array.*))
 *(.init_array*)
 .init_array    0x0800b130        0x4 C:/ST/STM32CubeIDE_1.19.0/STM32CubeIDE/plugins/com.st.stm32cube.ide.mcu.externaltools.gnu-tools-for-stm32.13.3.rel1.win32_1.0.0.202411081344/tools/bin/../lib/gcc/arm-none-eabi/13.3.1/thumb/v7e-m+fp/hard/crtbegin.o
                0x0800b134                        PROVIDE (__init_array_end = .)
                0x0800b134                        . = ALIGN (0x4)

.fini_array     0x0800b134        0x4
                0x0800b134                        . = ALIGN (0x4)
                [!provide]                        PROVIDE (__fini_array_start = .)
 *(SORT_BY_NAME(.fini_array.*))
 *(.fini_array*)
 .fini_array    0x0800b134        0x4 C:/ST/STM32CubeIDE_1.19.0/STM32CubeIDE/plugins/com.st.stm32cube.ide.mcu.externaltools.gnu-tools-for-stm32.13.3.rel1.win32_1.0.0.202411081344/tools/bin/../lib/gcc/arm-none-eabi/13.3.1/thumb/v7e-m+fp/hard/crtbegin.o
                [!provide]                        PROVIDE (__fini_array_end = .)
                0x0800b138                        . = ALIGN (0x4)
                0x0800b138                        _sidata = LOADADDR (.data)

.rel.dyn        0x0800b138        0x0
 .rel.iplt      0x0800b138        0x0 C:/ST/STM32CubeIDE_1.19.0/STM32CubeIDE/plugins/com.st.stm32cube.ide.mcu.externaltools.gnu-tools-for-stm32.13.3.rel1.win32_1.0.0.202411081344/tools/bin/../lib/gcc/arm-none-eabi/13.3.1/thumb/v7e-m+fp/hard/crtbegin.o

.data           0x20000000       0x80 load address 0x0800b138
                0x20000000                        . = ALIGN (0x4)
                0x20000000                        _sdata = .
 *(.data)
 *(.data*)
 .data.user_button_init_state
                0x20000000        0x1 ./BlueNRG_2/App/app_bluenrg_2.o
 .data.set_connectable
                0x20000001        0x1 ./BlueNRG_2/App/sensor.o
                0x20000001                set_connectable
 *fill*         0x20000002        0x2 
 .data.SystemCoreClock
                0x20000004        0x4 ./Core/Src/system_stm32g4xx.o
                0x20000004                SystemCoreClock
 .data.LED_PORT
                0x20000008        0x4 ./Drivers/BSP/custom/custom.o
 .data.BUTTON_PORT
                0x2000000c        0x4 ./Drivers/BSP/custom/custom.o
 .data.hpb_exti
                0x20000010        0x8 ./Drivers/BSP/custom/custom.o
                0x20000010                hpb_exti
 .data.COM_USART