Archive member included to satisfy reference by file (symbol)

C:/ST/STM32CubeIDE_1.19.0/STM32CubeIDE/plugins/com.st.stm32cube.ide.mcu.externaltools.gnu-tools-for-stm32.13.3.rel1.win32_1.0.0.202411081344/tools/bin/../lib/gcc/arm-none-eabi/13.3.1/../../../../arm-none-eabi/lib/thumb/v7e-m+fp/hard\libc_nano.a(libc_a-exit.o)
                              C:/ST/STM32CubeIDE_1.19.0/STM32CubeIDE/plugins/com.st.stm32cube.ide.mcu.externaltools.gnu-tools-for-stm32.13.3.rel1.win32_1.0.0.202411081344/tools/bin/../lib/gcc/arm-none-eabi/13.3.1/../../../../arm-none-eabi/lib/thumb/v7e-m+fp/hard/crt0.o (exit)
C:/ST/STM32CubeIDE_1.19.0/STM32CubeIDE/plugins/com.st.stm32cube.ide.mcu.externaltools.gnu-tools-for-stm32.13.3.rel1.win32_1.0.0.202411081344/tools/bin/../lib/gcc/arm-none-eabi/13.3.1/../../../../arm-none-eabi/lib/thumb/v7e-m+fp/hard\libc_nano.a(libc_a-rand.o)
                              ./BlueNRG_2/App/app_bluenrg_2.o (srand)
C:/ST/STM32CubeIDE_1.19.0/STM32CubeIDE/plugins/com.st.stm32cube.ide.mcu.externaltools.gnu-tools-for-stm32.13.3.rel1.win32_1.0.0.202411081344/tools/bin/../lib/gcc/arm-none-eabi/13.3.1/../../../../arm-none-eabi/lib/thumb/v7e-m+fp/hard\libc_nano.a(libc_a-findfp.o)
                              C:/ST/STM32CubeIDE_1.19.0/STM32CubeIDE/plugins/com.st.stm32cube.ide.mcu.externaltools.gnu-tools-for-stm32.13.3.rel1.win32_1.0.0.202411081344/tools/bin/../lib/gcc/arm-none-eabi/13.3.1/../../../../arm-none-eabi/lib/thumb/v7e-m+fp/hard\libc_nano.a(libc_a-exit.o) (__stdio_exit_handler)
C:/ST/STM32CubeIDE_1.19.0/STM32CubeIDE/plugins/com.st.stm32cube.ide.mcu.externaltools.gnu-tools-for-stm32.13.3.rel1.win32_1.0.0.202411081344/tools/bin/../lib/gcc/arm-none-eabi/13.3.1/../../../../arm-none-eabi/lib/thumb/v7e-m+fp/hard\libc_nano.a(libc_a-fwalk.o)
                              C:/ST/STM32CubeIDE_1.19.0/STM32CubeIDE/plugins/com.st.stm32cube.ide.mcu.externaltools.gnu-tools-for-stm32.13.3.rel1.win32_1.0.0.202411081344/tools/bin/../lib/gcc/arm-none-eabi/13.3.1/../../../../arm-none-eabi/lib/thumb/v7e-m+fp/hard\libc_nano.a(libc_a-findfp.o) (_fwalk_sglue)
C:/ST/STM32CubeIDE_1.19.0/STM32CubeIDE/plugins/com.st.stm32cube.ide.mcu.externaltools.gnu-tools-for-stm32.13.3.rel1.win32_1.0.0.202411081344/tools/bin/../lib/gcc/arm-none-eabi/13.3.1/../../../../arm-none-eabi/lib/thumb/v7e-m+fp/hard\libc_nano.a(libc_a-stdio.o)
                              C:/ST/STM32CubeIDE_1.19.0/STM32CubeIDE/plugins/com.st.stm32cube.ide.mcu.externaltools.gnu-tools-for-stm32.13.3.rel1.win32_1.0.0.202411081344/tools/bin/../lib/gcc/arm-none-eabi/13.3.1/../../../../arm-none-eabi/lib/thumb/v7e-m+fp/hard\libc_nano.a(libc_a-findfp.o) (__sread)
C:/ST/STM32CubeIDE_1.19.0/STM32CubeIDE/plugins/com.st.stm32cube.ide.mcu.externaltools.gnu-tools-for-stm32.13.3.rel1.win32_1.0.0.202411081344/tools/bin/../lib/gcc/arm-none-eabi/13.3.1/../../../../arm-none-eabi/lib/thumb/v7e-m+fp/hard\libc_nano.a(libc_a-memset.o)
                              C:/ST/STM32CubeIDE_1.19.0/STM32CubeIDE/plugins/com.st.stm32cube.ide.mcu.externaltools.gnu-tools-for-stm32.13.3.rel1.win32_1.0.0.202411081344/tools/bin/../lib/gcc/arm-none-eabi/13.3.1/../../../../arm-none-eabi/lib/thumb/v7e-m+fp/hard/crt0.o (memset)
C:/ST/STM32CubeIDE_1.19.0/STM32CubeIDE/plugins/com.st.stm32cube.ide.mcu.externaltools.gnu-tools-for-stm32.13.3.rel1.win32_1.0.0.202411081344/tools/bin/../lib/gcc/arm-none-eabi/13.3.1/../../../../arm-none-eabi/lib/thumb/v7e-m+fp/hard\libc_nano.a(libc_a-closer.o)
                              C:/ST/STM32CubeIDE_1.19.0/STM32CubeIDE/plugins/com.st.stm32cube.ide.mcu.externaltools.gnu-tools-for-stm32.13.3.rel1.win32_1.0.0.202411081344/tools/bin/../lib/gcc/arm-none-eabi/13.3.1/../../../../arm-none-eabi/lib/thumb/v7e-m+fp/hard\libc_nano.a(libc_a-stdio.o) (_close_r)
C:/ST/STM32CubeIDE_1.19.0/STM32CubeIDE/plugins/com.st.stm32cube.ide.mcu.externaltools.gnu-tools-for-stm32.13.3.rel1.win32_1.0.0.202411081344/tools/bin/../lib/gcc/arm-none-eabi/13.3.1/../../../../arm-none-eabi/lib/thumb/v7e-m+fp/hard\libc_nano.a(libc_a-reent.o)
                              C:/ST/STM32CubeIDE_1.19.0/STM32CubeIDE/plugins/com.st.stm32cube.ide.mcu.externaltools.gnu-tools-for-stm32.13.3.rel1.win32_1.0.0.202411081344/tools/bin/../lib/gcc/arm-none-eabi/13.3.1/../../../../arm-none-eabi/lib/thumb/v7e-m+fp/hard\libc_nano.a(libc_a-closer.o) (errno)
C:/ST/STM32CubeIDE_1.19.0/STM32CubeIDE/plugins/com.st.stm32cube.ide.mcu.externaltools.gnu-tools-for-stm32.13.3.rel1.win32_1.0.0.202411081344/tools/bin/../lib/gcc/arm-none-eabi/13.3.1/../../../../arm-none-eabi/lib/thumb/v7e-m+fp/hard\libc_nano.a(libc_a-impure.o)
                              C:/ST/STM32CubeIDE_1.19.0/STM32CubeIDE/plugins/com.st.stm32cube.ide.mcu.externaltools.gnu-tools-for-stm32.13.3.rel1.win32_1.0.0.202411081344/tools/bin/../lib/gcc/arm-none-eabi/13.3.1/../../../../arm-none-eabi/lib/thumb/v7e-m+fp/hard\libc_nano.a(libc_a-rand.o) (_impure_ptr)
[...]
Memory Configuration

Name             Origin             Length             Attributes
RAM              0x20000000         0x00008000         xrw
FLASH            0x08000000         0x00020000         xr
*default*        0x00000000         0xffffffff

Linker script and memory map

LOAD C:/ST/STM32CubeIDE_1.19.0/STM32CubeIDE/plugins/com.st.stm32cube.ide.mcu.externaltools.gnu-tools-for-stm32.13.3.rel1.win32_1.0.0.202411081344/tools/bin/../lib/gcc/arm-none-eabi/13.3.1/thumb/v7e-m+fp/hard/crti.o
LOAD C:/ST/STM32CubeIDE_1.19.0/STM32CubeIDE/plugins/com.st.stm32cube.ide.mcu.externaltools.gnu-tools-for-stm32.13.3.rel1.win32_1.0.0.202411081344/tools/bin/../lib/gcc/arm-none-eabi/13.3.1/thumb/v7e-m+fp/hard/crtbegin.o
LOAD C:/ST/STM32CubeIDE_1.19.0/STM32CubeIDE/plugins/com.st.stm32cube.ide.mcu.externaltools.gnu-tools-for-stm32.13.3.rel1.win32_1.0.0.202411081344/tools/bin/../lib/gcc/arm-none-eabi/13.3.1/../../../../arm-none-eabi/lib/thumb/v7e-m+fp/hard/crt0.o
LOAD ./BlueNRG_2/App/OTA.o
LOAD ./BlueNRG_2/App/app_bluenrg_2.o
LOAD ./BlueNRG_2/App/ble_uart.o
LOAD ./BlueNRG_2/App/gatt_db.o
LOAD ./BlueNRG_2/App/sensor.o
LOAD ./BlueNRG_2/App/target_platform.o
LOAD ./BlueNRG_2/Target/hci_tl_interface.o
LOAD ./Core/Src/custom_bus.o
LOAD ./Core/Src/main.o
LOAD ./Core/Src/stm32g4xx_hal_msp.o
LOAD ./Core/Src/stm32g4xx_it.o
LOAD ./Core/Src/syscalls.o
LOAD ./Core/Src/sysmem.o
LOAD ./Core/Src/system_stm32g4xx.o
LOAD ./Core/Startup/startup_stm32g431rbtx.o
LOAD ./Drivers/BSP/custom/custom.o
LOAD ./Drivers/STM32G4xx_HAL_Driver/Src/stm32g4xx_hal.o
LOAD ./Drivers/STM32G4xx_HAL_Driver/Src/stm32g4xx_hal_cortex.o
LOAD ./Drivers/STM32G4xx_HAL_Driver/Src/stm32g4xx_hal_dma.o
LOAD ./Drivers/STM32G4xx_HAL_Driver/Src/stm32g4xx_hal_dma_ex.o
LOAD ./Drivers/STM32G4xx_HAL_Driver/Src/stm32g4xx_hal_exti.o
LOAD ./Drivers/STM32G4xx_HAL_Driver/Src/stm32g4xx_hal_flash.o
LOAD ./Drivers/STM32G4xx_HAL_Driver/Src/stm32g4xx_hal_flash_ex.o
LOAD ./Drivers/STM32G4xx_HAL_Driver/Src/stm32g4xx_hal_flash_ramfunc.o
LOAD ./Drivers/STM32G4xx_HAL_Driver/Src/stm32g4xx_hal_gpio.o
LOAD ./Drivers/STM32G4xx_HAL_Driver/Src/stm32g4xx_hal_pwr.o
LOAD ./Drivers/STM32G4xx_HAL_Driver/Src/stm32g4xx_hal_pwr_ex.o
LOAD ./Drivers/STM32G4xx_HAL_Driver/Src/stm32g4xx_hal_rcc.o
LOAD ./Drivers/STM32G4xx_HAL_Driver/Src/stm32g4xx_hal_rcc_ex.o
LOAD ./Drivers/STM32G4xx_HAL_Driver/Src/stm32g4xx_hal_spi.o
LOAD ./Drivers/STM32G4xx_HAL_Driver/Src/stm32g4xx_hal_spi_ex.o
LOAD ./Drivers/STM32G4xx_HAL_Driver/Src/stm32g4xx_hal_uart.o
LOAD ./Drivers/STM32G4xx_HAL_Driver/Src/stm32g4xx_hal_uart_ex.o
LOAD ./Middlewares/ST/BlueNRG-2/hci/bluenrg1_devConfig.o
LOAD ./Middlewares/ST/BlueNRG-2/hci/bluenrg1_events.o
LOAD ./Middlewares/ST/BlueNRG-2/hci/bluenrg1_events_cb.o
LOAD ./Middlewares/ST/BlueNRG-2/hci/bluenrg1_hci_le.o
LOAD ./Middlewares/ST/BlueNRG-2/hci/controller/bluenrg1_gap_aci.o
LOAD ./Middlewares/ST/BlueNRG-2/hci/controller/bluenrg1_gatt_aci.o
LOAD ./Middlewares/ST/BlueNRG-2/hci/controller/bluenrg1_hal_aci.o
LOAD ./Middlewares/ST/BlueNRG-2/hci/controller/bluenrg1_l2cap_aci.o
LOAD ./Middlewares/ST/BlueNRG-2/hci/hci_tl_patterns/Basic/hci_tl.o
LOAD ./Middlewares/ST/BlueNRG-2/utils/ble_list.o
START GROUP
LOAD C:/ST/STM32CubeIDE_1.19.0/STM32CubeIDE/plugins/com.st.stm32cube.ide.mcu.externaltools.gnu-tools-for-stm32.13.3.rel1.win32_1.0.0.202411081344/tools/bin/../lib/gcc/arm-none-eabi/13.3.1/../../../../arm-none-eabi/lib/thumb/v7e-m+fp/hard\libc_nano.a
LOAD C:/ST/STM32CubeIDE_1.19.0/STM32CubeIDE/plugins/com.st.stm32cube.ide.mcu.externaltools.gnu-tools-for-stm32.13.3.rel1.win32_1.0.0.202411081344/tools/bin/../lib/gcc/arm-none-eabi/13.3.1/../../../../arm-none-eabi/lib/thumb/v7e-m+fp/hard\libm.a
END GROUP
START GROUP
LOAD C:/ST/STM32CubeIDE_1.19.0/STM32CubeIDE/plugins/com.st.stm32cube.ide.mcu.externaltools.gnu-tools-for-stm32.13.3.rel1.win32_1.0.0.202411081344/tools/bin/../lib/gcc/arm-none-eabi/13.3.1/thumb/v7e-m+fp/hard\libgcc.a
LOAD C:/ST/STM32CubeIDE_1.19.0/STM32CubeIDE/plugins/com.st.stm32cube.ide.mcu.externaltools.gnu-tools-for-stm32.13.3.rel1.win32_1.0.0.202411081344/tools/bin/../lib/gcc/arm-none-eabi/13.3.1/../../../../arm-none-eabi/lib/thumb/v7e-m+fp/hard\libc_nano.a
END GROUP
START GROUP
LOAD C:/ST/STM32CubeIDE_1.19.0/STM32CubeIDE/plugins/com.st.stm32cube.ide.mcu.externaltools.gnu-tools-for-stm32.13.3.rel1.win32_1.0.0.202411081344/tools/bin/../lib/gcc/arm-none-eabi/13.3.1/thumb/v7e-m+fp/hard\libgcc.a
LOAD C:/ST/STM32CubeIDE_1.19.0/STM32CubeIDE/plugins/com.st.stm32cube.ide.mcu.externaltools.gnu-tools-for-stm32.13.3.rel1.win32_1.0.0.202411081344/tools/bin/../lib/gcc/arm-none-eabi/13.3.1/../../../../arm-none-eabi/lib/thumb/v7e-m+fp/hard\libc_nano.a
LOAD C:/ST/STM32CubeIDE_1.19.0/STM32CubeIDE/plugins/com.st.stm32cube.ide.mcu.externaltools.gnu-tools-for-stm32.13.3.rel1.win32_1.0.0.202411081344/tools/bin/../lib/gcc/arm-none-eabi/13.3.1/../../../../arm-none-eabi/lib/thumb/v7e-m+fp/hard\libnosys.a
END GROUP
START GROUP
LOAD C:/ST/STM32CubeIDE_1.19.0/STM32CubeIDE/plugins/com.st.stm32cube.ide.mcu.externaltools.gnu-tools-for-stm32.13.3.rel1.win32_1.0.0.202411081344/tools/bin/../lib/gcc/arm-none-eabi/13.3.1/thumb/v7e-m+fp/hard\libgcc.a
LOAD C:/ST/STM32CubeIDE_1.19.0/STM32CubeIDE/plugins/com.st.stm32cube.ide.mcu.externaltools.gnu-tools-for-stm32.13.3.rel1.win32_1.0.0.202411081344/tools/bin/../lib/gcc/arm-none-eabi/13.3.1/../../../../arm-none-eabi/lib/thumb/v7e-m+fp/hard\libc_nano.a
LOAD C:/ST/STM32CubeIDE_1.19.0/STM32CubeIDE/plugins/com.st.stm32cube.ide.mcu.externaltools.gnu-tools-for-stm32.13.3.rel1.win32_1.0.0.202411081344/tools/bin/../lib/gcc/arm-none-eabi/13.3.1/../../../../arm-none-eabi/lib/thumb/v7e-m+fp/hard\libnosys.a
END GROUP
LOAD C:/ST/STM32CubeIDE_1.19.0/STM32CubeIDE/plugins/com.st.stm32cube.ide.mcu.externaltools.gnu-tools-for-stm32.13.3.rel1.win32_1.0.0.202411081344/tools/bin/../lib/gcc/arm-none-eabi/13.3.1/thumb/v7e-m+fp/hard/crtend.o
LOAD C:/ST/STM32CubeIDE_1.19.0/STM32CubeIDE/plugins/com.st.stm32cube.ide.mcu.externaltools.gnu-tools-for-stm32.13.3.rel1.win32_1.0.0.202411081344/tools/bin/../lib/gcc/arm-none-eabi/13.3.1/thumb/v7e-m+fp/hard/crtn.o
                0x20008000                        _estack = (ORIGIN (RAM) + LENGTH (RAM))
                0x00000200                        _Min_Heap_Size = 0x200
                0x00000d00                        _Min_Stack_Size = 0xd00

.isr_vector     0x08000000      0x1d8
                0x08000000                        . = ALIGN (0x4)
 *(.isr_vector)
 .isr_vector    0x08000000      0x1d8 ./Core/Startup/startup_stm32g431rbtx.o
                0x08000000                g_pfnVectors
                0x080001d8                        . = ALIGN (0x4)

.text           0x080001e0     0xab2c
                0x080001e0                        . = ALIGN (0x4)
 *(.text)
 .text          0x080001e0       0x40 C:/ST/STM32CubeIDE_1.19.0/STM32CubeIDE/plugins/com.st.stm32cube.ide.mcu.externaltools.gnu-tools-for-stm32.13.3.rel1.win32_1.0.0.202411081344/tools/bin/../lib/gcc/arm-none-eabi/13.3.1/thumb/v7e-m+fp/hard/crtbegin.o
 .text          0x08000220       0xa0 C:/ST/STM32CubeIDE_1.19.0/STM32CubeIDE/plugins/com.st.stm32cube.ide.mcu.externaltools.gnu-tools-for-stm32.13.3.rel1.win32_1.0.0.202411081344/tools/bin/../lib/gcc/arm-none-eabi/13.3.1/../../../../arm-none-eabi/lib/thumb/v7e-m+fp/hard\libc_nano.a(libc_a-memchr.o)
                0x08000220                memchr
 .text          0x080002c0      0x378 C:/ST/STM32CubeIDE_1.19.0/STM32CubeIDE/plugins/com.st.stm32cube.ide.mcu.externaltools.gnu-tools-for-stm32.13.3.rel1.win32_1.0.0.202411081344/tools/bin/../lib/gcc/arm-none-eabi/13.3.1/thumb/v7e-m+fp/hard\libgcc.a(_arm_addsubdf3.o)
                0x080002c0                __aeabi_drsub
                0x080002c8                __aeabi_dsub
                0x080002c8                __subdf3
                0x080002cc                __aeabi_dadd
                0x080002cc                __adddf3
                0x08000544                __floatunsidf
                0x08000544                __aeabi_ui2d
                0x08000564                __floatsidf
                0x08000564                __aeabi_i2d
                0x08000588                __aeabi_f2d
                0x08000588                __extendsfdf2
                0x080005cc                __floatundidf
                0x080005cc                __aeabi_ul2d
                0x080005dc                __floatdidf
                0x080005dc                __aeabi_l2d
 .text          0x08000638       0xa0 C:/ST/STM32CubeIDE_1.19.0/STM32CubeIDE/plugins/com.st.stm32cube.ide.mcu.externaltools.gnu-tools-for-stm32.13.3.rel1.win32_1.0.0.202411081344/tools/bin/../lib/gcc/arm-none-eabi/13.3.1/thumb/v7e-m+fp/hard\libgcc.a(_arm_truncdfsf2.o)
                0x08000638                __truncdfsf2
                0x08000638                __aeabi_d2f
 .text          0x080006d8       0x30 C:/ST/STM32CubeIDE_1.19.0/STM32CubeIDE/plugins/com.st.stm32cube.ide.mcu.externaltools.gnu-tools-for-stm32.13.3.rel1.win32_1.0.0.202411081344/tools/bin/../lib/gcc/arm-none-eabi/13.3.1/thumb/v7e-m+fp/hard\libgcc.a(_aeabi_uldivmod.o)
                0x080006d8                __aeabi_uldivmod
 .text          0x08000708      0x2f8 C:/ST/STM32CubeIDE_1.19.0/STM32CubeIDE/plugins/com.st.stm32cube.ide.mcu.externaltools.gnu-tools-for-stm32.13.3.rel1.win32_1.0.0.202411081344/tools/bin/../lib/gcc/arm-none-eabi/13.3.1/thumb/v7e-m+fp/hard\libgcc.a(_udivmoddi4.o)
                0x08000708                __udivmoddi4
 .text          0x08000a00        0x4 C:/ST/STM32CubeIDE_1.19.0/STM32CubeIDE/plugins/com.st.stm32cube.ide.mcu.externaltools.gnu-tools-for-stm32.13.3.rel1.win32_1.0.0.202411081344/tools/bin/../lib/gcc/arm-none-eabi/13.3.1/thumb/v7e-m+fp/hard\libgcc.a(_dvmd_tls.o)
                0x08000a00                __aeabi_idiv0
                0x08000a00                __aeabi_ldiv0
 *(.text*)
 .text.MX_BlueNRG_2_Init
                0x08000a04       0x48 ./BlueNRG_2/App/app_bluenrg_2.o
                0x08000a04                MX_BlueNRG_2_Init
 .text.MX_BlueNRG_2_Process
                0x08000a4c       0x10 ./BlueNRG_2/App/app_bluenrg_2.o
                0x08000a4c                MX_BlueNRG_2_Process
 .text.User_Init
                0x08000a5c       0x1c ./BlueNRG_2/App/app_bluenrg_2.o
 .text.Sensor_DeviceInit
                0x08000a78      0x154 ./BlueNRG_2/App/app_bluenrg_2.o
 .text.User_Process
                0x08000bcc      0x198 ./BlueNRG_2/App/app_bluenrg_2.o
 .text.Set_Random_Environmental_Values
                0x08000d64      0x100 ./BlueNRG_2/App/app_bluenrg_2.o
 .text.Set_Random_Motion_Values
                0x08000e64     0x10dc ./BlueNRG_2/App/app_bluenrg_2.o
 .text.Reset_Motion_Values
                0x08001f40      0x1d4 ./BlueNRG_2/App/app_bluenrg_2.o
 .text.getBlueNRGVersion
                0x08002114       0x84 ./BlueNRG_2/App/app_bluenrg_2.o
                0x08002114                getBlueNRGVersion
 .text.BSP_PB_Callback
                0x08002198       0x20 ./BlueNRG_2/App/app_bluenrg_2.o
                0x08002198                BSP_PB_Callback
 .text.hci_le_connection_complete_event
                0x080021b8       0x54 ./BlueNRG_2/App/app_bluenrg_2.o
                0x080021b8                hci_le_connection_complete_event
 .text.hci_disconnection_complete_event
                0x0800220c       0x54 ./BlueNRG_2/App/app_bluenrg_2.o
                0x0800220c                hci_disconnection_complete_event
 .text.aci_gatt_read_permit_req_event
                0x08002260       0x22 ./BlueNRG_2/App/app_bluenrg_2.o
                0x08002260                aci_gatt_read_permit_req_event
 *fill*         0x08002282        0x2 
 .text.aci_gatt_attribute_modified_event
                0x08002284       0x54 ./BlueNRG_2/App/app_bluenrg_2.o
                0x08002284                aci_gatt_attribute_modified_event
 .text.aci_gap_pass_key_req_event
                0x080022d8       0x2c ./BlueNRG_2/App/app_bluenrg_2.o
                0x080022d8                aci_gap_pass_key_req_event
 .text.aci_gap_pairing_complete_event
                0x08002304       0x30 ./BlueNRG_2/App/app_bluenrg_2.o
                0x08002304                aci_gap_pairing_complete_event
 .text.BLE_UART_AddService
                0x08002334       0xd8 ./BlueNRG_2/App/ble_uart.o
                0x08002334                BLE_UART_AddService
 .text.BLE_UART_Send
                0x0800240c       0x50 ./BlueNRG_2/App/ble_uart.o
                0x0800240c                BLE_UART_Send
 .text.BLE_UART_RxHandler
                0x0800245c       0x30 ./BlueNRG_2/App/ble_uart.o
                0x0800245c                BLE_UART_RxHandler
 .text.Add_HWServW2ST_Service
                0x0800248c      0x1b4 ./BlueNRG_2/App/gatt_db.o
                0x0800248c                Add_HWServW2ST_Service
 .text.Add_SWServW2ST_Service
                0x08002640      0x120 ./BlueNRG_2/App/gatt_db.o
                0x08002640                Add_SWServW2ST_Service
 .text.Environmental_Update
                0x08002760       0x8c ./BlueNRG_2/App/gatt_db.o
                0x08002760                Environmental_Update
 .text.Acc_Update
                0x080027ec      0x114 ./BlueNRG_2/App/gatt_db.o
                0x080027ec                Acc_Update
 .text.Quat_Update
                0x08002900       0x8c ./BlueNRG_2/App/gatt_db.o
                0x08002900                Quat_Update
 .text.Read_Request_CB
                0x0800298c      0x194 ./BlueNRG_2/App/gatt_db.o
                0x0800298c                Read_Request_CB
 .text.Attribute_Modified_Request_CB
                0x08002b20       0xc4 ./BlueNRG_2/App/gatt_db.o
                0x08002b20                Attribute_Modified_Request_CB
 .text.Set_DeviceConnectable
                0x08002be4       0xe8 ./BlueNRG_2/App/sensor.o
                0x08002be4                Set_DeviceConnectable
 .text.APP_UserEvtRx
                0x08002ccc       0xf0 ./BlueNRG_2/App/sensor.o
                0x08002ccc                APP_UserEvtRx
 .text.HCI_TL_SPI_Enable_IRQ
                0x08002dbc        0xe ./BlueNRG_2/Target/hci_tl_interface.o
 .text.HCI_TL_SPI_Disable_IRQ
                0x08002dca        0xe ./BlueNRG_2/Target/hci_tl_interface.o
 .text.HCI_TL_SPI_Init
                0x08002dd8       0x98 ./BlueNRG_2/Target/hci_tl_interface.o
                0x08002dd8                HCI_TL_SPI_Init
 .text.HCI_TL_SPI_DeInit
                0x08002e70       0x2a ./BlueNRG_2/Target/hci_tl_interface.o
                0x08002e70                HCI_TL_SPI_DeInit
 .text.HCI_TL_SPI_Reset
                0x08002e9a       0x3e ./BlueNRG_2/Target/hci_tl_interface.o
                0x08002e9a                HCI_TL_SPI_Reset
 .text.HCI_TL_SPI_Receive
                0x08002ed8       0xd8 ./BlueNRG_2/Target/hci_tl_interface.o
                0x08002ed8                HCI_TL_SPI_Receive
 .text.HCI_TL_SPI_Send
                0x08002fb0      0x110 ./BlueNRG_2/Target/hci_tl_interface.o
                0x08002fb0                HCI_TL_SPI_Send
 .text.IsDataAvailable
                0x080030c0       0x1e ./BlueNRG_2/Target/hci_tl_interface.o
 *fill*         0x080030de        0x2 
 .text.hci_tl_lowlevel_init
                0x080030e0       0x74 ./BlueNRG_2/Target/hci_tl_interface.o
                0x080030e0                hci_tl_lowlevel_init
 .text.hci_tl_lowlevel_isr
                0x08003154       0x22 ./BlueNRG_2/Target/hci_tl_interface.o
                0x08003154                hci_tl_lowlevel_isr
 *fill*         0x08003176        0x2 
 .text.BSP_SPI1_Init
                0x08003178       0x60 ./Core/Src/custom_bus.o
                0x08003178                BSP_SPI1_Init
 .text.BSP_SPI1_SendRecv
                0x080031d8       0x40 ./Core/Src/custom_bus.o
                0x080031d8                BSP_SPI1_SendRecv
 .text.BSP_GetTick
                0x08003218        0xe ./Core/Src/custom_bus.o
                0x08003218                BSP_GetTick
 *fill*         0x08003226        0x2 
 .text.MX_SPI1_Init
                0x08003228       0x84 ./Core/Src/custom_bus.o
                0x08003228                MX_SPI1_Init
 .text.SPI1_MspInit
                0x080032ac       0xc4 ./Core/Src/custom_bus.o
 .text.main     0x08003370       0x1a ./Core/Src/main.o
                0x08003370                main
 .text.SystemClock_Config
                0x0800338a       0x80 ./Core/Src/main.o
                0x0800338a                SystemClock_Config
 *fill*         0x0800340a        0x2 
 .text.MX_GPIO_Init
                0x0800340c       0xd4 ./Core/Src/main.o
 .text.Error_Handler
                0x080034e0        0xc ./Core/Src/main.o
                0x080034e0                Error_Handler
 .text.HAL_MspInit
                0x080034ec       0x48 ./Core/Src/stm32g4xx_hal_msp.o
                0x080034ec                HAL_MspInit
 .text.NMI_Handler
                0x08003534        0x8 ./Core/Src/stm32g4xx_it.o
                0x08003534                NMI_Handler
 .text.HardFault_Handler
                0x0800353c        0x8 ./Core/Src/stm32g4xx_it.o
                0x0800353c                HardFault_Handler
 .text.MemManage_Handler
                0x08003544        0x8 ./Core/Src/stm32g4xx_it.o
                0x08003544                MemManage_Handler
 .text.BusFault_Handler
                0x0800354c        0x8 ./Core/Src/stm32g4xx_it.o
                0x0800354c                BusFault_Handler
 .text.UsageFault_Handler
                0x08003554        0x8 ./Core/Src/stm32g4xx_it.o
                0x08003554                UsageFault_Handler
 .text.SVC_Handler
                0x0800355c        0xe ./Core/Src/stm32g4xx_it.o
                0x0800355c                SVC_Handler
 .text.DebugMon_Handler
                0x0800356a        0xe ./Core/Src/stm32g4xx_it.o
                0x0800356a                DebugMon_Handler
 .text.PendSV_Handler
                0x08003578        0xe ./Core/Src/stm32g4xx_it.o
                0x08003578                PendSV_Handler
 .text.SysTick_Handler
                0x08003586        0xc ./Core/Src/stm32g4xx_it.o
                0x08003586                SysTick_Handler
 *fill*         0x08003592        0x2 
 .text.EXTI0_IRQHandler
                0x08003594       0x14 ./Core/Src/stm32g4xx_it.o
                0x08003594                EXTI0_IRQHandler
 .text.EXTI15_10_IRQHandler
                0x080035a8       0x14 ./Core/Src/stm32g4xx_it.o
                0x080035a8                EXTI15_10_IRQHandler
 .text._getpid  0x080035bc       0x10 ./Core/Src/syscalls.o
                0x080035bc                _getpid
 .text._kill    0x080035cc       0x20 ./Core/Src/syscalls.o
                0x080035cc                _kill
 .text._exit    0x080035ec       0x16 ./Core/Src/syscalls.o
                0x080035ec                _exit
 .text._read    0x08003602       0x3a ./Core/Src/syscalls.o
                0x08003602                _read
 .text._write   0x0800363c       0x38 ./Core/Src/syscalls.o
                0x0800363c                _write
 .text._close   0x08003674       0x18 ./Core/Src/syscalls.o
                0x08003674                _close
 .text._fstat   0x0800368c       0x20 ./Core/Src/syscalls.o
                0x0800368c                _fstat
 .text._isatty  0x080036ac       0x16 ./Core/Src/syscalls.o
                0x080036ac                _isatty
 .text._lseek   0x080036c2       0x1a ./Core/Src/syscalls.o
                0x080036c2                _lseek
 .text._sbrk    0x080036dc       0x6c ./Core/Src/sysmem.o
                0x080036dc                _sbrk
 .text.SystemInit
                0x08003748       0x24 ./Core/Src/system_stm32g4xx.o
                0x08003748                SystemInit
 .text.Reset_Handler
                0x0800376c       0x50 ./Core/Startup/startup_stm32g431rbtx.o
                0x0800376c                Reset_Handler
 .text.Default_Handler
                0x080037bc        0x2 ./Core/Startup/startup_stm32g431rbtx.o
                0x080037bc                RTC_Alarm_IRQHandler
                0x080037bc                EXTI2_IRQHandler
                0x080037bc                TIM8_TRG_COM_IRQHandler
                0x080037bc                TIM8_CC_IRQHandler
                0x080037bc                TIM1_CC_IRQHandler
                0x080037bc                USB_HP_IRQHandler
                0x080037bc                CORDIC_IRQHandler
                0x080037bc                EXTI3_IRQHandler
                0x080037bc                I2C3_ER_IRQHandler
                0x080037bc                I2C2_EV_IRQHandler
                0x080037bc                FPU_IRQHandler
                0x080037bc                FDCAN1_IT1_IRQHandler
                0x080037bc                TIM1_UP_TIM16_IRQHandler
                0x080037bc                ADC1_2_IRQHandler
                0x080037bc                SPI1_IRQHandler
                0x080037bc                TIM6_DAC_IRQHandler
                0x080037bc                TIM8_UP_IRQHandler
                0x080037bc                DMA2_Channel2_IRQHandler
                0x080037bc                DMA1_Channel4_IRQHandler
                0x080037bc                USART3_IRQHandler
                0x080037bc                TIM4_IRQHandler
                0x080037bc                DMA2_Channel1_IRQHandler
                0x080037bc                I2C1_EV_IRQHandler
                0x080037bc                DMA1_Channel6_IRQHandler
                0x080037bc                UART4_IRQHandler
                0x080037bc                DMA2_Channel4_IRQHandler
                0x080037bc                TIM3_IRQHandler
                0x080037bc                RCC_IRQHandler
                0x080037bc                DMA1_Channel1_IRQHandler
                0x080037bc                Default_Handler
                0x080037bc                RTC_TAMP_LSECSS_IRQHandler
                0x080037bc                FMAC_IRQHandler
                0x080037bc                TIM7_IRQHandler
                0x080037bc                UCPD1_IRQHandler
                0x080037bc                I2C3_EV_IRQHandler
                0x080037bc                EXTI9_5_IRQHandler
                0x080037bc                RTC_WKUP_IRQHandler
                0x080037bc                PVD_PVM_IRQHandler
                0x080037bc                SPI2_IRQHandler
                0x080037bc                DMA2_Channel5_IRQHandler
                0x080037bc                CRS_IRQHandler
                0x080037bc                DMA1_Channel5_IRQHandler
                0x080037bc                USB_LP_IRQHandler
                0x080037bc                EXTI4_IRQHandler
                0x080037bc                RNG_IRQHandler
                0x080037bc                TIM1_TRG_COM_TIM17_IRQHandler
                0x080037bc                DMA1_Channel3_IRQHandler
                0x080037bc                WWDG_IRQHandler
                0x080037bc                LPUART1_IRQHandler
                0x080037bc                DMA2_Channel6_IRQHandler
                0x080037bc                FDCAN1_IT0_IRQHandler
                0x080037bc                TIM2_IRQHandler
                0x080037bc                COMP1_2_3_IRQHandler
                0x080037bc                EXTI1_IRQHandler
                0x080037bc                USART2_IRQHandler
                0x080037bc                I2C2_ER_IRQHandler
                0x080037bc                DMA1_Channel2_IRQHandler
                0x080037bc                TIM8_BRK_IRQHandler
                0x080037bc                FLASH_IRQHandler
                0x080037bc                USART1_IRQHandler
                0x080037bc                SPI3_IRQHandler
                0x080037bc                I2C1_ER_IRQHandler
                0x080037bc                LPTIM1_IRQHandler
                0x080037bc                DMAMUX_OVR_IRQHandler
                0x080037bc                USBWakeUp_IRQHandler
                0x080037bc                SAI1_IRQHandler
                0x080037bc                DMA2_Channel3_IRQHandler
                0x080037bc                COMP4_IRQHandler
                0x080037bc                TIM1_BRK_TIM15_IRQHandler
 *fill*         0x080037be        0x2 
 .text.BSP_LED_Init
                0x080037c0       0x24 ./Drivers/BSP/custom/custom.o
                0x080037c0                BSP_LED_Init
 .text.BSP_LED_On
                0x080037e4       0x2c ./Drivers/BSP/custom/custom.o
                0x080037e4                BSP_LED_On
 .text.BSP_LED_Off
                0x08003810       0x2c ./Drivers/BSP/custom/custom.o
                0x08003810                BSP_LED_Off
 .text.BSP_LED_Toggle
                0x0800383c       0x2c ./Drivers/BSP/custom/custom.o
                0x0800383c                BSP_LED_Toggle
 .text.LED_USER_GPIO_Init
                0x08003868       0x7c ./Drivers/BSP/custom/custom.o
 .text.BSP_PB_Init
                0x080038e4       0xa8 ./Drivers/BSP/custom/custom.o
                0x080038e4                BSP_PB_Init
 .text.BSP_PB_GetState
                0x0800398c       0x38 ./Drivers/BSP/custom/custom.o
                0x0800398c                BSP_PB_GetState
 .text.BUTTON_USER_EXTI_Callback
                0x080039c4        0xe ./Drivers/BSP/custom/custom.o
 *fill*         0x080039d2        0x2 
 .text.BUTTON_USER_GPIO_Init
                0x080039d4       0x74 ./Drivers/BSP/custom/custom.o
 .text.BSP_COM_Init
                0x08003a48       0x74 ./Drivers/BSP/custom/custom.o
                0x08003a48                BSP_COM_Init
 .text.MX_USART2_UART_Init
                0x08003abc       0xa4 ./Drivers/BSP/custom/custom.o
                0x08003abc                MX_USART2_UART_Init
 .text.__io_putchar
                0x08003b60       0x38 ./Drivers/BSP/custom/custom.o
                0x08003b60                __io_putchar
 .text.USART2_MspInit
                0x08003b98       0xb8 ./Drivers/BSP/custom/custom.o
 .text.HAL_Init
                0x08003c50       0x30 ./Drivers/STM32G4xx_HAL_Driver/Src/stm32g4xx_hal.o
                0x08003c50                HAL_Init
 .text.HAL_InitTick
                0x08003c80       0x74 ./Drivers/STM32G4xx_HAL_Driver/Src/stm32g4xx_hal.o
                0x08003c80                HAL_InitTick
 .text.HAL_IncTick
                0x08003cf4       0x24 ./Drivers/STM32G4xx_HAL_Driver/Src/stm32g4xx_hal.o
                0x08003cf4                HAL_IncTick
 .text.HAL_GetTick
                0x08003d18       0x18 ./Drivers/STM32G4xx_HAL_Driver/Src/stm32g4xx_hal.o
                0x08003d18                HAL_GetTick
 .text.HAL_Delay
                0x08003d30       0x44 ./Drivers/STM32G4xx_HAL_Driver/Src/stm32g4xx_hal.o
                0x08003d30                HAL_Delay
 .text.__NVIC_SetPriorityGrouping
                0x08003d74       0x48 ./Drivers/STM32G4xx_HAL_Driver/Src/stm32g4xx_hal_cortex.o
 .text.__NVIC_GetPriorityGrouping
                0x08003dbc       0x1c ./Drivers/STM32G4xx_HAL_Driver/Src/stm32g4xx_hal_cortex.o
 .text.__NVIC_EnableIRQ
                0x08003dd8       0x3c ./Drivers/STM32G4xx_HAL_Driver/Src/stm32g4xx_hal_cortex.o
 .text.__NVIC_DisableIRQ
                0x08003e14       0x48 ./Drivers/STM32G4xx_HAL_Driver/Src/stm32g4xx_hal_cortex.o
 .text.__NVIC_SetPriority
                0x08003e5c       0x54 ./Drivers/STM32G4xx_HAL_Driver/Src/stm32g4xx_hal_cortex.o
 .text.NVIC_EncodePriority
                0x08003eb0       0x66 ./Drivers/STM32G4xx_HAL_Driver/Src/stm32g4xx_hal_cortex.o
 *fill*         0x08003f16        0x2 
 .text.SysTick_Config
                0x08003f18       0x44 ./Drivers/STM32G4xx_HAL_Driver/Src/stm32g4xx_hal_cortex.o
 .text.HAL_NVIC_SetPriorityGrouping
                0x08003f5c       0x16 ./Drivers/STM32G4xx_HAL_Driver/Src/stm32g4xx_hal_cortex.o
                0x08003f5c                HAL_NVIC_SetPriorityGrouping
 .text.HAL_NVIC_SetPriority
                0x08003f72       0x34 ./Drivers/STM32G4xx_HAL_Driver/Src/stm32g4xx_hal_cortex.o
                0x08003f72                HAL_NVIC_SetPriority
 .text.HAL_NVIC_EnableIRQ
                0x08003fa6       0x1c ./Drivers/STM32G4xx_HAL_Driver/Src/stm32g4xx_hal_cortex.o
                0x08003fa6                HAL_NVIC_EnableIRQ
 .text.HAL_NVIC_DisableIRQ
                0x08003fc2       0x1c ./Drivers/STM32G4xx_HAL_Driver/Src/stm32g4xx_hal_cortex.o
                0x08003fc2                HAL_NVIC_DisableIRQ
 .text.HAL_SYSTICK_Config
                0x08003fde       0x18 ./Drivers/STM32G4xx_HAL_Driver/Src/stm32g4xx_hal_cortex.o
                0x08003fde                HAL_SYSTICK_Config
 .text.HAL_EXTI_RegisterCallback
                0x08003ff6       0x3a ./Drivers/STM32G4xx_HAL_Driver/Src/stm32g4xx_hal_exti.o
                0x08003ff6                HAL_EXTI_RegisterCallback
 .text.HAL_EXTI_GetHandle
                0x08004030       0x28 ./Drivers/STM32G4xx_HAL_Driver/Src/stm32g4xx_hal_exti.o
                0x08004030                HAL_EXTI_GetHandle
 .text.HAL_EXTI_IRQHandler
                0x08004058       0x60 ./Drivers/STM32G4xx_HAL_Driver/Src/stm32g4xx_hal_exti.o
                0x08004058                HAL_EXTI_IRQHandler
 .text.HAL_GPIO_Init
                0x080040b8      0x304 ./Drivers/STM32G4xx_HAL_Driver/Src/stm32g4xx_hal_gpio.o
                0x080040b8                HAL_GPIO_Init
 .text.HAL_GPIO_DeInit
                0x080043bc      0x1c4 ./Drivers/STM32G4xx_HAL_Driver/Src/stm32g4xx_hal_gpio.o
                0x080043bc                HAL_GPIO_DeInit
 .text.HAL_GPIO_ReadPin
                0x08004580       0x30 ./Drivers/STM32G4xx_HAL_Driver/Src/stm32g4xx_hal_gpio.o
                0x08004580                HAL_GPIO_ReadPin
 .text.HAL_GPIO_WritePin
                0x080045b0       0x30 ./Drivers/STM32G4xx_HAL_Driver/Src/stm32g4xx_hal_gpio.o
                0x080045b0                HAL_GPIO_WritePin
 .text.HAL_GPIO_TogglePin
                0x080045e0       0x34 ./Drivers/STM32G4xx_HAL_Driver/Src/stm32g4xx_hal_gpio.o
                0x080045e0                HAL_GPIO_TogglePin
 .text.HAL_PWREx_ControlVoltageScaling
                0x08004614      0x148 ./Drivers/STM32G4xx_HAL_Driver/Src/stm32g4xx_hal_pwr_ex.o
                0x08004614                HAL_PWREx_ControlVoltageScaling
 .text.HAL_PWREx_DisableUCPDDeadBattery
                0x0800475c       0x20 ./Drivers/STM32G4xx_HAL_Driver/Src/stm32g4xx_hal_pwr_ex.o
                0x0800475c                HAL_PWREx_DisableUCPDDeadBattery
 .text.HAL_RCC_OscConfig
                0x0800477c      0x624 ./Drivers/STM32G4xx_HAL_Driver/Src/stm32g4xx_hal_rcc.o
                0x0800477c                HAL_RCC_OscConfig
 .text.HAL_RCC_ClockConfig
                0x08004da0      0x278 ./Drivers/STM32G4xx_HAL_Driver/Src/stm32g4xx_hal_rcc.o
                0x08004da0                HAL_RCC_ClockConfig
 .text.HAL_RCC_GetSysClockFreq
                0x08005018       0xc4 ./Drivers/STM32G4xx_HAL_Driver/Src/stm32g4xx_hal_rcc.o
                0x08005018                HAL_RCC_GetSysClockFreq
 .text.HAL_RCC_GetHCLKFreq
                0x080050dc       0x18 ./Drivers/STM32G4xx_HAL_Driver/Src/stm32g4xx_hal_rcc.o
                0x080050dc                HAL_RCC_GetHCLKFreq
 .text.HAL_RCC_GetPCLK1Freq
                0x080050f4       0x2c ./Drivers/STM32G4xx_HAL_Driver/Src/stm32g4xx_hal_rcc.o
                0x080050f4                HAL_RCC_GetPCLK1Freq
 .text.HAL_RCC_GetPCLK2Freq
                0x08005120       0x2c ./Drivers/STM32G4xx_HAL_Driver/Src/stm32g4xx_hal_rcc.o
                0x08005120                HAL_RCC_GetPCLK2Freq
 .text.RCC_GetSysClockFreqFromPLLSource
                0x0800514c       0x8c ./Drivers/STM32G4xx_HAL_Driver/Src/stm32g4xx_hal_rcc.o
 .text.HAL_RCCEx_PeriphCLKConfig
                0x080051d8      0x3e0 ./Drivers/STM32G4xx_HAL_Driver/Src/stm32g4xx_hal_rcc_ex.o
                0x080051d8                HAL_RCCEx_PeriphCLKConfig
 .text.HAL_SPI_Init
                0x080055b8      0x156 ./Drivers/STM32G4xx_HAL_Driver/Src/stm32g4xx_hal_spi.o
                0x080055b8                HAL_SPI_Init
 .text.HAL_SPI_MspInit
                0x0800570e       0x14 ./Drivers/STM32G4xx_HAL_Driver/Src/stm32g4xx_hal_spi.o
                0x0800570e                HAL_SPI_MspInit
 .text.HAL_SPI_TransmitReceive
                0x08005722      0x43e ./Drivers/STM32G4xx_HAL_Driver/Src/stm32g4xx_hal_spi.o
                0x08005722                HAL_SPI_TransmitReceive
 .text.HAL_SPI_GetState
                0x08005b60       0x1c ./Drivers/STM32G4xx_HAL_Driver/Src/stm32g4xx_hal_spi.o
                0x08005b60                HAL_SPI_GetState
 .text.SPI_WaitFlagStateUntilTimeout
                0x08005b7c      0x110 ./Drivers/STM32G4xx_HAL_Driver/Src/stm32g4xx_hal_spi.o
 .text.SPI_WaitFifoStateUntilTimeout
                0x08005c8c      0x12c ./Drivers/STM32G4xx_HAL_Driver/Src/stm32g4xx_hal_spi.o
 .text.SPI_EndRxTxTransaction
                0x08005db8       0x8c ./Drivers/STM32G4xx_HAL_Driver/Src/stm32g4xx_hal_spi.o
 .text.HAL_UART_Init
                0x08005e44       0xa0 ./Drivers/STM32G4xx_HAL_Driver/Src/stm32g4xx_hal_uart.o
                0x08005e44                HAL_UART_Init
 .text.HAL_UART_MspInit
                0x08005ee4       0x14 ./Drivers/STM32G4xx_HAL_Driver/Src/stm32g4xx_hal_uart.o
                0x08005ee4                HAL_UART_MspInit
 .text.HAL_UART_Transmit
                0x08005ef8      0x11c ./Drivers/STM32G4xx_HAL_Driver/Src/stm32g4xx_hal_uart.o
                0x08005ef8                HAL_UART_Transmit
 .text.UART_SetConfig
                0x08006014      0x598 ./Drivers/STM32G4xx_HAL_Driver/Src/stm32g4xx_hal_uart.o
                0x08006014                UART_SetConfig
 .text.UART_AdvFeatureConfig
                0x080065ac      0x144 ./Drivers/STM32G4xx_HAL_Driver/Src/stm32g4xx_hal_uart.o
                0x080065ac                UART_AdvFeatureConfig
 .text.UART_CheckIdleState
                0x080066f0      0x154 ./Drivers/STM32G4xx_HAL_Driver/Src/stm32g4xx_hal_uart.o
                0x080066f0                UART_CheckIdleState
 .text.UART_WaitOnFlagUntilTimeout
                0x08006844       0xda ./Drivers/STM32G4xx_HAL_Driver/Src/stm32g4xx_hal_uart.o
                0x08006844                UART_WaitOnFlagUntilTimeout
 .text.UART_EndRxTransfer
                0x0800691e       0xcc ./Drivers/STM32G4xx_HAL_Driver/Src/stm32g4xx_hal_uart.o
 .text.HAL_UARTEx_DisableFifoMode
                0x080069ea       0x72 ./Drivers/STM32G4xx_HAL_Driver/Src/stm32g4xx_hal_uart_ex.o
                0x080069ea                HAL_UARTEx_DisableFifoMode
 .text.HAL_UARTEx_SetTxFifoThreshold
                0x08006a5c       0x7c ./Drivers/STM32G4xx_HAL_Driver/Src/stm32g4xx_hal_uart_ex.o
                0x08006a5c                HAL_UARTEx_SetTxFifoThreshold
 .text.HAL_UARTEx_SetRxFifoThreshold
                0x08006ad8       0x7c ./Drivers/STM32G4xx_HAL_Driver/Src/stm32g4xx_hal_uart_ex.o
                0x08006ad8                HAL_UARTEx_SetRxFifoThreshold
 .text.UARTEx_SetNbDataToProcess
                0x08006b54       0x9c ./Drivers/STM32G4xx_HAL_Driver/Src/stm32g4xx_hal_uart_ex.o
 .text.hci_disconnection_complete_event_process
                0x08006bf0       0x30 ./Middlewares/ST/BlueNRG-2/hci/bluenrg1_events.o
                0x08006bf0                hci_disconnection_complete_event_process
 .text.hci_encryption_change_event_process
                0x08006c20       0x30 ./Middlewares/ST/BlueNRG-2/hci/bluenrg1_events.o
                0x08006c20                hci_encryption_change_event_process
 .text.hci_read_remote_version_information_complete_event_process
                0x08006c50       0x3e ./Middlewares/ST/BlueNRG-2/hci/bluenrg1_events.o
                0x08006c50                hci_read_remote_version_information_complete_event_process
 .text.hci_hardware_error_event_process
                0x08006c8e       0x24 ./Middlewares/ST/BlueNRG-2/hci/bluenrg1_events.o
                0x08006c8e                hci_hardware_error_event_process
 .text.hci_number_of_completed_packets_event_process
                0x08006cb2       0xae ./Middlewares/ST/BlueNRG-2/hci/bluenrg1_events.o
                0x08006cb2                hci_number_of_completed_packets_event_process
 .text.hci_data_buffer_overflow_event_process
                0x08006d60       0x24 ./Middlewares/ST/BlueNRG-2/hci/bluenrg1_events.o
                0x08006d60                hci_data_buffer_overflow_event_process
 .text.hci_encryption_key_refresh_complete_event_process
                0x08006d84       0x2e ./Middlewares/ST/BlueNRG-2/hci/bluenrg1_events.o
                0x08006d84                hci_encryption_key_refresh_complete_event_process
 .text.aci_blue_initialized_event_process
                0x08006db2       0x24 ./Middlewares/ST/BlueNRG-2/hci/bluenrg1_events.o
                0x08006db2                aci_blue_initialized_event_process
 .text.aci_blue_events_lost_event_process
                0x08006dd6       0x22 ./Middlewares/ST/BlueNRG-2/hci/bluenrg1_events.o
                0x08006dd6                aci_blue_events_lost_event_process
 .text.aci_blue_crash_info_event_process
                0x08006df8       0x84 ./Middlewares/ST/BlueNRG-2/hci/bluenrg1_events.o
                0x08006df8                aci_blue_crash_info_event_process
 .text.aci_hal_end_of_radio_activity_event_process
                0x08006e7c       0x2e ./Middlewares/ST/BlueNRG-2/hci/bluenrg1_events.o
                0x08006e7c                aci_hal_end_of_radio_activity_event_process
 .text.aci_hal_scan_req_report_event_process
                0x08006eaa       0x2e ./Middlewares/ST/BlueNRG-2/hci/bluenrg1_events.o
                0x08006eaa                aci_hal_scan_req_report_event_process
 .text.aci_hal_fw_error_event_process
                0x08006ed8       0x2c ./Middlewares/ST/BlueNRG-2/hci/bluenrg1_events.o
                0x08006ed8                aci_hal_fw_error_event_process
 .text.aci_gap_limited_discoverable_event_process
                0x08006f04       0x1a ./Middlewares/ST/BlueNRG-2/hci/bluenrg1_events.o
                0x08006f04                aci_gap_limited_discoverable_event_process
 .text.aci_gap_pairing_complete_event_process
                0x08006f1e       0x2e ./Middlewares/ST/BlueNRG-2/hci/bluenrg1_events.o
                0x08006f1e                aci_gap_pairing_complete_event_process
 .text.aci_gap_pass_key_req_event_process
                0x08006f4c       0x26 ./Middlewares/ST/BlueNRG-2/hci/bluenrg1_events.o
                0x08006f4c                aci_gap_pass_key_req_event_process
 .text.aci_gap_authorization_req_event_process
                0x08006f72       0x26 ./Middlewares/ST/BlueNRG-2/hci/bluenrg1_events.o
                0x08006f72                aci_gap_authorization_req_event_process
 .text.aci_gap_slave_security_initiated_event_process
                0x08006f98       0x1a ./Middlewares/ST/BlueNRG-2/hci/bluenrg1_events.o
                0x08006f98                aci_gap_slave_security_initiated_event_process
 .text.aci_gap_bond_lost_event_process
                0x08006fb2       0x1a ./Middlewares/ST/BlueNRG-2/hci/bluenrg1_events.o
                0x08006fb2                aci_gap_bond_lost_event_process
 .text.aci_gap_proc_complete_event_process
                0x08006fcc       0x2e ./Middlewares/ST/BlueNRG-2/hci/bluenrg1_events.o
                0x08006fcc                aci_gap_proc_complete_event_process
 .text.aci_gap_addr_not_resolved_event_process
                0x08006ffa       0x26 ./Middlewares/ST/BlueNRG-2/hci/bluenrg1_events.o
                0x08006ffa                aci_gap_addr_not_resolved_event_process
 .text.aci_gap_numeric_comparison_value_event_process
                0x08007020       0x2e ./Middlewares/ST/BlueNRG-2/hci/bluenrg1_events.o
                0x08007020                aci_gap_numeric_comparison_value_event_process
 .text.aci_gap_keypress_notification_event_process
                0x0800704e       0x2c ./Middlewares/ST/BlueNRG-2/hci/bluenrg1_events.o
                0x0800704e                aci_gap_keypress_notification_event_process
 .text.aci_l2cap_connection_update_resp_event_process
                0x0800707a       0x2e ./Middlewares/ST/BlueNRG-2/hci/bluenrg1_events.o
                0x0800707a                aci_l2cap_connection_update_resp_event_process
 .text.aci_l2cap_proc_timeout_event_process
                0x080070a8       0x2e ./Middlewares/ST/BlueNRG-2/hci/bluenrg1_events.o
                0x080070a8                aci_l2cap_proc_timeout_event_process
 .text.aci_l2cap_connection_update_req_event_process
                0x080070d6       0x5c ./Middlewares/ST/BlueNRG-2/hci/bluenrg1_events.o
                0x080070d6                aci_l2cap_connection_update_req_event_process
 .text.aci_l2cap_command_reject_event_process
                0x08007132       0x3c ./Middlewares/ST/BlueNRG-2/hci/bluenrg1_events.o
                0x08007132                aci_l2cap_command_reject_event_process
 .text.aci_gatt_attribute_modified_event_process
                0x0800716e       0x3e ./Middlewares/ST/BlueNRG-2/hci/bluenrg1_events.o
                0x0800716e                aci_gatt_attribute_modified_event_process
 .text.aci_gatt_proc_timeout_event_process
                0x080071ac       0x26 ./Middlewares/ST/BlueNRG-2/hci/bluenrg1_events.o
                0x080071ac                aci_gatt_proc_timeout_event_process
 .text.aci_att_exchange_mtu_resp_event_process
                0x080071d2       0x2e ./Middlewares/ST/BlueNRG-2/hci/bluenrg1_events.o
                0x080071d2                aci_att_exchange_mtu_resp_event_process
 .text.aci_att_find_info_resp_event_process
                0x08007200       0x30 ./Middlewares/ST/BlueNRG-2/hci/bluenrg1_events.o
                0x08007200                aci_att_find_info_resp_event_process
 .text.aci_att_find_by_type_value_resp_event_process
                0x08007230       0xb4 ./Middlewares/ST/BlueNRG-2/hci/bluenrg1_events.o
                0x08007230                aci_att_find_by_type_value_resp_event_process
 .text.aci_att_read_by_type_resp_event_process
                0x080072e4       0x30 ./Middlewares/ST/BlueNRG-2/hci/bluenrg1_events.o
                0x080072e4                aci_att_read_by_type_resp_event_process
 .text.aci_att_read_resp_event_process
                0x08007314       0x2e ./Middlewares/ST/BlueNRG-2/hci/bluenrg1_events.o
                0x08007314                aci_att_read_resp_event_process
 .text.aci_att_read_blob_resp_event_process
                0x08007342       0x2e ./Middlewares/ST/BlueNRG-2/hci/bluenrg1_events.o
                0x08007342                aci_att_read_blob_resp_event_process
 .text.aci_att_read_multiple_resp_event_process
                0x08007370       0x2e ./Middlewares/ST/BlueNRG-2/hci/bluenrg1_events.o
                0x08007370                aci_att_read_multiple_resp_event_process
 .text.aci_att_read_by_group_type_resp_event_process
                0x0800739e       0x30 ./Middlewares/ST/BlueNRG-2/hci/bluenrg1_events.o
                0x0800739e                aci_att_read_by_group_type_resp_event_process
 .text.aci_att_prepare_write_resp_event_process
                0x080073ce       0x3c ./Middlewares/ST/BlueNRG-2/hci/bluenrg1_events.o
                0x080073ce                aci_att_prepare_write_resp_event_process
 .text.aci_att_exec_write_resp_event_process
                0x0800740a       0x26 ./Middlewares/ST/BlueNRG-2/hci/bluenrg1_events.o
                0x0800740a                aci_att_exec_write_resp_event_process
 .text.aci_gatt_indication_event_process
                0x08007430       0x32 ./Middlewares/ST/BlueNRG-2/hci/bluenrg1_events.o
                0x08007430                aci_gatt_indication_event_process
 .text.aci_gatt_notification_event_process
                0x08007462       0x32 ./Middlewares/ST/BlueNRG-2/hci/bluenrg1_events.o
                0x08007462                aci_gatt_notification_event_process
 .text.aci_gatt_proc_complete_event_process
                0x08007494       0x2c ./Middlewares/ST/BlueNRG-2/hci/bluenrg1_events.o
                0x08007494                aci_gatt_proc_complete_event_process
 .text.aci_gatt_error_resp_event_process
                0x080074c0       0x34 ./Middlewares/ST/BlueNRG-2/hci/bluenrg1_events.o
                0x080074c0                aci_gatt_error_resp_event_process
 .text.aci_gatt_disc_read_char_by_uuid_resp_event_process
                0x080074f4       0x32 ./Middlewares/ST/BlueNRG-2/hci/bluenrg1_events.o
                0x080074f4                aci_gatt_disc_read_char_by_uuid_resp_event_process
 .text.aci_gatt_write_permit_req_event_process
                0x08007526       0x32 ./Middlewares/ST/BlueNRG-2/hci/bluenrg1_events.o
                0x08007526                aci_gatt_write_permit_req_event_process
 .text.aci_gatt_read_permit_req_event_process
                0x08007558       0x32 ./Middlewares/ST/BlueNRG-2/hci/bluenrg1_events.o
                0x08007558                aci_gatt_read_permit_req_event_process
 .text.aci_gatt_read_multi_permit_req_event_process
                0x0800758a       0x8a ./Middlewares/ST/BlueNRG-2/hci/bluenrg1_events.o
                0x0800758a                aci_gatt_read_multi_permit_req_event_process
 .text.aci_gatt_tx_pool_available_event_process
                0x08007614       0x2e ./Middlewares/ST/BlueNRG-2/hci/bluenrg1_events.o
                0x08007614                aci_gatt_tx_pool_available_event_process
 .text.aci_gatt_server_confirmation_event_process
                0x08007642       0x26 ./Middlewares/ST/BlueNRG-2/hci/bluenrg1_events.o
                0x08007642                aci_gatt_server_confirmation_event_process
 .text.aci_gatt_prepare_write_permit_req_event_process
                0x08007668       0x3c ./Middlewares/ST/BlueNRG-2/hci/bluenrg1_events.o
                0x08007668                aci_gatt_prepare_write_permit_req_event_process
 .text.hci_le_connection_complete_event_process
                0x080076a4       0x68 ./Middlewares/ST/BlueNRG-2/hci/bluenrg1_events.o
                0x080076a4                hci_le_connection_complete_event_process
 .text.hci_le_advertising_report_event_process
                0x0800770c      0x1ba ./Middlewares/ST/BlueNRG-2/hci/bluenrg1_events.o
                0x0800770c                hci_le_advertising_report_event_process
 .text.hci_le_connection_update_complete_event_process
                0x080078c6       0x46 ./Middlewares/ST/BlueNRG-2/hci/bluenrg1_events.o
                0x080078c6                hci_le_connection_update_complete_event_process
 .text.hci_le_read_remote_used_features_complete_event_process
                0x0800790c       0x30 ./Middlewares/ST/BlueNRG-2/hci/bluenrg1_events.o
                0x0800790c                hci_le_read_remote_used_features_complete_event_process
 .text.hci_le_long_term_key_request_event_process
                0x0800793c       0x30 ./Middlewares/ST/BlueNRG-2/hci/bluenrg1_events.o
                0x0800793c                hci_le_long_term_key_request_event_process
 .text.hci_le_data_length_change_event_process
                0x0800796c       0x40 ./Middlewares/ST/BlueNRG-2/hci/bluenrg1_events.o
                0x0800796c                hci_le_data_length_change_event_process
 .text.hci_le_read_local_p256_public_key_complete_event_process
                0x080079ac       0x2a ./Middlewares/ST/BlueNRG-2/hci/bluenrg1_events.o
                0x080079ac                hci_le_read_local_p256_public_key_complete_event_process
 .text.hci_le_generate_dhkey_complete_event_process
                0x080079d6       0x2a ./Middlewares/ST/BlueNRG-2/hci/bluenrg1_events.o
                0x080079d6                hci_le_generate_dhkey_complete_event_process
 .text.hci_le_enhanced_connection_complete_event_process
                0x08007a00       0x7c ./Middlewares/ST/BlueNRG-2/hci/bluenrg1_events.o
                0x08007a00                hci_le_enhanced_connection_complete_event_process
 .text.hci_le_direct_advertising_report_event_process
                0x08007a7c      0x15e ./Middlewares/ST/BlueNRG-2/hci/bluenrg1_events.o
                0x08007a7c                hci_le_direct_advertising_report_event_process
 .text.hci_encryption_change_event
                0x08007bda       0x1e ./Middlewares/ST/BlueNRG-2/hci/bluenrg1_events_cb.o
                0x08007bda                hci_encryption_change_event
 .text.hci_read_remote_version_information_complete_event
                0x08007bf8       0x28 ./Middlewares/ST/BlueNRG-2/hci/bluenrg1_events_cb.o
                0x08007bf8                hci_read_remote_version_information_complete_event
 .text.hci_hardware_error_event
                0x08007c20       0x16 ./Middlewares/ST/BlueNRG-2/hci/bluenrg1_events_cb.o
                0x08007c20                hci_hardware_error_event
 .text.hci_number_of_completed_packets_event
                0x08007c36       0x18 ./Middlewares/ST/BlueNRG-2/hci/bluenrg1_events_cb.o
                0x08007c36                hci_number_of_completed_packets_event
 .text.hci_data_buffer_overflow_event
                0x08007c4e       0x16 ./Middlewares/ST/BlueNRG-2/hci/bluenrg1_events_cb.o
                0x08007c4e                hci_data_buffer_overflow_event
 .text.hci_encryption_key_refresh_complete_event
                0x08007c64       0x1c ./Middlewares/ST/BlueNRG-2/hci/bluenrg1_events_cb.o
                0x08007c64                hci_encryption_key_refresh_complete_event
 .text.hci_le_advertising_report_event
                0x08007c80       0x18 ./Middlewares/ST/BlueNRG-2/hci/bluenrg1_events_cb.o
                0x08007c80                hci_le_advertising_report_event
 .text.hci_le_connection_update_complete_event
                0x08007c98       0x28 ./Middlewares/ST/BlueNRG-2/hci/bluenrg1_events_cb.o
                0x08007c98                hci_le_connection_update_complete_event
 .text.hci_le_read_remote_used_features_complete_event
                0x08007cc0       0x1c ./Middlewares/ST/BlueNRG-2/hci/bluenrg1_events_cb.o
                0x08007cc0                hci_le_read_remote_used_features_complete_event
 .text.hci_le_long_term_key_request_event
                0x08007cdc       0x1c ./Middlewares/ST/BlueNRG-2/hci/bluenrg1_events_cb.o
                0x08007cdc                hci_le_long_term_key_request_event
 .text.hci_le_data_length_change_event
                0x08007cf8       0x28 ./Middlewares/ST/BlueNRG-2/hci/bluenrg1_events_cb.o
                0x08007cf8                hci_le_data_length_change_event
 .text.hci_le_read_local_p256_public_key_complete_event
                0x08007d20       0x18 ./Middlewares/ST/BlueNRG-2/hci/bluenrg1_events_cb.o
                0x08007d20                hci_le_read_local_p256_public_key_complete_event
 .text.hci_le_generate_dhkey_complete_event
                0x08007d38       0x18 ./Middlewares/ST/BlueNRG-2/hci/bluenrg1_events_cb.o
                0x08007d38                hci_le_generate_dhkey_complete_event
 .text.hci_le_enhanced_connection_complete_event
                0x08007d50       0x28 ./Middlewares/ST/BlueNRG-2/hci/bluenrg1_events_cb.o
                0x08007d50                hci_le_enhanced_connection_complete_event
 .text.hci_le_direct_advertising_report_event
                0x08007d78       0x18 ./Middlewares/ST/BlueNRG-2/hci/bluenrg1_events_cb.o
                0x08007d78                hci_le_direct_advertising_report_event
 .text.aci_gap_limited_discoverable_event
                0x08007d90        0xe ./Middlewares/ST/BlueNRG-2/hci/bluenrg1_events_cb.o
                0x08007d90                aci_gap_limited_discoverable_event
 .text.aci_gap_authorization_req_event
                0x08007d9e       0x16 ./Middlewares/ST/BlueNRG-2/hci/bluenrg1_events_cb.o
                0x08007d9e                aci_gap_authorization_req_event
 .text.aci_gap_slave_security_initiated_event
                0x08007db4        0xe ./Middlewares/ST/BlueNRG-2/hci/bluenrg1_events_cb.o
                0x08007db4                aci_gap_slave_security_initiated_event
 .text.aci_gap_bond_lost_event
                0x08007dc2        0xe ./Middlewares/ST/BlueNRG-2/hci/bluenrg1_events_cb.o
                0x08007dc2                aci_gap_bond_lost_event
 .text.aci_gap_proc_complete_event
                0x08007dd0       0x20 ./Middlewares/ST/BlueNRG-2/hci/bluenrg1_events_cb.o
                0x08007dd0                aci_gap_proc_complete_event
 .text.aci_gap_addr_not_resolved_event
                0x08007df0       0x16 ./Middlewares/ST/BlueNRG-2/hci/bluenrg1_events_cb.o
                0x08007df0                aci_gap_addr_not_resolved_event
 .text.aci_gap_numeric_comparison_value_event
                0x08007e06       0x18 ./Middlewares/ST/BlueNRG-2/hci/bluenrg1_events_cb.o
                0x08007e06                aci_gap_numeric_comparison_value_event
 .text.aci_gap_keypress_notification_event
                0x08007e1e       0x1c ./Middlewares/ST/BlueNRG-2/hci/bluenrg1_events_cb.o
                0x08007e1e                aci_gap_keypress_notification_event
 .text.aci_gatt_proc_timeout_event
                0x08007e3a       0x16 ./Middlewares/ST/BlueNRG-2/hci/bluenrg1_events_cb.o
                0x08007e3a                aci_gatt_proc_timeout_event
 .text.aci_att_exchange_mtu_resp_event
                0x08007e50       0x1c ./Middlewares/ST/BlueNRG-2/hci/bluenrg1_events_cb.o
                0x08007e50                aci_att_exchange_mtu_resp_event
 .text.aci_att_find_info_resp_event
                0x08007e6c       0x20 ./Middlewares/ST/BlueNRG-2/hci/bluenrg1_events_cb.o
                0x08007e6c                aci_att_find_info_resp_event
 .text.aci_att_find_by_type_value_resp_event
                0x08007e8c       0x1c ./Middlewares/ST/BlueNRG-2/hci/bluenrg1_events_cb.o
                0x08007e8c                aci_att_find_by_type_value_resp_event
 .text.aci_att_read_by_type_resp_event
                0x08007ea8       0x20 ./Middlewares/ST/BlueNRG-2/hci/bluenrg1_events_cb.o
                0x08007ea8                aci_att_read_by_type_resp_event
 .text.aci_att_read_resp_event
                0x08007ec8       0x1c ./Middlewares/ST/BlueNRG-2/hci/bluenrg1_events_cb.o
                0x08007ec8                aci_att_read_resp_event
 .text.aci_att_read_blob_resp_event
                0x08007ee4       0x1c ./Middlewares/ST/BlueNRG-2/hci/bluenrg1_events_cb.o
                0x08007ee4                aci_att_read_blob_resp_event
 .text.aci_att_read_multiple_resp_event
                0x08007f00       0x1c ./Middlewares/ST/BlueNRG-2/hci/bluenrg1_events_cb.o
                0x08007f00                aci_att_read_multiple_resp_event
 .text.aci_att_read_by_group_type_resp_event
                0x08007f1c       0x20 ./Middlewares/ST/BlueNRG-2/hci/bluenrg1_events_cb.o
                0x08007f1c                aci_att_read_by_group_type_resp_event
 .text.aci_att_prepare_write_resp_event
                0x08007f3c       0x28 ./Middlewares/ST/BlueNRG-2/hci/bluenrg1_events_cb.o
                0x08007f3c                aci_att_prepare_write_resp_event
 .text.aci_att_exec_write_resp_event
                0x08007f64       0x16 ./Middlewares/ST/BlueNRG-2/hci/bluenrg1_events_cb.o
                0x08007f64                aci_att_exec_write_resp_event
 .text.aci_gatt_indication_event
                0x08007f7a       0x20 ./Middlewares/ST/BlueNRG-2/hci/bluenrg1_events_cb.o
                0x08007f7a                aci_gatt_indication_event
 .text.aci_gatt_notification_event
                0x08007f9a       0x20 ./Middlewares/ST/BlueNRG-2/hci/bluenrg1_events_cb.o
                0x08007f9a                aci_gatt_notification_event
 .text.aci_gatt_proc_complete_event
                0x08007fba       0x1c ./Middlewares/ST/BlueNRG-2/hci/bluenrg1_events_cb.o
                0x08007fba                aci_gatt_proc_complete_event
 .text.aci_gatt_error_resp_event
                0x08007fd6       0x28 ./Middlewares/ST/BlueNRG-2/hci/bluenrg1_events_cb.o
                0x08007fd6                aci_gatt_error_resp_event
 .text.aci_gatt_disc_read_char_by_uuid_resp_event
                0x08007ffe       0x20 ./Middlewares/ST/BlueNRG-2/hci/bluenrg1_events_cb.o
                0x08007ffe                aci_gatt_disc_read_char_by_uuid_resp_event
 .text.aci_gatt_write_permit_req_event
                0x0800801e       0x20 ./Middlewares/ST/BlueNRG-2/hci/bluenrg1_events_cb.o
                0x0800801e                aci_gatt_write_permit_req_event
 .text.aci_gatt_read_multi_permit_req_event
                0x0800803e       0x1c ./Middlewares/ST/BlueNRG-2/hci/bluenrg1_events_cb.o
                0x0800803e                aci_gatt_read_multi_permit_req_event
 .text.aci_gatt_tx_pool_available_event
                0x0800805a       0x1c ./Middlewares/ST/BlueNRG-2/hci/bluenrg1_events_cb.o
                0x0800805a                aci_gatt_tx_pool_available_event
 .text.aci_gatt_server_confirmation_event
                0x08008076       0x16 ./Middlewares/ST/BlueNRG-2/hci/bluenrg1_events_cb.o
                0x08008076                aci_gatt_server_confirmation_event
 .text.aci_gatt_prepare_write_permit_req_event
                0x0800808c       0x28 ./Middlewares/ST/BlueNRG-2/hci/bluenrg1_events_cb.o
                0x0800808c                aci_gatt_prepare_write_permit_req_event
 .text.aci_l2cap_connection_update_resp_event
                0x080080b4       0x1c ./Middlewares/ST/BlueNRG-2/hci/bluenrg1_events_cb.o
                0x080080b4                aci_l2cap_connection_update_resp_event
 .text.aci_l2cap_proc_timeout_event
                0x080080d0       0x1c ./Middlewares/ST/BlueNRG-2/hci/bluenrg1_events_cb.o
                0x080080d0                aci_l2cap_proc_timeout_event
 .text.aci_l2cap_connection_update_req_event
                0x080080ec       0x28 ./Middlewares/ST/BlueNRG-2/hci/bluenrg1_events_cb.o
                0x080080ec                aci_l2cap_connection_update_req_event
 .text.aci_l2cap_command_reject_event
                0x08008114       0x28 ./Middlewares/ST/BlueNRG-2/hci/bluenrg1_events_cb.o
                0x08008114                aci_l2cap_command_reject_event
 .text.aci_blue_initialized_event
                0x0800813c       0x16 ./Middlewares/ST/BlueNRG-2/hci/bluenrg1_events_cb.o
                0x0800813c                aci_blue_initialized_event
 .text.aci_blue_events_lost_event
                0x08008152       0x14 ./Middlewares/ST/BlueNRG-2/hci/bluenrg1_events_cb.o
                0x08008152                aci_blue_events_lost_event
 .text.aci_blue_crash_info_event
                0x08008166       0x1c ./Middlewares/ST/BlueNRG-2/hci/bluenrg1_events_cb.o
                0x08008166                aci_blue_crash_info_event
 .text.aci_hal_end_of_radio_activity_event
                0x08008182       0x1c ./Middlewares/ST/BlueNRG-2/hci/bluenrg1_events_cb.o
                0x08008182                aci_hal_end_of_radio_activity_event
 .text.aci_hal_scan_req_report_event
                0x0800819e       0x1c ./Middlewares/ST/BlueNRG-2/hci/bluenrg1_events_cb.o
                0x0800819e                aci_hal_scan_req_report_event
 .text.aci_hal_fw_error_event
                0x080081ba       0x1c ./Middlewares/ST/BlueNRG-2/hci/bluenrg1_events_cb.o
                0x080081ba                aci_hal_fw_error_event
 .text.hci_reset
                0x080081d6       0x52 ./Middlewares/ST/BlueNRG-2/hci/bluenrg1_hci_le.o
                0x080081d6                hci_reset
 .text.hci_read_local_version_information
                0x08008228       0x8c ./Middlewares/ST/BlueNRG-2/hci/bluenrg1_hci_le.o
                0x08008228                hci_read_local_version_information
 .text.hci_le_set_scan_response_data
                0x080082b4       0xf2 ./Middlewares/ST/BlueNRG-2/hci/bluenrg1_hci_le.o
                0x080082b4                hci_le_set_scan_response_data
 .text.aci_gap_set_discoverable
                0x080083a6      0x206 ./Middlewares/ST/BlueNRG-2/hci/controller/bluenrg1_gap_aci.o
                0x080083a6                aci_gap_set_discoverable
 .text.aci_gap_set_io_capability
                0x080085ac       0xba ./Middlewares/ST/BlueNRG-2/hci/controller/bluenrg1_gap_aci.o
                0x080085ac                aci_gap_set_io_capability
 .text.aci_gap_set_authentication_requirement
                0x08008666      0x19a ./Middlewares/ST/BlueNRG-2/hci/controller/bluenrg1_gap_aci.o
                0x08008666                aci_gap_set_authentication_requirement
 .text.aci_gap_pass_key_resp
                0x08008800       0xe0 ./Middlewares/ST/BlueNRG-2/hci/controller/bluenrg1_gap_aci.o
                0x08008800                aci_gap_pass_key_resp
 .text.aci_gap_init
                0x080088e0      0x15a ./Middlewares/ST/BlueNRG-2/hci/controller/bluenrg1_gap_aci.o
                0x080088e0                aci_gap_init
 .text.aci_gap_slave_security_req
                0x08008a3a       0xc0 ./Middlewares/ST/BlueNRG-2/hci/controller/bluenrg1_gap_aci.o
                0x08008a3a                aci_gap_slave_security_req
 .text.aci_gap_update_adv_data
                0x08008afa       0xf6 ./Middlewares/ST/BlueNRG-2/hci/controller/bluenrg1_gap_aci.o
                0x08008afa                aci_gap_update_adv_data
 .text.aci_gap_clear_security_db
                0x08008bf0       0x52 ./Middlewares/ST/BlueNRG-2/hci/controller/bluenrg1_gap_aci.o
                0x08008bf0                aci_gap_clear_security_db
 .text.aci_gatt_init
                0x08008c42       0x54 ./Middlewares/ST/BlueNRG-2/hci/controller/bluenrg1_gatt_aci.o
                0x08008c42                aci_gatt_init
 .text.aci_gatt_add_service
                0x08008c96      0x1ac ./Middlewares/ST/BlueNRG-2/hci/controller/bluenrg1_gatt_aci.o
                0x08008c96                aci_gatt_add_service
 .text.aci_gatt_add_char
                0x08008e42      0x210 ./Middlewares/ST/BlueNRG-2/hci/controller/bluenrg1_gatt_aci.o
                0x08008e42                aci_gatt_add_char
 .text.aci_gatt_update_char_value
                0x08009052      0x164 ./Middlewares/ST/BlueNRG-2/hci/controller/bluenrg1_gatt_aci.o
                0x08009052                aci_gatt_update_char_value
 .text.aci_gatt_allow_read
                0x080091b6       0xbc ./Middlewares/ST/BlueNRG-2/hci/controller/bluenrg1_gatt_aci.o
                0x080091b6                aci_gatt_allow_read
 .text.aci_hal_write_config_data
                0x08009272      0x11c ./Middlewares/ST/BlueNRG-2/hci/controller/bluenrg1_hal_aci.o
                0x08009272                aci_hal_write_config_data
 .text.aci_hal_read_config_data
                0x0800938e      0x108 ./Middlewares/ST/BlueNRG-2/hci/controller/bluenrg1_hal_aci.o
                0x0800938e                aci_hal_read_config_data
 .text.aci_hal_set_tx_power_level
                0x08009496       0xe0 ./Middlewares/ST/BlueNRG-2/hci/controller/bluenrg1_hal_aci.o
                0x08009496                aci_hal_set_tx_power_level
 .text.verify_packet
                0x08009576       0x40 ./Middlewares/ST/BlueNRG-2/hci/hci_tl_patterns/Basic/hci_tl.o
 *fill*         0x080095b6        0x2 
 .text.send_cmd
                0x080095b8       0x84 ./Middlewares/ST/BlueNRG-2/hci/hci_tl_patterns/Basic/hci_tl.o
 .text.move_list
                0x0800963c       0x38 ./Middlewares/ST/BlueNRG-2/hci/hci_tl_patterns/Basic/hci_tl.o
 .text.free_event_list
                0x08009674       0x3c ./Middlewares/ST/BlueNRG-2/hci/hci_tl_patterns/Basic/hci_tl.o
 .text.hci_init
                0x080096b0       0x84 ./Middlewares/ST/BlueNRG-2/hci/hci_tl_patterns/Basic/hci_tl.o
                0x080096b0                hci_init
 .text.hci_register_io_bus
                0x08009734       0x40 ./Middlewares/ST/BlueNRG-2/hci/hci_tl_patterns/Basic/hci_tl.o
                0x08009734                hci_register_io_bus
 .text.hci_send_req
                0x08009774      0x230 ./Middlewares/ST/BlueNRG-2/hci/hci_tl_patterns/Basic/hci_tl.o
                0x08009774                hci_send_req
 .text.hci_user_evt_proc
                0x080099a4       0x58 ./Middlewares/ST/BlueNRG-2/hci/hci_tl_patterns/Basic/hci_tl.o
                0x080099a4                hci_user_evt_proc
 .text.hci_notify_asynch_evt
                0x080099fc       0x9c ./Middlewares/ST/BlueNRG-2/hci/hci_tl_patterns/Basic/hci_tl.o
                0x080099fc                hci_notify_asynch_evt
 .text.list_init_head
                0x08009a98       0x20 ./Middlewares/ST/BlueNRG-2/utils/ble_list.o
                0x08009a98                list_init_head
 .text.list_is_empty
                0x08009ab8       0x44 ./Middlewares/ST/BlueNRG-2/utils/ble_list.o
                0x08009ab8                list_is_empty
 .text.list_insert_head
                0x08009afc       0x4c ./Middlewares/ST/BlueNRG-2/utils/ble_list.o
                0x08009afc                list_insert_head
 .text.list_insert_tail
                0x08009b48       0x4c ./Middlewares/ST/BlueNRG-2/utils/ble_list.o
                0x08009b48                list_insert_tail
 .text.list_remove_node
                0x08009b94       0x42 ./Middlewares/ST/BlueNRG-2/utils/ble_list.o
                0x08009b94                list_remove_node
 .text.list_remove_head
                0x08009bd6       0x4e ./Middlewares/ST/BlueNRG-2/utils/ble_list.o
                0x08009bd6                list_remove_head
 .text.list_remove_tail
                0x08009c24       0x4e ./Middlewares/ST/BlueNRG-2/utils/ble_list.o
                0x08009c24                list_remove_tail
 .text.list_get_size
                0x08009c72       0x50 ./Middlewares/ST/BlueNRG-2/utils/ble_list.o
                0x08009c72                list_get_size
 *fill*         0x08009cc2        0x2 
 .text.srand    0x08009cc4       0x5c C:/ST/STM32CubeIDE_1.19.0/STM32CubeIDE/plugins/com.st.stm32cube.ide.mcu.externaltools.gnu-tools-for-stm32.13.3.rel1.win32_1.0.0.202411081344/tools/bin/../lib/gcc/arm-none-eabi/13.3.1/../../../../arm-none-eabi/lib/thumb/v7e-m+fp/hard\libc_nano.a(libc_a-rand.o)
                0x08009cc4                srand
 .text.rand     0x08009d20       0x7c C:/ST/STM32CubeIDE_1.19.0/STM32CubeIDE/plugins/com.st.stm32cube.ide.mcu.externaltools.gnu-tools-for-stm32.13.3.rel1.win32_1.0.0.202411081344/tools/bin/../lib/gcc/arm-none-eabi/13.3.1/../../../../arm-none-eabi/lib/thumb/v7e-m+fp/hard\libc_nano.a(libc_a-rand.o)
                0x08009d20                rand
 .text.std      0x08009d9c       0x6c C:/ST/STM32CubeIDE_1.19.0/STM32CubeIDE/plugins/com.st.stm32cube.ide.mcu.externaltools.gnu-tools-for-stm32.13.3.rel1.win32_1.0.0.202411081344/tools/bin/../lib/gcc/arm-none-eabi/13.3.1/../../../../arm-none-eabi/lib/thumb/v7e-m+fp/hard\libc_nano.a(libc_a-findfp.o)
 .text.stdio_exit_handler
                0x08009e08       0x18 C:/ST/STM32CubeIDE_1.19.0/STM32CubeIDE/plugins/com.st.stm32cube.ide.mcu.externaltools.gnu-tools-for-stm32.13.3.rel1.win32_1.0.0.202411081344/tools/bin/../lib/gcc/arm-none-eabi/13.3.1/../../../../arm-none-eabi/lib/thumb/v7e-m+fp/hard\libc_nano.a(libc_a-findfp.o)
 .text.cleanup_stdio
                0x08009e20       0x40 C:/ST/STM32CubeIDE_1.19.0/STM32CubeIDE/plugins/com.st.stm32cube.ide.mcu.externaltools.gnu-tools-for-stm32.13.3.rel1.win32_1.0.0.202411081344/tools/bin/../lib/gcc/arm-none-eabi/13.3.1/../../../../arm-none-eabi/lib/thumb/v7e-m+fp/hard\libc_nano.a(libc_a-findfp.o)
 .text.global_stdio_init.part.0
                0x08009e60       0x3c C:/ST/STM32CubeIDE_1.19.0/STM32CubeIDE/plugins/com.st.stm32cube.ide.mcu.externaltools.gnu-tools-for-stm32.13.3.rel1.win32_1.0.0.202411081344/tools/bin/../lib/gcc/arm-none-eabi/13.3.1/../../../../arm-none-eabi/lib/thumb/v7e-m+fp/hard\libc_nano.a(libc_a-findfp.o)
 .text.__sfp_lock_acquire
                0x08009e9c        0xc C:/ST/STM32CubeIDE_1.19.0/STM32CubeIDE/plugins/com.st.stm32cube.ide.mcu.externaltools.gnu-tools-for-stm32.13.3.rel1.win32_1.0.0.202411081344/tools/bin/../lib/gcc/arm-none-eabi/13.3.1/../../../../arm-none-eabi/lib/thumb/v7e-m+fp/hard\libc_nano.a(libc_a-findfp.o)
                0x08009e9c                __sfp_lock_acquire
 .text.__sfp_lock_release
                0x08009ea8        0xc C:/ST/STM32CubeIDE_1.19.0/STM32CubeIDE/plugins/com.st.stm32cube.ide.mcu.externaltools.gnu-tools-for-stm32.13.3.rel1.win32_1.0.0.202411081344/tools/bin/../lib/gcc/arm-none-eabi/13.3.1/../../../../arm-none-eabi/lib/thumb/v7e-m+fp/hard\libc_nano.a(libc_a-findfp.o)
                0x08009ea8                __sfp_lock_release
 .text.__sinit  0x08009eb4       0x30 C:/ST/STM32CubeIDE_1.19.0/STM32CubeIDE/plugins/com.st.stm32cube.ide.mcu.externaltools.gnu-tools-for-stm32.13.3.rel1.win32_1.0.0.202411081344/tools/bin/../lib/gcc/arm-none-eabi/13.3.1/../../../../arm-none-eabi/lib/thumb/v7e-m+fp/hard\libc_nano.a(libc_a-findfp.o)
                0x08009eb4                __sinit
 .text._fwalk_sglue
                0x08009ee4       0x3c C:/ST/STM32CubeIDE_1.19.0/STM32CubeIDE/plugins/com.st.stm32cube.ide.mcu.externaltools.gnu-tools-for-stm32.13.3.rel1.win32_1.0.0.202411081344/tools/bin/../lib/gcc/arm-none-eabi/13.3.1/../../../../arm-none-eabi/lib/thumb/v7e-m+fp/hard\libc_nano.a(libc_a-fwalk.o)
                0x08009ee4                _fwalk_sglue
 .text.__sread  0x08009f20       0x22 C:/ST/STM32CubeIDE_1.19.0/STM32CubeIDE/plugins/com.st.stm32cube.ide.mcu.externaltools.gnu-tools-for-stm32.13.3.rel1.win32_1.0.0.202411081344/tools/bin/../lib/gcc/arm-none-eabi/13.3.1/../../../../arm-none-eabi/lib/thumb/v7e-m+fp/hard\libc_nano.a(libc_a-stdio.o)
                0x08009f20                __sread
 .text.__swrite
                0x08009f42       0x38 C:/ST/STM32CubeIDE_1.19.0/STM32CubeIDE/plugins/com.st.stm32cube.ide.mcu.externaltools.gnu-tools-for-stm32.13.3.rel1.win32_1.0.0.202411081344/tools/bin/../lib/gcc/arm-none-eabi/13.3.1/../../../../arm-none-eabi/lib/thumb/v7e-m+fp/hard\libc_nano.a(libc_a-stdio.o)
                0x08009f42                __swrite
 .text.__sseek  0x08009f7a       0x24 C:/ST/STM32CubeIDE_1.19.0/STM32CubeIDE/plugins/com.st.stm32cube.ide.mcu.externaltools.gnu-tools-for-stm32.13.3.rel1.win32_1.0.0.202411081344/tools/bin/../lib/gcc/arm-none-eabi/13.3.1/../../../../arm-none-eabi/lib/thumb/v7e-m+fp/hard\libc_nano.a(libc_a-stdio.o)
                0x08009f7a                __sseek
 .text.__sclose
                0x08009f9e        0x8 C:/ST/STM32CubeIDE_1.19.0/STM32CubeIDE/plugins/com.st.stm32cube.ide.mcu.externaltools.gnu-tools-for-stm32.13.3.rel1.win32_1.0.0.202411081344/tools/bin/../lib/gcc/arm-none-eabi/13.3.1/../../../../arm-none-eabi/lib/thumb/v7e-m+fp/hard\libc_nano.a(libc_a-stdio.o)
                0x08009f9e                __sclose
 .text.memset   0x08009fa6       0x10 C:/ST/STM32CubeIDE_1.19.0/STM32CubeIDE/plugins/com.st.stm32cube.ide.mcu.externaltools.gnu-tools-for-stm32.13.3.rel1.win32_1.0.0.202411081344/tools/bin/../lib/gcc/arm-none-eabi/13.3.1/../../../../arm-none-eabi/lib/thumb/v7e-m+fp/hard\libc_nano.a(libc_a-memset.o)
                0x08009fa6                memset
 *fill*         0x08009fb6        0x2 
 .text._close_r
                0x08009fb8       0x20 C:/ST/STM32CubeIDE_1.19.0/STM32CubeIDE/plugins/com.st.stm32cube.ide.mcu.externaltools.gnu-tools-for-stm32.13.3.rel1.win32_1.0.0.202411081344/tools/bin/../lib/gcc/arm-none-eabi/13.3.1/../../../../arm-none-eabi/lib/thumb/v7e-m+fp/hard\libc_nano.a(libc_a-closer.o)
                0x08009fb8                _close_r
 .text._lseek_r
                0x08009fd8       0x24 C:/ST/STM32CubeIDE_1.19.0/STM32CubeIDE/plugins/com.st.stm32cube.ide.mcu.externaltools.gnu-tools-for-stm32.13.3.rel1.win32_1.0.0.202411081344/tools/bin/../lib/gcc/arm-none-eabi/13.3.1/../../../../arm-none-eabi/lib/thumb/v7e-m+fp/hard\libc_nano.a(libc_a-lseekr.o)
                0x08009fd8                _lseek_r
 .text._read_r  0x08009ffc       0x24 C:/ST/STM32CubeIDE_1.19.0/STM32CubeIDE/plugins/com.st.stm32cube.ide.mcu.externaltools.gnu-tools-for-stm32.13.3.rel1.win32_1.0.0.202411081344/tools/bin/../lib/gcc/arm-none-eabi/13.3.1/../../../../arm-none-eabi/lib/thumb/v7e-m+fp/hard\libc_nano.a(libc_a-readr.o)
                0x08009ffc                _read_r
 .text._write_r
                0x0800a020       0x24 C:/ST/STM32CubeIDE_1.19.0/STM32CubeIDE/plugins/com.st.stm32cube.ide.mcu.externaltools.gnu-tools-for-stm32.13.3.rel1.win32_1.0.0.202411081344/tools/bin/../lib/gcc/arm-none-eabi/13.3.1/../../../../arm-none-eabi/lib/thumb/v7e-m+fp/hard\libc_nano.a(libc_a-writer.o)
                0x0800a020                _write_r
 .text.__errno  0x0800a044        0xc C:/ST/STM32CubeIDE_1.19.0/STM32CubeIDE/plugins/com.st.stm32cube.ide.mcu.externaltools.gnu-tools-for-stm32.13.3.rel1.win32_1.0.0.202411081344/tools/bin/../lib/gcc/arm-none-eabi/13.3.1/../../../../arm-none-eabi/lib/thumb/v7e-m+fp/hard\libc_nano.a(libc_a-errno.o)
                0x0800a044                __errno
 .text.__libc_init_array
                0x0800a050       0x48 C:/ST/STM32CubeIDE_1.19.0/STM32CubeIDE/plugins/com.st.stm32cube.ide.mcu.externaltools.gnu-tools-for-stm32.13.3.rel1.win32_1.0.0.202411081344/tools/bin/../lib/gcc/arm-none-eabi/13.3.1/../../../../arm-none-eabi/lib/thumb/v7e-m+fp/hard\libc_nano.a(libc_a-init.o)
                0x0800a050                __libc_init_array
 .text.__retarget_lock_init_recursive
                0x0800a098        0x2 C:/ST/STM32CubeIDE_1.19.0/STM32CubeIDE/plugins/com.st.stm32cube.ide.mcu.externaltools.gnu-tools-for-stm32.13.3.rel1.win32_1.0.0.202411081344/tools/bin/../lib/gcc/arm-none-eabi/13.3.1/../../../../arm-none-eabi/lib/thumb/v7e-m+fp/hard\libc_nano.a(libc_a-lock.o)
                0x0800a098                __retarget_lock_init_recursive
 .text.__retarget_lock_acquire_recursive
                0x0800a09a        0x2 C:/ST/STM32CubeIDE_1.19.0/STM32CubeIDE/plugins/com.st.stm32cube.ide.mcu.externaltools.gnu-tools-for-stm32.13.3.rel1.win32_1.0.0.202411081344/tools/bin/../lib/gcc/arm-none-eabi/13.3.1/../../../../arm-none-eabi/lib/thumb/v7e-m+fp/hard\libc_nano.a(libc_a-lock.o)
                0x0800a09a                __retarget_lock_acquire_recursive
 .text.__retarget_lock_release_recursive
                0x0800a09c        0x2 C:/ST/STM32CubeIDE_1.19.0/STM32CubeIDE/plugins/com.st.stm32cube.ide.mcu.externaltools.gnu-tools-for-stm32.13.3.rel1.win32_1.0.0.202411081344/tools/bin/../lib/gcc/arm-none-eabi/13.3.1/../../../../arm-none-eabi/lib/thumb/v7e-m+fp/hard\libc_nano.a(libc_a-lock.o)
                0x0800a09c                __retarget_lock_release_recursive
 .text.memcpy   0x0800a09e       0x1c C:/ST/STM32CubeIDE_1.19.0/STM32CubeIDE/plugins/com.st.stm32cube.ide.mcu.externaltools.gnu-tools-for-stm32.13.3.rel1.win32_1.0.0.202411081344/tools/bin/../lib/gcc/arm-none-eabi/13.3.1/../../../../arm-none-eabi/lib/thumb/v7e-m+fp/hard\libc_nano.a(libc_a-memcpy-stub.o)
                0x0800a09e                memcpy
 *fill*         0x0800a0ba        0x2 
 .text.__assert_func
                0x0800a0bc       0x3c C:/ST/STM32CubeIDE_1.19.0/STM32CubeIDE/plugins/com.st.stm32cube.ide.mcu.externaltools.gnu-tools-for-stm32.13.3.rel1.win32_1.0.0.202411081344/tools/bin/../lib/gcc/arm-none-eabi/13.3.1/../../../../arm-none-eabi/lib/thumb/v7e-m+fp/hard\libc_nano.a(libc_a-assert.o)
                0x0800a0bc                __assert_func
 .text._free_r  0x0800a0f8       0x94 C:/ST/STM32CubeIDE_1.19.0/STM32CubeIDE/plugins/com.st.stm32cube.ide.mcu.externaltools.gnu-tools-for-stm32.13.3.rel1.win32_1.0.0.202411081344/tools/bin/../lib/gcc/arm-none-eabi/13.3.1/../../../../arm-none-eabi/lib/thumb/v7e-m+fp/hard\libc_nano.a(libc_a-freer.o)
                0x0800a0f8                _free_r
 .text.malloc   0x0800a18c       0x10 C:/ST/STM32CubeIDE_1.19.0/STM32CubeIDE/plugins/com.st.stm32cube.ide.mcu.externaltools.gnu-tools-for-stm32.13.3.rel1.win32_1.0.0.202411081344/tools/bin/../lib/gcc/arm-none-eabi/13.3.1/../../../../arm-none-eabi/lib/thumb/v7e-m+fp/hard\libc_nano.a(libc_a-malloc.o)
                0x0800a18c                malloc
 .text.sbrk_aligned
                0x0800a19c       0x44 C:/ST/STM32CubeIDE_1.19.0/STM32CubeIDE/plugins/com.st.stm32cube.ide.mcu.externaltools.gnu-tools-for-stm32.13.3.rel1.win32_1.0.0.202411081344/tools/bin/../lib/gcc/arm-none-eabi/13.3.1/../../../../arm-none-eabi/lib/thumb/v7e-m+fp/hard\libc_nano.a(libc_a-mallocr.o)
 .text._malloc_r
                0x0800a1e0      0x100 C:/ST/STM32CubeIDE_1.19.0/STM32CubeIDE/plugins/com.st.stm32cube.ide.mcu.externaltools.gnu-tools-for-stm32.13.3.rel1.win32_1.0.0.202411081344/tools/bin/../lib/gcc/arm-none-eabi/13.3.1/../../../../arm-none-eabi/lib/thumb/v7e-m+fp/hard\libc_nano.a(libc_a-mallocr.o)
                0x0800a1e0                _malloc_r
 .text.__malloc_lock
                0x0800a2e0        0xc C:/ST/STM32CubeIDE_1.19.0/STM32CubeIDE/plugins/com.st.stm32cube.ide.mcu.externaltools.gnu-tools-for-stm32.13.3.rel1.win32_1.0.0.202411081344/tools/bin/../lib/gcc/arm-none-eabi/13.3.1/../../../../arm-none-eabi/lib/thumb/v7e-m+fp/hard\libc_nano.a(libc_a-mlock.o)
                0x0800a2e0                __malloc_lock
 .text.__malloc_unlock
                0x0800a2ec        0xc C:/ST/STM32CubeIDE_1.19.0/STM32CubeIDE/plugins/com.st.stm32cube.ide.mcu.externaltools.gnu-tools-for-stm32.13.3.rel1.win32_1.0.0.202411081344/tools/bin/../lib/gcc/arm-none-eabi/13.3.1/../../../../arm-none-eabi/lib/thumb/v7e-m+fp/hard\libc_nano.a(libc_a-mlock.o)
                0x0800a2ec                __malloc_unlock
 .text.__sflush_r
                0x0800a2f8      0x108 C:/ST/STM32CubeIDE_1.19.0/STM32CubeIDE/plugins/com.st.stm32cube.ide.mcu.externaltools.gnu-tools-for-stm32.13.3.rel1.win32_1.0.0.202411081344/tools/bin/../lib/gcc/arm-none-eabi/13.3.1/../../../../arm-none-eabi/lib/thumb/v7e-m+fp/hard\libc_nano.a(libc_a-fflush.o)
                0x0800a2f8                __sflush_r
 .text._fflush_r
                0x0800a400       0x50 C:/ST/STM32CubeIDE_1.19.0/STM32CubeIDE/plugins/com.st.stm32cube.ide.mcu.externaltools.gnu-tools-for-stm32.13.3.rel1.win32_1.0.0.202411081344/tools/bin/../lib/gcc/arm-none-eabi/13.3.1/../../../../arm-none-eabi/lib/thumb/v7e-m+fp/hard\libc_nano.a(libc_a-fflush.o)
                0x0800a400                _fflush_r
 .text.fprintf  0x0800a450       0x24 C:/ST/STM32CubeIDE_1.19.0/STM32CubeIDE/plugins/com.st.stm32cube.ide.mcu.externaltools.gnu-tools-for-stm32.13.3.rel1.win32_1.0.0.202411081344/tools/bin/../lib/gcc/arm-none-eabi/13.3.1/../../../../arm-none-eabi/lib/thumb/v7e-m+fp/hard\libc_nano.a(libc_a-fprintf.o)
                0x0800a450                fiprintf
                0x0800a450                fprintf
 .text._sbrk_r  0x0800a474       0x20 C:/ST/STM32CubeIDE_1.19.0/STM32CubeIDE/plugins/com.st.stm32cube.ide.mcu.externaltools.gnu-tools-for-stm32.13.3.rel1.win32_1.0.0.202411081344/tools/bin/../lib/gcc/arm-none-eabi/13.3.1/../../../../arm-none-eabi/lib/thumb/v7e-m+fp/hard\libc_nano.a(libc_a-sbrkr.o)
                0x0800a474                _sbrk_r
 .text.abort    0x0800a494        0xe C:/ST/STM32CubeIDE_1.19.0/STM32CubeIDE/plugins/com.st.stm32cube.ide.mcu.externaltools.gnu-tools-for-stm32.13.3.rel1.win32_1.0.0.202411081344/tools/bin/../lib/gcc/arm-none-eabi/13.3.1/../../../../arm-none-eabi/lib/thumb/v7e-m+fp/hard\libc_nano.a(libc_a-abort.o)
                0x0800a494                abort
 .text.__sfputc_r
                0x0800a4a2       0x2e C:/ST/STM32CubeIDE_1.19.0/STM32CubeIDE/plugins/com.st.stm32cube.ide.mcu.externaltools.gnu-tools-for-stm32.13.3.rel1.win32_1.0.0.202411081344/tools/bin/../lib/gcc/arm-none-eabi/13.3.1/../../../../arm-none-eabi/lib/thumb/v7e-m+fp/hard\libc_nano.a(libc_a-nano-vfprintf.o)
 .text.__sfputs_r
                0x0800a4d0       0x24 C:/ST/STM32CubeIDE_1.19.0/STM32CubeIDE/plugins/com.st.stm32cube.ide.mcu.externaltools.gnu-tools-for-stm32.13.3.rel1.win32_1.0.0.202411081344/tools/bin/../lib/gcc/arm-none-eabi/13.3.1/../../../../arm-none-eabi/lib/thumb/v7e-m+fp/hard\libc_nano.a(libc_a-nano-vfprintf.o)
                0x0800a4d0                __sfputs_r
 .text._vfprintf_r
                0x0800a4f4      0x230 C:/ST/STM32CubeIDE_1.19.0/STM32CubeIDE/plugins/com.st.stm32cube.ide.mcu.externaltools.gnu-tools-for-stm32.13.3.rel1.win32_1.0.0.202411081344/tools/bin/../lib/gcc/arm-none-eabi/13.3.1/../../../../arm-none-eabi/lib/thumb/v7e-m+fp/hard\libc_nano.a(libc_a-nano-vfprintf.o)
                0x0800a4f4                _vfprintf_r
                0x0800a4f4                _vfiprintf_r
 .text._printf_common
                0x0800a724       0xda C:/ST/STM32CubeIDE_1.19.0/STM32CubeIDE/plugins/com.st.stm32cube.ide.mcu.externaltools.gnu-tools-for-stm32.13.3.rel1.win32_1.0.0.202411081344/tools/bin/../lib/gcc/arm-none-eabi/13.3.1/../../../../arm-none-eabi/lib/thumb/v7e-m+fp/hard\libc_nano.a(libc_a-nano-vfprintf_i.o)
                0x0800a724                _printf_common
 *fill*         0x0800a7fe        0x2 
 .text._printf_i
                0x0800a800      0x23c C:/ST/STM32CubeIDE_1.19.0/STM32CubeIDE/plugins/com.st.stm32cube.ide.mcu.externaltools.gnu-tools-for-stm32.13.3.rel1.win32_1.0.0.202411081344/tools/bin/../lib/gcc/arm-none-eabi/13.3.1/../../../../arm-none-eabi/lib/thumb/v7e-m+fp/hard\libc_nano.a(libc_a-nano-vfprintf_i.o)
                0x0800a800                _printf_i
 .text.__swbuf_r
                0x0800aa3c       0x7c C:/ST/STM32CubeIDE_1.19.0/STM32CubeIDE/plugins/com.st.stm32cube.ide.mcu.externaltools.gnu-tools-for-stm32.13.3.rel1.win32_1.0.0.202411081344/tools/bin/../lib/gcc/arm-none-eabi/13.3.1/../../../../arm-none-eabi/lib/thumb/v7e-m+fp/hard\libc_nano.a(libc_a-wbuf.o)
                0x0800aa3c                __swbuf_r
 .text.__swsetup_r
                0x0800aab8       0xac C:/ST/STM32CubeIDE_1.19.0/STM32CubeIDE/plugins/com.st.stm32cube.ide.mcu.externaltools.gnu-tools-for-stm32.13.3.rel1.win32_1.0.0.202411081344/tools/bin/../lib/gcc/arm-none-eabi/13.3.1/../../../../arm-none-eabi/lib/thumb/v7e-m+fp/hard\libc_nano.a(libc_a-wsetup.o)
                0x0800aab8                __swsetup_r
 .text._raise_r
                0x0800ab64       0x50 C:/ST/STM32CubeIDE_1.19.0/STM32CubeIDE/plugins/com.st.stm32cube.ide.mcu.externaltools.gnu-tools-for-stm32.13.3.rel1.win32_1.0.0.202411081344/tools/bin/../lib/gcc/arm-none-eabi/13.3.1/../../../../arm-none-eabi/lib/thumb/v7e-m+fp/hard\libc_nano.a(libc_a-signal.o)
                0x0800ab64                _raise_r
 .text.raise    0x0800abb4       0x10 C:/ST/STM32CubeIDE_1.19.0/STM32CubeIDE/plugins/com.st.stm32cube.ide.mcu.externaltools.gnu-tools-for-stm32.13.3.rel1.win32_1.0.0.202411081344/tools/bin/../lib/gcc/arm-none-eabi/13.3.1/../../../../arm-none-eabi/lib/thumb/v7e-m+fp/hard\libc_nano.a(libc_a-signal.o)
                0x0800abb4                raise
 .text._kill_r  0x0800abc4       0x24 C:/ST/STM32CubeIDE_1.19.0/STM32CubeIDE/plugins/com.st.stm32cube.ide.mcu.externaltools.gnu-tools-for-stm32.13.3.rel1.win32_1.0.0.202411081344/tools/bin/../lib/gcc/arm-none-eabi/13.3.1/../../../../arm-none-eabi/lib/thumb/v7e-m+fp/hard\libc_nano.a(libc_a-signalr.o)
                0x0800abc4                _kill_r
 .text._getpid_r
                0x0800abe8        0x4 C:/ST/STM32CubeIDE_1.19.0/STM32CubeIDE/plugins/com.st.stm32cube.ide.mcu.externaltools.gnu-tools-for-stm32.13.3.rel1.win32_1.0.0.202411081344/tools/bin/../lib/gcc/arm-none-eabi/13.3.1/../../../../arm-none-eabi/lib/thumb/v7e-m+fp/hard\libc_nano.a(libc_a-signalr.o)
                0x0800abe8                _getpid_r
 .text.__swhatbuf_r
                0x0800abec       0x4c C:/ST/STM32CubeIDE_1.19.0/STM32CubeIDE/plugins/com.st.stm32cube.ide.mcu.externaltools.gnu-tools-for-stm32.13.3.rel1.win32_1.0.0.202411081344/tools/bin/../lib/gcc/arm-none-eabi/13.3.1/../../../../arm-none-eabi/lib/thumb/v7e-m+fp/hard\libc_nano.a(libc_a-makebuf.o)
                0x0800abec                __swhatbuf_r
 .text.__smakebuf_r
                0x0800ac38       0x78 C:/ST/STM32CubeIDE_1.19.0/STM32CubeIDE/plugins/com.st.stm32cube.ide.mcu.externaltools.gnu-tools-for-stm32.13.3.rel1.win32_1.0.0.202411081344/tools/bin/../lib/gcc/arm-none-eabi/13.3.1/../../../../arm-none-eabi/lib/thumb/v7e-m+fp/hard\libc_nano.a(libc_a-makebuf.o)
                0x0800ac38                __smakebuf_r
 .text._fstat_r
                0x0800acb0       0x24 C:/ST/STM32CubeIDE_1.19.0/STM32CubeIDE/plugins/com.st.stm32cube.ide.mcu.externaltools.gnu-tools-for-stm32.13.3.rel1.win32_1.0.0.202411081344/tools/bin/../lib/gcc/arm-none-eabi/13.3.1/../../../../arm-none-eabi/lib/thumb/v7e-m+fp/hard\libc_nano.a(libc_a-fstatr.o)
                0x0800acb0                _fstat_r
 .text._isatty_r
                0x0800acd4       0x20 C:/ST/STM32CubeIDE_1.19.0/STM32CubeIDE/plugins/com.st.stm32cube.ide.mcu.externaltools.gnu-tools-for-stm32.13.3.rel1.win32_1.0.0.202411081344/tools/bin/../lib/gcc/arm-none-eabi/13.3.1/../../../../arm-none-eabi/lib/thumb/v7e-m+fp/hard\libc_nano.a(libc_a-isattyr.o)
                0x0800acd4                _isatty_r
 *(.glue_7)
 .glue_7        0x0800acf4        0x0 linker stubs
 *(.glue_7t)
 .glue_7t       0x0800acf4        0x0 linker stubs
 *(.eh_frame)
 .eh_frame      0x0800acf4        0x0 C:/ST/STM32CubeIDE_1.19.0/STM32CubeIDE/plugins/com.st.stm32cube.ide.mcu.externaltools.gnu-tools-for-stm32.13.3.rel1.win32_1.0.0.202411081344/tools/bin/../lib/gcc/arm-none-eabi/13.3.1/thumb/v7e-m+fp/hard/crtbegin.o
 *(.init)
 .init          0x0800acf4        0x4 C:/ST/STM32CubeIDE_1.19.0/STM32CubeIDE/plugins/com.st.stm32cube.ide.mcu.externaltools.gnu-tools-for-stm32.13.3.rel1.win32_1.0.0.202411081344/tools/bin/../lib/gcc/arm-none-eabi/13.3.1/thumb/v7e-m+fp/hard/crti.o
                0x0800acf4                _init
 .init          0x0800acf8        0x8 C:/ST/STM32CubeIDE_1.19.0/STM32CubeIDE/plugins/com.st.stm32cube.ide.mcu.externaltools.gnu-tools-for-stm32.13.3.rel1.win32_1.0.0.202411081344/tools/bin/../lib/gcc/arm-none-eabi/13.3.1/thumb/v7e-m+fp/hard/crtn.o
 *(.fini)
 .fini          0x0800ad00        0x4 C:/ST/STM32CubeIDE_1.19.0/STM32CubeIDE/plugins/com.st.stm32cube.ide.mcu.externaltools.gnu-tools-for-stm32.13.3.rel1.win32_1.0.0.202411081344/tools/bin/../lib/gcc/arm-none-eabi/13.3.1/thumb/v7e-m+fp/hard/crti.o
                0x0800ad00                _fini
 .fini          0x0800ad04        0x8 C:/ST/STM32CubeIDE_1.19.0/STM32CubeIDE/plugins/com.st.stm32cube.ide.mcu.externaltools.gnu-tools-for-stm32.13.3.rel1.win32_1.0.0.202411081344/tools/bin/../lib/gcc/arm-none-eabi/13.3.1/thumb/v7e-m+fp/hard/crtn.o
                0x0800ad0c                        . = ALIGN (0x4)
                0x0800ad0c                        _etext = .

.vfp11_veneer   0x0800ad0c        0x0
 .vfp11_veneer  0x0800ad0c        0x0 linker stubs

.v4_bx          0x0800ad0c        0x0
 .v4_bx         0x0800ad0c        0x0 linker stubs

.iplt           0x0800ad0c        0x0
 .iplt          0x0800ad0c        0x0 C:/ST/STM32CubeIDE_1.19.0/STM32CubeIDE/plugins/com.st.stm32cube.ide.mcu.externaltools.gnu-tools-for-stm32.13.3.rel1.win32_1.0.0.202411081344/tools/bin/../lib/gcc/arm-none-eabi/13.3.1/thumb/v7e-m+fp/hard/crtbegin.o

.rodata         0x0800ad0c      0x354
                0x0800ad0c                        . = ALIGN (0x4)
 *(.rodata)
 .rodata        0x0800ad0c        0x7 ./BlueNRG_2/App/app_bluenrg_2.o
 *fill*         0x0800ad13        0x1 
 .rodata        0x0800ad14        0x8 ./BlueNRG_2/App/sensor.o
 *(.rodata*)
 .rodata.BLE_UART_SERVICE_UUID
                0x0800ad1c       0x10 ./BlueNRG_2/App/ble_uart.o
 .rodata.BLE_UART_TX_UUID
                0x0800ad2c       0x10 ./BlueNRG_2/App/ble_uart.o
 .rodata.BLE_UART_RX_UUID
                0x0800ad3c       0x10 ./BlueNRG_2/App/ble_uart.o
 .rodata.AHBPrescTable
                0x0800ad4c       0x10 ./Core/Src/system_stm32g4xx.o
                0x0800ad4c                AHBPrescTable
 .rodata.APBPrescTable
                0x0800ad5c        0x8 ./Core/Src/system_stm32g4xx.o
                0x0800ad5c                APBPrescTable
 .rodata.LedGpioInit.4
                0x0800ad64        0x4 ./Drivers/BSP/custom/custom.o
 .rodata.ButtonGpioInit.3
                0x0800ad68        0x4 ./Drivers/BSP/custom/custom.o
 .rodata.BUTTON_EXTI_LINE.2
                0x0800ad6c        0x4 ./Drivers/BSP/custom/custom.o
 .rodata.ButtonCallback.1
                0x0800ad70        0x4 ./Drivers/BSP/custom/custom.o
 .rodata.BSP_BUTTON_PRIO.0
                0x0800ad74        0x4 ./Drivers/BSP/custom/custom.o
 .rodata.UARTPrescTable
                0x0800ad78       0x18 ./Drivers/STM32G4xx_HAL_Driver/Src/stm32g4xx_hal_uart.o
                0x0800ad78                UARTPrescTable
 .rodata.numerator.1
                0x0800ad90        0x8 ./Drivers/STM32G4xx_HAL_Driver/Src/stm32g4xx_hal_uart_ex.o
 .rodata.denominator.0
                0x0800ad98        0x8 ./Drivers/STM32G4xx_HAL_Driver/Src/stm32g4xx_hal_uart_ex.o
 .rodata.hci_events_table
                0x0800ada0       0x38 ./Middlewares/ST/BlueNRG-2/hci/bluenrg1_events.o
                0x0800ada0                hci_events_table
 .rodata.hci_le_meta_events_table
                0x0800add8       0x50 ./Middlewares/ST/BlueNRG-2/hci/bluenrg1_events.o
                0x0800add8                hci_le_meta_events_table
 .rodata.hci_vendor_specific_events_table
                0x0800ae28      0x158 ./Middlewares/ST/BlueNRG-2/hci/bluenrg1_events.o
                0x0800ae28                hci_vendor_specific_events_table
 .rodata.srand.str1.1
                0x0800af80       0xde C:/ST/STM32CubeIDE_1.19.0/STM32CubeIDE/plugins/com.st.stm32cube.ide.mcu.externaltools.gnu-tools-for-stm32.13.3.rel1.win32_1.0.0.202411081344/tools/bin/../lib/gcc/arm-none-eabi/13.3.1/../../../../arm-none-eabi/lib/thumb/v7e-m+fp/hard\libc_nano.a(libc_a-rand.o)
                                 0x6f (size before relaxing)
 .rodata.__assert_func.str1.1
                0x0800b05e       0x3d C:/ST/STM32CubeIDE_1.19.0/STM32CubeIDE/plugins/com.st.stm32cube.ide.mcu.externaltools.gnu-tools-for-stm32.13.3.rel1.win32_1.0.0.202411081344/tools/bin/../lib/gcc/arm-none-eabi/13.3.1/../../../../arm-none-eabi/lib/thumb/v7e-m+fp/hard\libc_nano.a(libc_a-assert.o)
 .rodata._vfprintf_r.str1.1
                0x0800b05e       0x11 C:/ST/STM32CubeIDE_1.19.0/STM32CubeIDE/plugins/com.st.stm32cube.ide.mcu.externaltools.gnu-tools-for-stm32.13.3.rel1.win32_1.0.0.202411081344/tools/bin/../lib/gcc/arm-none-eabi/13.3.1/../../../../arm-none-eabi/lib/thumb/v7e-m+fp/hard\libc_nano.a(libc_a-nano-vfprintf.o)
 .rodata._printf_i.str1.1
                0x0800b05e       0x22 C:/ST/STM32CubeIDE_1.19.0/STM32CubeIDE/plugins/com.st.stm32cube.ide.mcu.externaltools.gnu-tools-for-stm32.13.3.rel1.win32_1.0.0.202411081344/tools/bin/../lib/gcc/arm-none-eabi/13.3.1/../../../../arm-none-eabi/lib/thumb/v7e-m+fp/hard\libc_nano.a(libc_a-nano-vfprintf_i.o)
                0x0800b09c                        . = ALIGN (0x4)
 *fill*         0x0800b05e        0x2 

.ARM.extab      0x0800b060        0x0
                0x0800b060                        . = ALIGN (0x4)
 *(.ARM.extab* .gnu.linkonce.armextab.*)
                0x0800b060                        . = ALIGN (0x4)

.ARM            0x0800b060        0x8
                0x0800b060                        . = ALIGN (0x4)
                0x0800b060                        __exidx_start = .
 *(.ARM.exidx*)
 .ARM.exidx     0x0800b060        0x8 C:/ST/STM32CubeIDE_1.19.0/STM32CubeIDE/plugins/com.st.stm32cube.ide.mcu.externaltools.gnu-tools-for-stm32.13.3.rel1.win32_1.0.0.202411081344/tools/bin/../lib/gcc/arm-none-eabi/13.3.1/../../../../arm-none-eabi/lib/thumb/v7e-m+fp/hard\libc_nano.a(libc_a-memchr.o)
 .ARM.exidx     0x0800b068        0x0 C:/ST/STM32CubeIDE_1.19.0/STM32CubeIDE/plugins/com.st.stm32cube.ide.mcu.externaltools.gnu-tools-for-stm32.13.3.rel1.win32_1.0.0.202411081344/tools/bin/../lib/gcc/arm-none-eabi/13.3.1/thumb/v7e-m+fp/hard\libgcc.a(_udivmoddi4.o)
                                  0x8 (size before relaxing)
                0x0800b068                        __exidx_end = .
                0x0800b068                        . = ALIGN (0x4)

.preinit_array  0x0800b068        0x0
                0x0800b068                        . = ALIGN (0x4)
                0x0800b068                        PROVIDE (__preinit_array_start = .)
 *(.preinit_array*)
                0x0800b068                        PROVIDE (__preinit_array_end = .)
                0x0800b068                        . = ALIGN (0x4)

.init_array     0x0800b068        0x4
                0x0800b068                        . = ALIGN (0x4)
                0x0800b068                        PROVIDE (__init_array_start = .)
 *(SORT_BY_NAME(.init_array.*))
 *(.init_array*)
 .init_array    0x0800b068        0x4 C:/ST/STM32CubeIDE_1.19.0/STM32CubeIDE/plugins/com.st.stm32cube.ide.mcu.externaltools.gnu-tools-for-stm32.13.3.rel1.win32_1.0.0.202411081344/tools/bin/../lib/gcc/arm-none-eabi/13.3.1/thumb/v7e-m+fp/hard/crtbegin.o
                0x0800b06c                        PROVIDE (__init_array_end = .)
                0x0800b06c                        . = ALIGN (0x4)

.fini_array     0x0800b06c        0x4
                0x0800b06c                        . = ALIGN (0x4)
                [!provide]                        PROVIDE (__fini_array_start = .)
 *(SORT_BY_NAME(.fini_array.*))
 *(.fini_array*)
 .fini_array    0x0800b06c        0x4 C:/ST/STM32CubeIDE_1.19.0/STM32CubeIDE/plugins/com.st.stm32cube.ide.mcu.externaltools.gnu-tools-for-stm32.13.3.rel1.win32_1.0.0.202411081344/tools/bin/../lib/gcc/arm-none-eabi/13.3.1/thumb/v7e-m+fp/hard/crtbegin.o
                [!provide]                        PROVIDE (__fini_array_end = .)
                0x0800b070                        . = ALIGN (0x4)
                0x0800b070                        _sidata = LOADADDR (.data)

.rel.dyn        0x0800b070        0x0
 .rel.iplt      0x0800b070        0x0 C:/ST/STM32CubeIDE_1.19.0/STM32CubeIDE/plugins/com.st.stm32cube.ide.mcu.externaltools.gnu-tools-for-stm32.13.3.rel1.win32_1.0.0.202411081344/tools/bin/../lib/gcc/arm-none-eabi/13.3.1/thumb/v7e-m+fp/hard/crtbegin.o

.data           0x20000000       0x80 load address 0x0800b070
                0x20000000                        . = ALIGN (0x4)
                0x20000000                        _sdata = .
 *(.data)
 *(.data*)
 .data.user_button_init_state
                0x20000000        0x1 ./BlueNRG_2/App/app_bluenrg_2.o
 .data.set_connectable
                0x20000001        0x1 ./BlueNRG_2/App/sensor.o
                0x20000001                set_connectable
 *fill*         0x20000002        0x2 
 .data.SystemCoreClock
                0x20000004        0x4 ./Core/Src/system_stm32g4xx.o
                0x20000004                SystemCoreClock
 .data.LED_PORT
                0x20000008        0x4 ./Drivers/BSP/custom/custom.o
 .data.BUTTON_PORT
                0x2000000c        0x4 ./Drivers/BSP/custom/custom.o
 .data.hpb_exti
                0x20000010        0x8 ./Drivers/BSP/custom/custom.o
                0x20000010                hpb_exti
 .data.COM_USART